Archive member included to satisfy reference by file (symbol)

/home/andres/Documentos/nordic-toolchain/gcc-arm-none-eabi-8-2018-q4-major/bin/../lib/gcc/arm-none-eabi/8.2.1/../../../../arm-none-eabi/lib/thumb/v7e-m+fp/hard/libc_nano.a(lib_a-ctype_.o)
                              _build/nrf52832_xxaa/nrf_log_str_formatter.c.o (_ctype_)
/home/andres/Documentos/nordic-toolchain/gcc-arm-none-eabi-8-2018-q4-major/bin/../lib/gcc/arm-none-eabi/8.2.1/../../../../arm-none-eabi/lib/thumb/v7e-m+fp/hard/libc_nano.a(lib_a-exit.o)
                              /home/andres/Documentos/nordic-toolchain/gcc-arm-none-eabi-8-2018-q4-major/bin/../lib/gcc/arm-none-eabi/8.2.1/../../../../arm-none-eabi/lib/thumb/v7e-m+fp/hard/crt0.o (exit)
/home/andres/Documentos/nordic-toolchain/gcc-arm-none-eabi-8-2018-q4-major/bin/../lib/gcc/arm-none-eabi/8.2.1/../../../../arm-none-eabi/lib/thumb/v7e-m+fp/hard/libc_nano.a(lib_a-impure.o)
                              /home/andres/Documentos/nordic-toolchain/gcc-arm-none-eabi-8-2018-q4-major/bin/../lib/gcc/arm-none-eabi/8.2.1/../../../../arm-none-eabi/lib/thumb/v7e-m+fp/hard/libc_nano.a(lib_a-exit.o) (_global_impure_ptr)
/home/andres/Documentos/nordic-toolchain/gcc-arm-none-eabi-8-2018-q4-major/bin/../lib/gcc/arm-none-eabi/8.2.1/../../../../arm-none-eabi/lib/thumb/v7e-m+fp/hard/libc_nano.a(lib_a-init.o)
                              /home/andres/Documentos/nordic-toolchain/gcc-arm-none-eabi-8-2018-q4-major/bin/../lib/gcc/arm-none-eabi/8.2.1/../../../../arm-none-eabi/lib/thumb/v7e-m+fp/hard/crt0.o (__libc_init_array)
/home/andres/Documentos/nordic-toolchain/gcc-arm-none-eabi-8-2018-q4-major/bin/../lib/gcc/arm-none-eabi/8.2.1/../../../../arm-none-eabi/lib/thumb/v7e-m+fp/hard/libc_nano.a(lib_a-memcmp.o)
                              _build/nrf52832_xxaa/ble_advdata.c.o (memcmp)
/home/andres/Documentos/nordic-toolchain/gcc-arm-none-eabi-8-2018-q4-major/bin/../lib/gcc/arm-none-eabi/8.2.1/../../../../arm-none-eabi/lib/thumb/v7e-m+fp/hard/libc_nano.a(lib_a-memcpy-stub.o)
                              _build/nrf52832_xxaa/nrf_log_frontend.c.o (memcpy)
/home/andres/Documentos/nordic-toolchain/gcc-arm-none-eabi-8-2018-q4-major/bin/../lib/gcc/arm-none-eabi/8.2.1/../../../../arm-none-eabi/lib/thumb/v7e-m+fp/hard/libc_nano.a(lib_a-memset.o)
                              /home/andres/Documentos/nordic-toolchain/gcc-arm-none-eabi-8-2018-q4-major/bin/../lib/gcc/arm-none-eabi/8.2.1/../../../../arm-none-eabi/lib/thumb/v7e-m+fp/hard/crt0.o (memset)
/home/andres/Documentos/nordic-toolchain/gcc-arm-none-eabi-8-2018-q4-major/bin/../lib/gcc/arm-none-eabi/8.2.1/../../../../arm-none-eabi/lib/thumb/v7e-m+fp/hard/libc_nano.a(lib_a-strcmp.o)
                              _build/nrf52832_xxaa/nrf_ble_scan.c.o (strcmp)
/home/andres/Documentos/nordic-toolchain/gcc-arm-none-eabi-8-2018-q4-major/bin/../lib/gcc/arm-none-eabi/8.2.1/../../../../arm-none-eabi/lib/thumb/v7e-m+fp/hard/libc_nano.a(lib_a-strcpy.o)
                              _build/nrf52832_xxaa/SEGGER_RTT.c.o (strcpy)
/home/andres/Documentos/nordic-toolchain/gcc-arm-none-eabi-8-2018-q4-major/bin/../lib/gcc/arm-none-eabi/8.2.1/../../../../arm-none-eabi/lib/thumb/v7e-m+fp/hard/libc_nano.a(lib_a-strlen.o)
                              _build/nrf52832_xxaa/nrf_log_frontend.c.o (strlen)
/home/andres/Documentos/nordic-toolchain/gcc-arm-none-eabi-8-2018-q4-major/bin/../lib/gcc/arm-none-eabi/8.2.1/../../../../arm-none-eabi/lib/thumb/v7e-m+fp/hard/libnosys.a(_exit.o)
                              /home/andres/Documentos/nordic-toolchain/gcc-arm-none-eabi-8-2018-q4-major/bin/../lib/gcc/arm-none-eabi/8.2.1/../../../../arm-none-eabi/lib/thumb/v7e-m+fp/hard/libc_nano.a(lib_a-exit.o) (_exit)
/home/andres/Documentos/nordic-toolchain/gcc-arm-none-eabi-8-2018-q4-major/bin/../lib/gcc/arm-none-eabi/8.2.1/thumb/v7e-m+fp/hard/libgcc.a(_aeabi_ldivmod.o)
                              _build/nrf52832_xxaa/bsp.c.o (__aeabi_ldivmod)
/home/andres/Documentos/nordic-toolchain/gcc-arm-none-eabi-8-2018-q4-major/bin/../lib/gcc/arm-none-eabi/8.2.1/thumb/v7e-m+fp/hard/libgcc.a(_aeabi_uldivmod.o)
                              _build/nrf52832_xxaa/bsp.c.o (__aeabi_uldivmod)
/home/andres/Documentos/nordic-toolchain/gcc-arm-none-eabi-8-2018-q4-major/bin/../lib/gcc/arm-none-eabi/8.2.1/thumb/v7e-m+fp/hard/libgcc.a(_udivmoddi4.o)
                              /home/andres/Documentos/nordic-toolchain/gcc-arm-none-eabi-8-2018-q4-major/bin/../lib/gcc/arm-none-eabi/8.2.1/thumb/v7e-m+fp/hard/libgcc.a(_aeabi_ldivmod.o) (__udivmoddi4)
/home/andres/Documentos/nordic-toolchain/gcc-arm-none-eabi-8-2018-q4-major/bin/../lib/gcc/arm-none-eabi/8.2.1/thumb/v7e-m+fp/hard/libgcc.a(_dvmd_tls.o)
                              /home/andres/Documentos/nordic-toolchain/gcc-arm-none-eabi-8-2018-q4-major/bin/../lib/gcc/arm-none-eabi/8.2.1/thumb/v7e-m+fp/hard/libgcc.a(_aeabi_ldivmod.o) (__aeabi_ldiv0)

Allocating common symbols
Common symbol       size              file

[...]
Memory Configuration

Name             Origin             Length             Attributes
FLASH            0x0000000000026000 0x000000000005a000 xr
RAM              0x0000000020001d70 0x000000000000e290 xrw
*default*        0x0000000000000000 0xffffffffffffffff

Linker script and memory map


.text           0x0000000000026000     0x6cd4
 *(.isr_vector)
 .isr_vector    0x0000000000026000      0x200 _build/nrf52832_xxaa/gcc_startup_nrf52.S.o
                0x0000000000026000                __isr_vector
 *(.text*)
 .text          0x0000000000026200       0x40 /home/andres/Documentos/nordic-toolchain/gcc-arm-none-eabi-8-2018-q4-major/bin/../lib/gcc/arm-none-eabi/8.2.1/thumb/v7e-m+fp/hard/crtbegin.o
 .text          0x0000000000026240       0x74 /home/andres/Documentos/nordic-toolchain/gcc-arm-none-eabi-8-2018-q4-major/bin/../lib/gcc/arm-none-eabi/8.2.1/../../../../arm-none-eabi/lib/thumb/v7e-m+fp/hard/crt0.o
                0x0000000000026240                _mainCRTStartup
                0x0000000000026240                _start
 .text          0x00000000000262b4       0x3c _build/nrf52832_xxaa/gcc_startup_nrf52.S.o
                0x00000000000262b4                Reset_Handler
                0x00000000000262dc                NMI_Handler
                0x00000000000262de                HardFault_Handler
                0x00000000000262e0                MemoryManagement_Handler
                0x00000000000262e2                BusFault_Handler
                0x00000000000262e4                UsageFault_Handler
                0x00000000000262e6                SVC_Handler
                0x00000000000262e8                DebugMon_Handler
                0x00000000000262ea                PendSV_Handler
                0x00000000000262ec                SysTick_Handler
                0x00000000000262ee                TIMER2_IRQHandler
                0x00000000000262ee                RTC0_IRQHandler
                0x00000000000262ee                PWM1_IRQHandler
                0x00000000000262ee                RADIO_IRQHandler
                0x00000000000262ee                PDM_IRQHandler
                0x00000000000262ee                TEMP_IRQHandler
                0x00000000000262ee                QDEC_IRQHandler
                0x00000000000262ee                TIMER3_IRQHandler
                0x00000000000262ee                FPU_IRQHandler
                0x00000000000262ee                SPIM0_SPIS0_TWIM0_TWIS0_SPI0_TWI0_IRQHandler
                0x00000000000262ee                TIMER4_IRQHandler
                0x00000000000262ee                I2S_IRQHandler
                0x00000000000262ee                SWI4_EGU4_IRQHandler
                0x00000000000262ee                PWM2_IRQHandler
                0x00000000000262ee                ECB_IRQHandler
                0x00000000000262ee                SPIM1_SPIS1_TWIM1_TWIS1_SPI1_TWI1_IRQHandler
                0x00000000000262ee                Default_Handler
                0x00000000000262ee                SAADC_IRQHandler
                0x00000000000262ee                CCM_AAR_IRQHandler
                0x00000000000262ee                WDT_IRQHandler
                0x00000000000262ee                SWI5_EGU5_IRQHandler
                0x00000000000262ee                RNG_IRQHandler
                0x00000000000262ee                RTC2_IRQHandler
                0x00000000000262ee                PWM0_IRQHandler
                0x00000000000262ee                SWI3_EGU3_IRQHandler
                0x00000000000262ee                SWI1_EGU1_IRQHandler
                0x00000000000262ee                SPIM2_SPIS2_SPI2_IRQHandler
                0x00000000000262ee                NFCT_IRQHandler
                0x00000000000262ee                MWU_IRQHandler
                0x00000000000262ee                COMP_LPCOMP_IRQHandler
 .text.nrf_log_backend_rtt_flush
                0x00000000000262f0        0x4 _build/nrf52832_xxaa/nrf_log_backend_rtt.c.o
 .text.nrf_log_backend_rtt_put
                0x00000000000262f4       0x20 _build/nrf52832_xxaa/nrf_log_backend_rtt.c.o
 .text.serial_tx
                0x0000000000026314       0x54 _build/nrf52832_xxaa/nrf_log_backend_rtt.c.o
 .text.nrf_log_backend_rtt_panic_set
                0x0000000000026368        0x4 _build/nrf52832_xxaa/nrf_log_backend_rtt.c.o
 .text.nrf_log_backend_rtt_init
                0x000000000002636c        0x4 _build/nrf52832_xxaa/nrf_log_backend_rtt.c.o
                0x000000000002636c                nrf_log_backend_rtt_init
 .text.nrf_log_backend_serial_put
                0x0000000000026370       0xd4 _build/nrf52832_xxaa/nrf_log_backend_serial.c.o
                0x0000000000026370                nrf_log_backend_serial_put
 .text.nrf_log_default_backends_init
                0x0000000000026444       0x20 _build/nrf52832_xxaa/nrf_log_default_backends.c.o
                0x0000000000026444                nrf_log_default_backends_init
 .text.nrf_log_init
                0x0000000000026464       0x40 _build/nrf52832_xxaa/nrf_log_frontend.c.o
                0x0000000000026464                nrf_log_init
 .text.nrf_log_module_name_get
                0x00000000000264a4       0x58 _build/nrf52832_xxaa/nrf_log_frontend.c.o
                0x00000000000264a4                nrf_log_module_name_get
 .text.nrf_log_color_id_get
                0x00000000000264fc       0x2c _build/nrf52832_xxaa/nrf_log_frontend.c.o
                0x00000000000264fc                nrf_log_color_id_get
 .text.nrf_log_frontend_dequeue
                0x0000000000026528      0x428 _build/nrf52832_xxaa/nrf_log_frontend.c.o
                0x0000000000026528                nrf_log_frontend_dequeue
 .text.nrf_log_frontend_std_0
                0x0000000000026950      0x1b0 _build/nrf52832_xxaa/nrf_log_frontend.c.o
                0x0000000000026950                nrf_log_frontend_std_0
 .text.nrf_log_frontend_std_1
                0x0000000000026b00      0x1c0 _build/nrf52832_xxaa/nrf_log_frontend.c.o
                0x0000000000026b00                nrf_log_frontend_std_1
 .text.nrf_log_frontend_std_2
                0x0000000000026cc0      0x1d0 _build/nrf52832_xxaa/nrf_log_frontend.c.o
                0x0000000000026cc0                nrf_log_frontend_std_2
 .text.nrf_log_backend_add
                0x0000000000026e90       0x74 _build/nrf52832_xxaa/nrf_log_frontend.c.o
                0x0000000000026e90                nrf_log_backend_add
 .text.nrf_log_panic
                0x0000000000026f04       0x2c _build/nrf52832_xxaa/nrf_log_frontend.c.o
                0x0000000000026f04                nrf_log_panic
 .text.prefix_process
                0x0000000000026f30       0x80 _build/nrf52832_xxaa/nrf_log_str_formatter.c.o
 .text.nrf_log_std_entry_process
                0x0000000000026fb0       0xec _build/nrf52832_xxaa/nrf_log_str_formatter.c.o
                0x0000000000026fb0                nrf_log_std_entry_process
 .text.nrf_log_hexdump_entry_process
                0x000000000002709c       0xf4 _build/nrf52832_xxaa/nrf_log_str_formatter.c.o
                0x000000000002709c                nrf_log_hexdump_entry_process
 .text.detection_delay_timeout_handler
                0x0000000000027190      0x120 _build/nrf52832_xxaa/app_button.c.o
 .text.gpiote_event_handler
                0x00000000000272b0       0x9c _build/nrf52832_xxaa/app_button.c.o
 .text.app_button_init
                0x000000000002734c       0xb0 _build/nrf52832_xxaa/app_button.c.o
                0x000000000002734c                app_button_init
 .text.app_button_enable
                0x00000000000273fc       0x2c _build/nrf52832_xxaa/app_button.c.o
                0x00000000000273fc                app_button_enable
 .text.app_error_handler_bare
                0x0000000000027428       0x20 _build/nrf52832_xxaa/app_error.c.o
                0x0000000000027428                app_error_handler_bare
 .text.app_error_fault_handler
                0x0000000000027448       0x70 _build/nrf52832_xxaa/app_error_weak.c.o
                0x0000000000027448                app_error_fault_handler
 .text.RTC1_IRQHandler
                0x00000000000274b8       0xa0 _build/nrf52832_xxaa/app_timer.c.o
                0x00000000000274b8                RTC1_IRQHandler
 .text.SWI0_EGU0_IRQHandler
                0x0000000000027558      0x3e4 _build/nrf52832_xxaa/app_timer.c.o
                0x0000000000027558                SWI0_EGU0_IRQHandler
 .text.app_timer_init
                0x000000000002793c       0xa8 _build/nrf52832_xxaa/app_timer.c.o
                0x000000000002793c                app_timer_init
 .text.app_timer_create
                0x00000000000279e4       0x24 _build/nrf52832_xxaa/app_timer.c.o
                0x00000000000279e4                app_timer_create
 .text.app_timer_start
                0x0000000000027a08       0xac _build/nrf52832_xxaa/app_timer.c.o
                0x0000000000027a08                app_timer_start
 .text.app_timer_stop
                0x0000000000027ab4       0x74 _build/nrf52832_xxaa/app_timer.c.o
                0x0000000000027ab4                app_timer_stop
 .text.app_util_critical_region_enter
                0x0000000000027b28       0x4c _build/nrf52832_xxaa/app_util_platform.c.o
                0x0000000000027b28                app_util_critical_region_enter
 .text.app_util_critical_region_exit
                0x0000000000027b74       0x30 _build/nrf52832_xxaa/app_util_platform.c.o
                0x0000000000027b74                app_util_critical_region_exit
 .text.nrf_atflags_set
                0x0000000000027ba4       0x14 _build/nrf52832_xxaa/nrf_atflags.c.o
                0x0000000000027ba4                nrf_atflags_set
 .text.nrf_atflags_clear
                0x0000000000027bb8       0x14 _build/nrf52832_xxaa/nrf_atflags.c.o
                0x0000000000027bb8                nrf_atflags_clear
 .text.nrf_atflags_get
                0x0000000000027bcc       0x14 _build/nrf52832_xxaa/nrf_atflags.c.o
                0x0000000000027bcc                nrf_atflags_get
 .text.nrf_atomic_u32_fetch_store
                0x0000000000027be0       0x14 _build/nrf52832_xxaa/nrf_atomic.c.o
                0x0000000000027be0                nrf_atomic_u32_fetch_store
 .text.nrf_atomic_u32_or
                0x0000000000027bf4       0x18 _build/nrf52832_xxaa/nrf_atomic.c.o
                0x0000000000027bf4                nrf_atomic_u32_or
 .text.nrf_atomic_u32_and
                0x0000000000027c0c       0x18 _build/nrf52832_xxaa/nrf_atomic.c.o
                0x0000000000027c0c                nrf_atomic_u32_and
 .text.nrf_atomic_u32_add
                0x0000000000027c24       0x18 _build/nrf52832_xxaa/nrf_atomic.c.o
                0x0000000000027c24                nrf_atomic_u32_add
 .text.nrf_atomic_u32_sub
                0x0000000000027c3c       0x18 _build/nrf52832_xxaa/nrf_atomic.c.o
                0x0000000000027c3c                nrf_atomic_u32_sub
 .text.nrf_atomic_flag_set
                0x0000000000027c54       0x18 _build/nrf52832_xxaa/nrf_atomic.c.o
                0x0000000000027c54                nrf_atomic_flag_set
 .text.nrf_atomic_flag_clear_fetch
                0x0000000000027c6c       0x18 _build/nrf52832_xxaa/nrf_atomic.c.o
                0x0000000000027c6c                nrf_atomic_flag_clear_fetch
 .text.nrf_balloc_init
                0x0000000000027c84       0x38 _build/nrf52832_xxaa/nrf_balloc.c.o
                0x0000000000027c84                nrf_balloc_init
 .text.nrf_balloc_alloc
                0x0000000000027cbc       0x50 _build/nrf52832_xxaa/nrf_balloc.c.o
                0x0000000000027cbc                nrf_balloc_alloc
 .text.nrf_balloc_free
                0x0000000000027d0c       0x38 _build/nrf52832_xxaa/nrf_balloc.c.o
                0x0000000000027d0c                nrf_balloc_free
 .text.nrf_fprintf_buffer_flush
                0x0000000000027d44       0x18 _build/nrf52832_xxaa/nrf_fprintf.c.o
                0x0000000000027d44                nrf_fprintf_buffer_flush
 .text.nrf_fprintf
                0x0000000000027d5c       0x20 _build/nrf52832_xxaa/nrf_fprintf.c.o
                0x0000000000027d5c                nrf_fprintf
 .text.unsigned_print
                0x0000000000027d7c      0x110 _build/nrf52832_xxaa/nrf_fprintf_format.c.o
 .text.nrf_fprintf_fmt
                0x0000000000027e8c      0x5ec _build/nrf52832_xxaa/nrf_fprintf_format.c.o
                0x0000000000027e8c                nrf_fprintf_fmt
 .text.nrf_memobj_pool_init
                0x0000000000028478        0x4 _build/nrf52832_xxaa/nrf_memobj.c.o
                0x0000000000028478                nrf_memobj_pool_init
 .text.nrf_memobj_alloc
                0x000000000002847c       0x98 _build/nrf52832_xxaa/nrf_memobj.c.o
                0x000000000002847c                nrf_memobj_alloc
 .text.nrf_memobj_get
                0x0000000000028514        0x8 _build/nrf52832_xxaa/nrf_memobj.c.o
                0x0000000000028514                nrf_memobj_get
 .text.nrf_memobj_put
                0x000000000002851c       0x58 _build/nrf52832_xxaa/nrf_memobj.c.o
                0x000000000002851c                nrf_memobj_put
 .text.nrf_memobj_write
                0x0000000000028574       0x68 _build/nrf52832_xxaa/nrf_memobj.c.o
                0x0000000000028574                nrf_memobj_write
 .text.nrf_memobj_read
                0x00000000000285dc       0x68 _build/nrf52832_xxaa/nrf_memobj.c.o
                0x00000000000285dc                nrf_memobj_read
 .text.sd_app_evt_wait
                0x0000000000028644        0x4 _build/nrf52832_xxaa/nrf_pwr_mgmt.c.o
 .text.nrf_pwr_mgmt_init
                0x0000000000028648       0x2c _build/nrf52832_xxaa/nrf_pwr_mgmt.c.o
                0x0000000000028648                nrf_pwr_mgmt_init
 .text.nrf_pwr_mgmt_run
                0x0000000000028674       0x54 _build/nrf52832_xxaa/nrf_pwr_mgmt.c.o
                0x0000000000028674                nrf_pwr_mgmt_run
 .text.nrf_ringbuf_init
                0x00000000000286c8       0x1c _build/nrf52832_xxaa/nrf_ringbuf.c.o
                0x00000000000286c8                nrf_ringbuf_init
 .text.nrf_section_iter_init
                0x00000000000286e4       0x14 _build/nrf52832_xxaa/nrf_section_iter.c.o
                0x00000000000286e4                nrf_section_iter_init
 .text.nrf_section_iter_next
                0x00000000000286f8       0x18 _build/nrf52832_xxaa/nrf_section_iter.c.o
                0x00000000000286f8                nrf_section_iter_next
 .text.nrf_strerror_get
                0x0000000000028710       0x88 _build/nrf52832_xxaa/nrf_strerror.c.o
                0x0000000000028710                nrf_strerror_get
 .text.SystemInit
                0x0000000000028798      0x3b4 _build/nrf52832_xxaa/system_nrf52.c.o
                0x0000000000028798                SystemInit
 .text.bsp_board_led_off
                0x0000000000028b4c       0x18 _build/nrf52832_xxaa/boards.c.o
                0x0000000000028b4c                bsp_board_led_off
 .text.bsp_board_led_invert
                0x0000000000028b64       0x24 _build/nrf52832_xxaa/boards.c.o
                0x0000000000028b64                bsp_board_led_invert
 .text.bsp_board_init
                0x0000000000028b88       0x58 _build/nrf52832_xxaa/boards.c.o
                0x0000000000028b88                bsp_board_init
 .text.clock_irq_handler
                0x0000000000028be0       0x44 _build/nrf52832_xxaa/nrf_drv_clock.c.o
 .text.soc_evt_handler
                0x0000000000028c24       0x28 _build/nrf52832_xxaa/nrf_drv_clock.c.o
 .text.sd_state_evt_handler
                0x0000000000028c4c       0xa4 _build/nrf52832_xxaa/nrf_drv_clock.c.o
 .text.nrfx_clock_init
                0x0000000000028cf0       0x18 _build/nrf52832_xxaa/nrfx_clock.c.o
                0x0000000000028cf0                nrfx_clock_init
 .text.nrfx_clock_enable
                0x0000000000028d08       0x28 _build/nrf52832_xxaa/nrfx_clock.c.o
                0x0000000000028d08                nrfx_clock_enable
 .text.nrfx_clock_lfclk_stop
                0x0000000000028d30       0x18 _build/nrf52832_xxaa/nrfx_clock.c.o
                0x0000000000028d30                nrfx_clock_lfclk_stop
 .text.POWER_CLOCK_IRQHandler
                0x0000000000028d48       0x64 _build/nrf52832_xxaa/nrfx_clock.c.o
                0x0000000000028d48                POWER_CLOCK_IRQHandler
 .text.nrfx_gpiote_init
                0x0000000000028dac       0x98 _build/nrf52832_xxaa/nrfx_gpiote.c.o
                0x0000000000028dac                nrfx_gpiote_init
 .text.nrfx_gpiote_is_init
                0x0000000000028e44       0x14 _build/nrf52832_xxaa/nrfx_gpiote.c.o
                0x0000000000028e44                nrfx_gpiote_is_init
 .text.nrfx_gpiote_in_init
                0x0000000000028e58      0x1b0 _build/nrf52832_xxaa/nrfx_gpiote.c.o
                0x0000000000028e58                nrfx_gpiote_in_init
 .text.nrfx_gpiote_in_event_enable
                0x0000000000029008       0xc0 _build/nrf52832_xxaa/nrfx_gpiote.c.o
                0x0000000000029008                nrfx_gpiote_in_event_enable
 .text.nrfx_gpiote_in_is_set
                0x00000000000290c8       0x14 _build/nrf52832_xxaa/nrfx_gpiote.c.o
                0x00000000000290c8                nrfx_gpiote_in_is_set
 .text.GPIOTE_IRQHandler
                0x00000000000290dc      0x538 _build/nrf52832_xxaa/nrfx_gpiote.c.o
                0x00000000000290dc                GPIOTE_IRQHandler
 .text.UARTE0_UART0_IRQHandler
                0x0000000000029614        0xc _build/nrf52832_xxaa/nrfx_prs.c.o
                0x0000000000029614                UARTE0_UART0_IRQHandler
 .text.bsp_event_to_button_action_assign
                0x0000000000029620       0x58 _build/nrf52832_xxaa/bsp.c.o
                0x0000000000029620                bsp_event_to_button_action_assign
 .text.ble_evt_handler
                0x0000000000029678       0xac _build/nrf52832_xxaa/bsp_btn_ble.c.o
 .text.sd_ble_gap_conn_param_update
                0x0000000000029724        0x4 _build/nrf52832_xxaa/main.c.o
 .text.sd_ble_gap_disconnect
                0x0000000000029728        0x4 _build/nrf52832_xxaa/main.c.o
 .text.sd_ble_gap_phy_update
                0x000000000002972c        0x4 _build/nrf52832_xxaa/main.c.o
 .text.scan_evt_handler
                0x0000000000029730       0xa8 _build/nrf52832_xxaa/main.c.o
 .text.db_disc_handler
                0x00000000000297d8        0xc _build/nrf52832_xxaa/main.c.o
 .text.timer_led_event_handler
                0x00000000000297e4       0x30 _build/nrf52832_xxaa/main.c.o
                0x00000000000297e4                timer_led_event_handler
 .text.button_event_handler
                0x0000000000029814       0x28 _build/nrf52832_xxaa/main.c.o
 .text.lbs_c_evt_handler
                0x000000000002983c       0x88 _build/nrf52832_xxaa/main.c.o
 .text.ble_evt_handler
                0x00000000000298c4      0x190 _build/nrf52832_xxaa/main.c.o
 .text.config_led_timer
                0x0000000000029a54       0x5c _build/nrf52832_xxaa/main.c.o
                0x0000000000029a54                config_led_timer
 .text.startup.main
                0x0000000000029ab0      0x168 _build/nrf52832_xxaa/main.c.o
                0x0000000000029ab0                main
 .text.SEGGER_RTT_WriteNoLock
                0x0000000000029c18      0x17c _build/nrf52832_xxaa/SEGGER_RTT.c.o
                0x0000000000029c18                SEGGER_RTT_WriteNoLock
 .text.SEGGER_RTT_Init
                0x0000000000029d94       0x60 _build/nrf52832_xxaa/SEGGER_RTT.c.o
                0x0000000000029d94                SEGGER_RTT_Init
 .text.ble_advdata_name_find
                0x0000000000029df4       0x74 _build/nrf52832_xxaa/ble_advdata.c.o
                0x0000000000029df4                ble_advdata_name_find
 .text.ble_evt_handler
                0x0000000000029e68      0x124 _build/nrf52832_xxaa/ble_conn_state.c.o
 .text.sd_ble_gattc_primary_services_discover
                0x0000000000029f8c        0x4 _build/nrf52832_xxaa/ble_db_discovery.c.o
 .text.sd_ble_gattc_characteristics_discover
                0x0000000000029f90        0x4 _build/nrf52832_xxaa/ble_db_discovery.c.o
 .text.sd_ble_gattc_descriptors_discover
                0x0000000000029f94        0x4 _build/nrf52832_xxaa/ble_db_discovery.c.o
 .text.discovery_error_evt_trigger
                0x0000000000029f98       0xd8 _build/nrf52832_xxaa/ble_db_discovery.c.o
 .text.discovery_complete_evt_trigger
                0x000000000002a070      0x144 _build/nrf52832_xxaa/ble_db_discovery.c.o
 .text.descriptors_discover
                0x000000000002a1b4       0xcc _build/nrf52832_xxaa/ble_db_discovery.c.o
 .text.ble_db_discovery_init
                0x000000000002a280       0x34 _build/nrf52832_xxaa/ble_db_discovery.c.o
                0x000000000002a280                ble_db_discovery_init
 .text.ble_db_discovery_evt_register
                0x000000000002a2b4       0xcc _build/nrf52832_xxaa/ble_db_discovery.c.o
                0x000000000002a2b4                ble_db_discovery_evt_register
 .text.ble_db_discovery_start
                0x000000000002a380       0x84 _build/nrf52832_xxaa/ble_db_discovery.c.o
                0x000000000002a380                ble_db_discovery_start
 .text.ble_db_discovery_on_ble_evt
                0x000000000002a404      0xa4c _build/nrf52832_xxaa/ble_db_discovery.c.o
                0x000000000002a404                ble_db_discovery_on_ble_evt
 .text.sd_ble_gap_data_length_update
                0x000000000002ae50        0x4 _build/nrf52832_xxaa/nrf_ble_gatt.c.o
 .text.sd_ble_gattc_exchange_mtu_request
                0x000000000002ae54        0x4 _build/nrf52832_xxaa/nrf_ble_gatt.c.o
 .text.sd_ble_gatts_exchange_mtu_reply
                0x000000000002ae58        0x4 _build/nrf52832_xxaa/nrf_ble_gatt.c.o
 .text.data_length_update.constprop.6
                0x000000000002ae5c       0x8c _build/nrf52832_xxaa/nrf_ble_gatt.c.o
 .text.nrf_ble_gatt_init
                0x000000000002aee8       0x28 _build/nrf52832_xxaa/nrf_ble_gatt.c.o
                0x000000000002aee8                nrf_ble_gatt_init
 .text.nrf_ble_gatt_on_ble_evt
                0x000000000002af10      0x1b4 _build/nrf52832_xxaa/nrf_ble_gatt.c.o
                0x000000000002af10                nrf_ble_gatt_on_ble_evt
 .text.sd_ble_gap_scan_start
                0x000000000002b0c4        0x4 _build/nrf52832_xxaa/nrf_ble_scan.c.o
 .text.sd_ble_gap_scan_stop
                0x000000000002b0c8        0x4 _build/nrf52832_xxaa/nrf_ble_scan.c.o
 .text.sd_ble_gap_connect
                0x000000000002b0cc        0x4 _build/nrf52832_xxaa/nrf_ble_scan.c.o
 .text.nrf_ble_scan_filter_set
                0x000000000002b0d0       0x60 _build/nrf52832_xxaa/nrf_ble_scan.c.o
                0x000000000002b0d0                nrf_ble_scan_filter_set
 .text.nrf_ble_scan_filters_enable
                0x000000000002b130       0x28 _build/nrf52832_xxaa/nrf_ble_scan.c.o
                0x000000000002b130                nrf_ble_scan_filters_enable
 .text.nrf_ble_scan_init
                0x000000000002b158       0xac _build/nrf52832_xxaa/nrf_ble_scan.c.o
                0x000000000002b158                nrf_ble_scan_init
 .text.nrf_ble_scan_start
                0x000000000002b204       0x74 _build/nrf52832_xxaa/nrf_ble_scan.c.o
                0x000000000002b204                nrf_ble_scan_start
 .text.nrf_ble_scan_on_ble_evt
                0x000000000002b278      0x234 _build/nrf52832_xxaa/nrf_ble_scan.c.o
                0x000000000002b278                nrf_ble_scan_on_ble_evt
 .text.sd_ble_gattc_read
                0x000000000002b4ac        0x4 _build/nrf52832_xxaa/ble_lbs_c.c.o
 .text.sd_ble_gattc_write
                0x000000000002b4b0        0x4 _build/nrf52832_xxaa/ble_lbs_c.c.o
 .text.sd_ble_uuid_vs_add
                0x000000000002b4b4        0x4 _build/nrf52832_xxaa/ble_lbs_c.c.o
 .text.ble_lbs_on_db_disc_evt
                0x000000000002b4b8      0x240 _build/nrf52832_xxaa/ble_lbs_c.c.o
                0x000000000002b4b8                ble_lbs_on_db_disc_evt
 .text.ble_lbs_c_init
                0x000000000002b6f8       0x5c _build/nrf52832_xxaa/ble_lbs_c.c.o
                0x000000000002b6f8                ble_lbs_c_init
 .text.ble_lbs_c_on_ble_evt
                0x000000000002b754       0xb0 _build/nrf52832_xxaa/ble_lbs_c.c.o
                0x000000000002b754                ble_lbs_c_on_ble_evt
 .text.ble_lbs_c_button_notif_enable
                0x000000000002b804       0x94 _build/nrf52832_xxaa/ble_lbs_c.c.o
                0x000000000002b804                ble_lbs_c_button_notif_enable
 .text.ble_lbs_led_status_send
                0x000000000002b898       0xa8 _build/nrf52832_xxaa/ble_lbs_c.c.o
                0x000000000002b898                ble_lbs_led_status_send
 .text.ble_lbs_c_handles_assign
                0x000000000002b940       0x18 _build/nrf52832_xxaa/ble_lbs_c.c.o
                0x000000000002b940                ble_lbs_c_handles_assign
 .text.sd_softdevice_enable
                0x000000000002b958        0x4 _build/nrf52832_xxaa/nrf_sdh.c.o
 .text.nrf_sdh_enable_request
                0x000000000002b95c      0x118 _build/nrf52832_xxaa/nrf_sdh.c.o
                0x000000000002b95c                nrf_sdh_enable_request
 .text.nrf_sdh_is_enabled
                0x000000000002ba74        0xc _build/nrf52832_xxaa/nrf_sdh.c.o
                0x000000000002ba74                nrf_sdh_is_enabled
 .text.SWI2_EGU2_IRQHandler
                0x000000000002ba80       0x2c _build/nrf52832_xxaa/nrf_sdh.c.o
                0x000000000002ba80                SWI2_EGU2_IRQHandler
 .text.sd_ble_enable
                0x000000000002baac        0x4 _build/nrf52832_xxaa/nrf_sdh_ble.c.o
 .text.sd_ble_cfg_set
                0x000000000002bab0        0x4 _build/nrf52832_xxaa/nrf_sdh_ble.c.o
 .text.sd_ble_evt_get
                0x000000000002bab4        0x4 _build/nrf52832_xxaa/nrf_sdh_ble.c.o
 .text.nrf_sdh_ble_evts_poll
                0x000000000002bab8       0x5c _build/nrf52832_xxaa/nrf_sdh_ble.c.o
 .text.nrf_sdh_ble_default_cfg_set
                0x000000000002bb14       0xb8 _build/nrf52832_xxaa/nrf_sdh_ble.c.o
                0x000000000002bb14                nrf_sdh_ble_default_cfg_set
 .text.nrf_sdh_ble_enable
                0x000000000002bbcc       0x14 _build/nrf52832_xxaa/nrf_sdh_ble.c.o
                0x000000000002bbcc                nrf_sdh_ble_enable
 .text.sd_evt_get
                0x000000000002bbe0        0x4 _build/nrf52832_xxaa/nrf_sdh_soc.c.o
 .text.nrf_sdh_soc_evts_poll
                0x000000000002bbe4       0x4c _build/nrf52832_xxaa/nrf_sdh_soc.c.o
 .text.nrfx_timer_init
                0x000000000002bc30       0xfc _build/nrf52832_xxaa/nrfx_timer.c.o
                0x000000000002bc30                nrfx_timer_init
 .text.nrfx_timer_enable
                0x000000000002bd2c       0x1c _build/nrf52832_xxaa/nrfx_timer.c.o
                0x000000000002bd2c                nrfx_timer_enable
 .text.nrfx_timer_disable
                0x000000000002bd48       0x1c _build/nrf52832_xxaa/nrfx_timer.c.o
                0x000000000002bd48                nrfx_timer_disable
 .text.nrfx_timer_extended_compare
                0x000000000002bd64       0x60 _build/nrf52832_xxaa/nrfx_timer.c.o
                0x000000000002bd64                nrfx_timer_extended_compare
 .text.TIMER0_IRQHandler
                0x000000000002bdc4       0x58 _build/nrf52832_xxaa/nrfx_timer.c.o
                0x000000000002bdc4                TIMER0_IRQHandler
 .text.TIMER1_IRQHandler
                0x000000000002be1c       0x58 _build/nrf52832_xxaa/nrfx_timer.c.o
                0x000000000002be1c                TIMER1_IRQHandler
 .text.exit     0x000000000002be74       0x28 /home/andres/Documentos/nordic-toolchain/gcc-arm-none-eabi-8-2018-q4-major/bin/../lib/gcc/arm-none-eabi/8.2.1/../../../../arm-none-eabi/lib/thumb/v7e-m+fp/hard/libc_nano.a(lib_a-exit.o)
                0x000000000002be74                exit
 .text.__libc_init_array
                0x000000000002be9c       0x48 /home/andres/Documentos/nordic-toolchain/gcc-arm-none-eabi-8-2018-q4-major/bin/../lib/gcc/arm-none-eabi/8.2.1/../../../../arm-none-eabi/lib/thumb/v7e-m+fp/hard/libc_nano.a(lib_a-init.o)
                0x000000000002be9c                __libc_init_array
 .text.memcmp   0x000000000002bee4       0x1c /home/andres/Documentos/nordic-toolchain/gcc-arm-none-eabi-8-2018-q4-major/bin/../lib/gcc/arm-none-eabi/8.2.1/../../../../arm-none-eabi/lib/thumb/v7e-m+fp/hard/libc_nano.a(lib_a-memcmp.o)
                0x000000000002bee4                memcmp
 .text.memcpy   0x000000000002bf00       0x1c /home/andres/Documentos/nordic-toolchain/gcc-arm-none-eabi-8-2018-q4-major/bin/../lib/gcc/arm-none-eabi/8.2.1/../../../../arm-none-eabi/lib/thumb/v7e-m+fp/hard/libc_nano.a(lib_a-memcpy-stub.o)
                0x000000000002bf00                memcpy
 .text.memset   0x000000000002bf1c       0x10 /home/andres/Documentos/nordic-toolchain/gcc-arm-none-eabi-8-2018-q4-major/bin/../lib/gcc/arm-none-eabi/8.2.1/../../../../arm-none-eabi/lib/thumb/v7e-m+fp/hard/libc_nano.a(lib_a-memset.o)
                0x000000000002bf1c                memset
 .text          0x000000000002bf2c       0x14 /home/andres/Documentos/nordic-toolchain/gcc-arm-none-eabi-8-2018-q4-major/bin/../lib/gcc/arm-none-eabi/8.2.1/../../../../arm-none-eabi/lib/thumb/v7e-m+fp/hard/libc_nano.a(lib_a-strcmp.o)
                0x000000000002bf2c                strcmp
 .text.strcpy   0x000000000002bf40       0x10 /home/andres/Documentos/nordic-toolchain/gcc-arm-none-eabi-8-2018-q4-major/bin/../lib/gcc/arm-none-eabi/8.2.1/../../../../arm-none-eabi/lib/thumb/v7e-m+fp/hard/libc_nano.a(lib_a-strcpy.o)
                0x000000000002bf40                strcpy
 .text          0x000000000002bf50       0x10 /home/andres/Documentos/nordic-toolchain/gcc-arm-none-eabi-8-2018-q4-major/bin/../lib/gcc/arm-none-eabi/8.2.1/../../../../arm-none-eabi/lib/thumb/v7e-m+fp/hard/libc_nano.a(lib_a-strlen.o)
                0x000000000002bf50                strlen
 .text._exit    0x000000000002bf60        0x4 /home/andres/Documentos/nordic-toolchain/gcc-arm-none-eabi-8-2018-q4-major/bin/../lib/gcc/arm-none-eabi/8.2.1/../../../../arm-none-eabi/lib/thumb/v7e-m+fp/hard/libnosys.a(_exit.o)
                0x000000000002bf60                _exit
 *(.init)
 .init          0x000000000002bf64        0x4 /home/andres/Documentos/nordic-toolchain/gcc-arm-none-eabi-8-2018-q4-major/bin/../lib/gcc/arm-none-eabi/8.2.1/thumb/v7e-m+fp/hard/crti.o
                0x000000000002bf64                _init
 .init          0x000000000002bf68        0x8 /home/andres/Documentos/nordic-toolchain/gcc-arm-none-eabi-8-2018-q4-major/bin/../lib/gcc/arm-none-eabi/8.2.1/thumb/v7e-m+fp/hard/crtn.o
 *(.fini)
 .fini          0x000000000002bf70        0x4 /home/andres/Documentos/nordic-toolchain/gcc-arm-none-eabi-8-2018-q4-major/bin/../lib/gcc/arm-none-eabi/8.2.1/thumb/v7e-m+fp/hard/crti.o
                0x000000000002bf70                _fini
 .fini          0x000000000002bf74        0x8 /home/andres/Documentos/nordic-toolchain/gcc-arm-none-eabi-8-2018-q4-major/bin/../lib/gcc/arm-none-eabi/8.2.1/thumb/v7e-m+fp/hard/crtn.o
 *crtbegin.o(.ctors)
 *crtbegin?.o(.ctors)
 *(EXCLUDE_FILE(*crtend.o *crtend?.o) .ctors)
 *(SORT_BY_NAME(.ctors.*))
 *(.ctors)
 *crtbegin.o(.dtors)
 *crtbegin?.o(.dtors)
 *(EXCLUDE_FILE(*crtend.o *crtend?.o) .dtors)
 *(SORT_BY_NAME(.dtors.*))
 *(.dtors)
 *(.rodata*)
 *fill*         0x000000000002bf7c        0x4 
 .rodata.delay_bytecode.9047
                0x000000000002bf80        0x6 _build/nrf52832_xxaa/nrf_log_backend_rtt.c.o
 *fill*         0x000000000002bf86        0x2 
 .rodata.nrf_log_backend_rtt_api
                0x000000000002bf88        0xc _build/nrf52832_xxaa/nrf_log_backend_rtt.c.o
                0x000000000002bf88                nrf_log_backend_rtt_api
 .rodata.str1.4
                0x000000000002bf94       0x10 _build/nrf52832_xxaa/nrf_log_default_backends.c.o
 .rodata.m_log_push_ringbuf
                0x000000000002bfa4        0xc _build/nrf52832_xxaa/nrf_log_frontend.c.o
 .rodata.nrf_log_frontend_dequeue.str1.4
                0x000000000002bfb0       0x11 _build/nrf52832_xxaa/nrf_log_frontend.c.o
 *fill*         0x000000000002bfc1        0x3 
 .rodata.str1.4
                0x000000000002bfc4        0x4 _build/nrf52832_xxaa/nrf_log_frontend.c.o
 .rodata.m_colors
                0x000000000002bfc8       0x24 _build/nrf52832_xxaa/nrf_log_str_formatter.c.o
 .rodata.nrf_log_hexdump_entry_process.str1.4
                0x000000000002bfec       0x13 _build/nrf52832_xxaa/nrf_log_str_formatter.c.o
                                         0x16 (size before relaxing)
 *fill*         0x000000000002bfff        0x1 
 .rodata.nrf_log_std_entry_process.str1.4
                0x000000000002c000        0x3 _build/nrf52832_xxaa/nrf_log_str_formatter.c.o
 *fill*         0x000000000002c003        0x1 
 .rodata.prefix_process.str1.4
                0x000000000002c004       0x36 _build/nrf52832_xxaa/nrf_log_str_formatter.c.o
 *fill*         0x000000000002c03a        0x2 
 .rodata.severity_names
                0x000000000002c03c       0x14 _build/nrf52832_xxaa/nrf_log_str_formatter.c.o
 .rodata.str1.4
                0x000000000002c050       0x56 _build/nrf52832_xxaa/nrf_log_str_formatter.c.o
 *fill*         0x000000000002c0a6        0x2 
 .rodata.m_detection_delay_timer_id
                0x000000000002c0a8        0x4 _build/nrf52832_xxaa/app_button.c.o
 .rodata.app_error_fault_handler.str1.4
                0x000000000002c0ac       0x19 _build/nrf52832_xxaa/app_error_weak.c.o
 *fill*         0x000000000002c0c5        0xb 
 .rodata.delay_bytecode.8771
                0x000000000002c0d0        0x6 _build/nrf52832_xxaa/app_timer.c.o
 *fill*         0x000000000002c0d6        0x2 
 .rodata._aV2C.7474
                0x000000000002c0d8       0x10 _build/nrf52832_xxaa/nrf_fprintf_format.c.o
 .rodata.pwr_mgmt_data
                0x000000000002c0e8        0xc _build/nrf52832_xxaa/nrf_pwr_mgmt.c.o
 .rodata.str1.4
                0x000000000002c0f4        0x9 _build/nrf52832_xxaa/nrf_pwr_mgmt.c.o
 *fill*         0x000000000002c0fd        0x3 
 .rodata.m_unknown_str
                0x000000000002c100       0x13 _build/nrf52832_xxaa/nrf_strerror.c.o
 *fill*         0x000000000002c113        0x1 
 .rodata.nrf_strerror_array
                0x000000000002c114      0x128 _build/nrf52832_xxaa/nrf_strerror.c.o
 .rodata.str1.4
                0x000000000002c23c      0x3e9 _build/nrf52832_xxaa/nrf_strerror.c.o
 *fill*         0x000000000002c625        0x3 
 .rodata.m_board_led_list
                0x000000000002c628        0x4 _build/nrf52832_xxaa/boards.c.o
 .rodata.str1.4
                0x000000000002c62c        0x6 _build/nrf52832_xxaa/nrf_drv_clock.c.o
 *fill*         0x000000000002c632        0x2 
 .rodata.str1.4
                0x000000000002c634        0x6 _build/nrf52832_xxaa/nrfx_clock.c.o
 *fill*         0x000000000002c63a        0x2 
 .rodata.str1.4
                0x000000000002c63c        0x7 _build/nrf52832_xxaa/nrfx_gpiote.c.o
 *fill*         0x000000000002c643        0x1 
 .rodata.str1.4
                0x000000000002c644        0x4 _build/nrf52832_xxaa/nrfx_prs.c.o
 .rodata.str1.4
                0x000000000002c648        0x5 _build/nrf52832_xxaa/nrfx_uart.c.o
 *fill*         0x000000000002c64d        0x3 
 .rodata.str1.4
                0x000000000002c650        0x6 _build/nrf52832_xxaa/nrfx_uarte.c.o
 *fill*         0x000000000002c656        0x2 
 .rodata        0x000000000002c658        0x8 _build/nrf52832_xxaa/main.c.o
 .rodata.TIMER_LED
                0x000000000002c660        0x8 _build/nrf52832_xxaa/main.c.o
                0x000000000002c660                TIMER_LED
 .rodata.ble_evt_handler.str1.4
                0x000000000002c668       0xc3 _build/nrf52832_xxaa/main.c.o
 *fill*         0x000000000002c72b        0x1 
 .rodata.button_event_handler.str1.4
                0x000000000002c72c       0x16 _build/nrf52832_xxaa/main.c.o
 *fill*         0x000000000002c742        0x2 
 .rodata.lbs_c_evt_handler.str1.4
                0x000000000002c744       0x57 _build/nrf52832_xxaa/main.c.o
 *fill*         0x000000000002c79b        0x1 
 .rodata.m_target_periph_name
                0x000000000002c79c        0xe _build/nrf52832_xxaa/main.c.o
 *fill*         0x000000000002c7aa        0x2 
 .rodata.main.str1.4
                0x000000000002c7ac       0x20 _build/nrf52832_xxaa/main.c.o
 .rodata.scan_evt_handler.str1.4
                0x000000000002c7cc      0x126 _build/nrf52832_xxaa/main.c.o
 *fill*         0x000000000002c8f2        0x2 
 .rodata.SEGGER_RTT_ReadNoLock.str1.4
                0x000000000002c8f4       0x17 _build/nrf52832_xxaa/SEGGER_RTT.c.o
 *fill*         0x000000000002c90b        0x1 
 .rodata.ble_db_discovery_on_ble_evt.str1.4
                0x000000000002c90c       0xa2 _build/nrf52832_xxaa/ble_db_discovery.c.o
 *fill*         0x000000000002c9ae        0x2 
 .rodata.str1.4
                0x000000000002c9b0        0xc _build/nrf52832_xxaa/ble_db_discovery.c.o
 .rodata.data_length_update.constprop.6.str1.4
                0x000000000002c9bc       0xe2 _build/nrf52832_xxaa/nrf_ble_gatt.c.o
 *fill*         0x000000000002ca9e        0x2 
 .rodata.nrf_ble_gatt_on_ble_evt.str1.4
                0x000000000002caa0       0x63 _build/nrf52832_xxaa/nrf_ble_gatt.c.o
 *fill*         0x000000000002cb03        0x1 
 .rodata.str1.4
                0x000000000002cb04        0xd _build/nrf52832_xxaa/nrf_ble_gatt.c.o
 *fill*         0x000000000002cb11        0x3 
 .rodata.nrf_ble_scan_start.str1.4
                0x000000000002cb14       0x24 _build/nrf52832_xxaa/nrf_ble_scan.c.o
 .rodata.str1.4
                0x000000000002cb38        0x9 _build/nrf52832_xxaa/nrf_ble_scan.c.o
 *fill*         0x000000000002cb41        0x3 
 .rodata        0x000000000002cb44       0x10 _build/nrf52832_xxaa/ble_lbs_c.c.o
 .rodata.str1.4
                0x000000000002cb54        0xa _build/nrf52832_xxaa/ble_lbs_c.c.o
 *fill*         0x000000000002cb5e        0x2 
 .rodata        0x000000000002cb60        0x4 _build/nrf52832_xxaa/nrf_sdh.c.o
 .rodata.sdh_req_observers
                0x000000000002cb64        0xc _build/nrf52832_xxaa/nrf_sdh.c.o
 .rodata.sdh_stack_observers
                0x000000000002cb70        0xc _build/nrf52832_xxaa/nrf_sdh.c.o
 .rodata.sdh_state_observers
                0x000000000002cb7c        0xc _build/nrf52832_xxaa/nrf_sdh.c.o
 .rodata.str1.4
                0x000000000002cb88        0x8 _build/nrf52832_xxaa/nrf_sdh.c.o
 .rodata.sdh_ble_observers
                0x000000000002cb90        0xc _build/nrf52832_xxaa/nrf_sdh_ble.c.o
 .rodata.str1.4
                0x000000000002cb9c        0xc _build/nrf52832_xxaa/nrf_sdh_ble.c.o
 .rodata.sdh_soc_observers
                0x000000000002cba8        0xc _build/nrf52832_xxaa/nrf_sdh_soc.c.o
 .rodata.str1.4
                0x000000000002cbb4        0xc _build/nrf52832_xxaa/nrf_sdh_soc.c.o
 .rodata.str1.4
                0x000000000002cbc0        0x8 _build/nrf52832_xxaa/nrfx_timer.c.o
                                          0x6 (size before relaxing)
 .rodata._ctype_
                0x000000000002cbc8      0x101 /home/andres/Documentos/nordic-toolchain/gcc-arm-none-eabi-8-2018-q4-major/bin/../lib/gcc/arm-none-eabi/8.2.1/../../../../arm-none-eabi/lib/thumb/v7e-m+fp/hard/libc_nano.a(lib_a-ctype_.o)
                0x000000000002cbc8                _ctype_
 *fill*         0x000000000002ccc9        0x3 
 .rodata._global_impure_ptr
                0x000000000002cccc        0x4 /home/andres/Documentos/nordic-toolchain/gcc-arm-none-eabi-8-2018-q4-major/bin/../lib/gcc/arm-none-eabi/8.2.1/../../../../arm-none-eabi/lib/thumb/v7e-m+fp/hard/libc_nano.a(lib_a-impure.o)
                0x000000000002cccc                _global_impure_ptr
 *(.eh_frame*)
 .eh_frame      0x000000000002ccd0        0x0 /home/andres/Documentos/nordic-toolchain/gcc-arm-none-eabi-8-2018-q4-major/bin/../lib/gcc/arm-none-eabi/8.2.1/thumb/v7e-m+fp/hard/crtbegin.o
 .eh_frame      0x000000000002ccd0        0x4 /home/andres/Documentos/nordic-toolchain/gcc-arm-none-eabi-8-2018-q4-major/bin/../lib/gcc/arm-none-eabi/8.2.1/thumb/v7e-m+fp/hard/crtend.o

.glue_7         0x000000000002ccd4        0x0
 .glue_7        0x000000000002ccd4        0x0 linker stubs

.glue_7t        0x000000000002ccd4        0x0
 .glue_7t       0x000000000002ccd4        0x0 linker stubs

.vfp11_veneer   0x000000000002ccd4        0x0
 .vfp11_veneer  0x000000000002ccd4        0x0 linker stubs

.v4_bx          0x000000000002ccd4        0x0
 .v4_bx         0x000000000002ccd4        0x0 linker stubs

.iplt           0x000000000002ccd4        0x0
 .iplt          0x000000000002ccd4        0x0 /home/andres/Documentos/nordic-toolchain/gcc-arm-none-eabi-8-2018-q4-major/bin/../lib/gcc/arm-none-eabi/8.2.1/thumb/v7e-m+fp/hard/crtbegin.o

.mem_section_dummy_rom

.sdh_soc_observers
                0x000000000002ccd4        0x8
                0x000000000002ccd4                PROVIDE (__start_sdh_soc_observers = .)
 *(SORT_BY_NAME(.sdh_soc_observers*))
 .sdh_soc_observers0
                0x000000000002ccd4        0x8 _build/nrf52832_xxaa/nrf_drv_clock.c.o
                0x000000000002ccdc                PROVIDE (__stop_sdh_soc_observers = .)

.sdh_ble_observers
                0x000000000002ccdc       0x38
                0x000000000002ccdc                PROVIDE (__start_sdh_ble_observers = .)
 *(SORT_BY_NAME(.sdh_ble_observers*))
 .sdh_ble_observers0
                0x000000000002ccdc        0x8 _build/nrf52832_xxaa/ble_conn_state.c.o
 .sdh_ble_observers1
                0x000000000002cce4        0x8 _build/nrf52832_xxaa/bsp_btn_ble.c.o
 .sdh_ble_observers1
                0x000000000002ccec       0x18 _build/nrf52832_xxaa/main.c.o
 .sdh_ble_observers2
                0x000000000002cd04        0x8 _build/nrf52832_xxaa/main.c.o
 .sdh_ble_observers3
                0x000000000002cd0c        0x8 _build/nrf52832_xxaa/main.c.o
                0x000000000002cd14                PROVIDE (__stop_sdh_ble_observers = .)

.pwr_mgmt_data  0x000000000002cd14        0x0
                0x000000000002cd14                PROVIDE (__start_pwr_mgmt_data = .)
 *(SORT_BY_NAME(.pwr_mgmt_data*))
                0x000000000002cd14                PROVIDE (__stop_pwr_mgmt_data = .)

.log_const_data
                0x000000000002cd14       0x80
                0x000000000002cd14                PROVIDE (__start_log_const_data = .)
 *(SORT_BY_NAME(.log_const_data*))
 .log_const_data_CLOCK
                0x000000000002cd14        0x8 _build/nrf52832_xxaa/nrfx_clock.c.o
                0x000000000002cd14                m_nrf_log_CLOCK_logs_data_const
 .log_const_data_GPIOTE
                0x000000000002cd1c        0x8 _build/nrf52832_xxaa/nrfx_gpiote.c.o
                0x000000000002cd1c                m_nrf_log_GPIOTE_logs_data_const
 .log_const_data_PRS
                0x000000000002cd24        0x8 _build/nrf52832_xxaa/nrfx_prs.c.o
                0x000000000002cd24                m_nrf_log_PRS_logs_data_const
 .log_const_data_TIMER
                0x000000000002cd2c        0x8 _build/nrf52832_xxaa/nrfx_timer.c.o
                0x000000000002cd2c                m_nrf_log_TIMER_logs_data_const
 .log_const_data_UART
                0x000000000002cd34        0x8 _build/nrf52832_xxaa/nrfx_uart.c.o
                0x000000000002cd34                m_nrf_log_UART_logs_data_const
 .log_const_data_UARTE
                0x000000000002cd3c        0x8 _build/nrf52832_xxaa/nrfx_uarte.c.o
                0x000000000002cd3c                m_nrf_log_UARTE_logs_data_const
 .log_const_data_app
                0x000000000002cd44        0x8 _build/nrf52832_xxaa/nrf_log_frontend.c.o
                0x000000000002cd44                m_nrf_log_app_logs_data_const
 .log_const_data_ble_db_disc
                0x000000000002cd4c        0x8 _build/nrf52832_xxaa/ble_db_discovery.c.o
                0x000000000002cd4c                m_nrf_log_ble_db_disc_logs_data_const
 .log_const_data_ble_lbs_c
                0x000000000002cd54        0x8 _build/nrf52832_xxaa/ble_lbs_c.c.o
                0x000000000002cd54                m_nrf_log_ble_lbs_c_logs_data_const
 .log_const_data_ble_scan
                0x000000000002cd5c        0x8 _build/nrf52832_xxaa/nrf_ble_scan.c.o
                0x000000000002cd5c                m_nrf_log_ble_scan_logs_data_const
 .log_const_data_clock
                0x000000000002cd64        0x8 _build/nrf52832_xxaa/nrf_drv_clock.c.o
                0x000000000002cd64                m_nrf_log_clock_logs_data_const
 .log_const_data_nrf_ble_gatt
                0x000000000002cd6c        0x8 _build/nrf52832_xxaa/nrf_ble_gatt.c.o
                0x000000000002cd6c                m_nrf_log_nrf_ble_gatt_logs_data_const
 .log_const_data_nrf_sdh
                0x000000000002cd74        0x8 _build/nrf52832_xxaa/nrf_sdh.c.o
                0x000000000002cd74                m_nrf_log_nrf_sdh_logs_data_const
 .log_const_data_nrf_sdh_ble
                0x000000000002cd7c        0x8 _build/nrf52832_xxaa/nrf_sdh_ble.c.o
                0x000000000002cd7c                m_nrf_log_nrf_sdh_ble_logs_data_const
 .log_const_data_nrf_sdh_soc
                0x000000000002cd84        0x8 _build/nrf52832_xxaa/nrf_sdh_soc.c.o
                0x000000000002cd84                m_nrf_log_nrf_sdh_soc_logs_data_const
 .log_const_data_pwr_mgmt
                0x000000000002cd8c        0x8 _build/nrf52832_xxaa/nrf_pwr_mgmt.c.o
                0x000000000002cd8c                m_nrf_log_pwr_mgmt_logs_data_const
                0x000000000002cd94                PROVIDE (__stop_log_const_data = .)

.nrf_balloc     0x000000000002cd94       0x14
                [!provide]                        PROVIDE (__start_nrf_balloc = .)
 *(.nrf_balloc)
 .nrf_balloc    0x000000000002cd94       0x14 _build/nrf52832_xxaa/nrf_log_frontend.c.o
                0x000000000002cd94                log_mempool
                [!provide]                        PROVIDE (__stop_nrf_balloc = .)

.sdh_stack_observers
                0x000000000002cda8       0x10
                0x000000000002cda8                PROVIDE (__start_sdh_stack_observers = .)
 *(SORT_BY_NAME(.sdh_stack_observers*))
 .sdh_stack_observers0
                0x000000000002cda8        0x8 _build/nrf52832_xxaa/nrf_sdh_ble.c.o
 .sdh_stack_observers0
                0x000000000002cdb0        0x8 _build/nrf52832_xxaa/nrf_sdh_soc.c.o
                0x000000000002cdb8                PROVIDE (__stop_sdh_stack_observers = .)

.sdh_req_observers
                0x000000000002cdb8        0x0
                0x000000000002cdb8                PROVIDE (__start_sdh_req_observers = .)
 *(SORT_BY_NAME(.sdh_req_observers*))
                0x000000000002cdb8                PROVIDE (__stop_sdh_req_observers = .)

.sdh_state_observers
                0x000000000002cdb8        0x8
                0x000000000002cdb8                PROVIDE (__start_sdh_state_observers = .)
 *(SORT_BY_NAME(.sdh_state_observers*))
 .sdh_state_observers0
                0x000000000002cdb8        0x8 _build/nrf52832_xxaa/nrf_drv_clock.c.o
                0x000000000002cdc0                PROVIDE (__stop_sdh_state_observers = .)

.nrf_queue      0x000000000002cdc0        0x0
                [!provide]                        PROVIDE (__start_nrf_queue = .)
 *(.nrf_queue)
                [!provide]                        PROVIDE (__stop_nrf_queue = .)

.cli_command    0x000000000002cdc0        0x0
                [!provide]                        PROVIDE (__start_cli_command = .)
 *(.cli_command)
                [!provide]                        PROVIDE (__stop_cli_command = .)

.crypto_data    0x000000000002cdc0        0x0
                [!provide]                        PROVIDE (__start_crypto_data = .)
 *(SORT_BY_NAME(.crypto_data*))
                [!provide]                        PROVIDE (__stop_crypto_data = .)

.log_backends   0x000000000002cdc0       0x10
                [!provide]                        PROVIDE (__start_log_backends = .)
 *(SORT_BY_NAME(.log_backends*))
 .log_backends  0x000000000002cdc0       0x10 _build/nrf52832_xxaa/nrf_log_default_backends.c.o
                [!provide]                        PROVIDE (__stop_log_backends = .)

.ARM.extab
 *(.ARM.extab* .gnu.linkonce.armextab.*)
                0x000000000002cdd0                __exidx_start = .

.ARM.exidx      0x000000000002cdd0        0x8
 *(.ARM.exidx* .gnu.linkonce.armexidx.*)
 .ARM.exidx     0x000000000002cdd0        0x8 /home/andres/Documentos/nordic-toolchain/gcc-arm-none-eabi-8-2018-q4-major/bin/../lib/gcc/arm-none-eabi/8.2.1/../../../../arm-none-eabi/lib/thumb/v7e-m+fp/hard/crt0.o
                0x000000000002cdd8                __exidx_end = .
                0x000000000002cdd8                __etext = .

.rel.dyn        0x000000000002cdd8        0x0
 .rel.iplt      0x000000000002cdd8        0x0 /home/andres/Documentos/nordic-toolchain/gcc-arm-none-eabi-8-2018-q4-major/bin/../lib/gcc/arm-none-eabi/8.2.1/thumb/v7e-m+fp/hard/crtbegin.o

.data           0x0000000020001d70      0x348 load address 0x000000000002cdd8
                0x0000000020001d70                __data_start__ = .
 *(vtable)
 *(.data*)
 .data.log_backend_cb_rtt_log_backend
                0x0000000020001d70        0x8 _build/nrf52832_xxaa/nrf_log_default_backends.c.o
 .data.SystemCoreClock
                0x0000000020001d78        0x4 _build/nrf52832_xxaa/system_nrf52.c.o
                0x0000000020001d78                SystemCoreClock
 .data.buttons.11915
                0x0000000020001d7c        0x8 _build/nrf52832_xxaa/main.c.o
 .data.m_db_disc
                0x0000000020001d84      0x2cc _build/nrf52832_xxaa/main.c.o
 .data.impure_data
                0x0000000020002050       0x60 /home/andres/Documentos/nordic-toolchain/gcc-arm-none-eabi-8-2018-q4-major/bin/../lib/gcc/arm-none-eabi/8.2.1/../../../../arm-none-eabi/lib/thumb/v7e-m+fp/hard/libc_nano.a(lib_a-impure.o)
                0x00000000200020b0                . = ALIGN (0x4)
                0x00000000200020b0                PROVIDE (__preinit_array_start = .)
 *(.preinit_array)
                0x00000000200020b0                PROVIDE (__preinit_array_end = .)
                0x00000000200020b0                . = ALIGN (0x4)
                0x00000000200020b0                PROVIDE (__init_array_start = .)
 *(SORT_BY_NAME(.init_array.*))
 *(.init_array)
 .init_array    0x00000000200020b0        0x4 /home/andres/Documentos/nordic-toolchain/gcc-arm-none-eabi-8-2018-q4-major/bin/../lib/gcc/arm-none-eabi/8.2.1/thumb/v7e-m+fp/hard/crtbegin.o
                0x00000000200020b4                PROVIDE (__init_array_end = .)
                0x00000000200020b4                . = ALIGN (0x4)
                [!provide]                        PROVIDE (__fini_array_start = .)
 *(SORT_BY_NAME(.fini_array.*))
 *(.fini_array)
 .fini_array    0x00000000200020b4        0x4 /home/andres/Documentos/nordic-toolchain/gcc-arm-none-eabi-8-2018-q4-major/bin/../lib/gcc/arm-none-eabi/8.2.1/thumb/v7e-m+fp/hard/crtbegin.o
                [!provide]                        PROVIDE (__fini_array_end = .)
 *(.jcr*)
                0x00000000200020b8                . = ALIGN (0x4)
                0x00000000200020b8                __data_end__ = .
LOAD /home/andres/Documentos/nordic-toolchain/gcc-arm-none-eabi-8-2018-q4-major/bin/../lib/gcc/arm-none-eabi/8.2.1/thumb/v7e-m+fp/hard/crti.o
LOAD /home/andres/Documentos/nordic-toolchain/gcc-arm-none-eabi-8-2018-q4-major/bin/../lib/gcc/arm-none-eabi/8.2.1/thumb/v7e-m+fp/hard/crtbegin.o
LOAD /home/andres/Documentos/nordic-toolchain/gcc-arm-none-eabi-8-2018-q4-major/bin/../lib/gcc/arm-none-eabi/8.2.1/../../../../arm-none-eabi/lib/thumb/v7e-m+fp/hard/crt0.o
LOAD _build/nrf52832_xxaa/gcc_startup_nrf52.S.o
LOAD _build/nrf52832_xxaa/nrf_log_backend_rtt.c.o
LOAD _build/nrf52832_xxaa/nrf_log_backend_serial.c.o
LOAD _build/nrf52832_xxaa/nrf_log_backend_uart.c.o
LOAD _build/nrf52832_xxaa/nrf_log_default_backends.c.o
LOAD _build/nrf52832_xxaa/nrf_log_frontend.c.o
LOAD _build/nrf52832_xxaa/nrf_log_str_formatter.c.o
LOAD _build/nrf52832_xxaa/app_button.c.o
LOAD _build/nrf52832_xxaa/app_error.c.o
LOAD _build/nrf52832_xxaa/app_error_handler_gcc.c.o
LOAD _build/nrf52832_xxaa/app_error_weak.c.o
LOAD _build/nrf52832_xxaa/app_scheduler.c.o
LOAD _build/nrf52832_xxaa/app_timer.c.o
LOAD _build/nrf52832_xxaa/app_util_platform.c.o
LOAD _build/nrf52832_xxaa/hardfault_implementation.c.o
LOAD _build/nrf52832_xxaa/nrf_assert.c.o
LOAD _build/nrf52832_xxaa/nrf_atfifo.c.o
LOAD _build/nrf52832_xxaa/nrf_atflags.c.o
LOAD _build/nrf52832_xxaa/nrf_atomic.c.o
LOAD _build/nrf52832_xxaa/nrf_balloc.c.o
LOAD _build/nrf52832_xxaa/nrf_fprintf.c.o
LOAD _build/nrf52832_xxaa/nrf_fprintf_format.c.o
LOAD _build/nrf52832_xxaa/nrf_memobj.c.o
LOAD _build/nrf52832_xxaa/nrf_pwr_mgmt.c.o
LOAD _build/nrf52832_xxaa/nrf_ringbuf.c.o
LOAD _build/nrf52832_xxaa/nrf_section_iter.c.o
LOAD _build/nrf52832_xxaa/nrf_strerror.c.o
LOAD _build/nrf52832_xxaa/system_nrf52.c.o
LOAD _build/nrf52832_xxaa/boards.c.o
LOAD _build/nrf52832_xxaa/nrf_drv_clock.c.o
LOAD _build/nrf52832_xxaa/nrf_drv_uart.c.o
LOAD _build/nrf52832_xxaa/nrfx_clock.c.o
LOAD _build/nrf52832_xxaa/nrfx_gpiote.c.o
LOAD _build/nrf52832_xxaa/nrfx_power_clock.c.o
LOAD _build/nrf52832_xxaa/nrfx_prs.c.o
LOAD _build/nrf52832_xxaa/nrfx_uart.c.o
LOAD _build/nrf52832_xxaa/nrfx_uarte.c.o
LOAD _build/nrf52832_xxaa/bsp.c.o
LOAD _build/nrf52832_xxaa/bsp_btn_ble.c.o
LOAD _build/nrf52832_xxaa/main.c.o
LOAD _build/nrf52832_xxaa/SEGGER_RTT.c.o
LOAD _build/nrf52832_xxaa/SEGGER_RTT_Syscalls_GCC.c.o
LOAD _build/nrf52832_xxaa/SEGGER_RTT_printf.c.o
LOAD _build/nrf52832_xxaa/ble_advdata.c.o
LOAD _build/nrf52832_xxaa/ble_advertising.c.o
LOAD _build/nrf52832_xxaa/ble_conn_state.c.o
LOAD _build/nrf52832_xxaa/ble_db_discovery.c.o
LOAD _build/nrf52832_xxaa/ble_srv_common.c.o
LOAD _build/nrf52832_xxaa/nrf_ble_gatt.c.o
LOAD _build/nrf52832_xxaa/nrf_ble_scan.c.o
LOAD _build/nrf52832_xxaa/utf.c.o
LOAD _build/nrf52832_xxaa/ble_lbs_c.c.o
LOAD _build/nrf52832_xxaa/nrf_sdh.c.o
LOAD _build/nrf52832_xxaa/nrf_sdh_ble.c.o
LOAD _build/nrf52832_xxaa/nrf_sdh_soc.c.o
LOAD _build/nrf52832_xxaa/nrfx_timer.c.o
LOAD /home/andres/Documentos/nordic-toolchain/gcc-arm-none-eabi-8-2018-q4-major/bin/../lib/gcc/arm-none-eabi/8.2.1/../../../../arm-none-eabi/lib/thumb/v7e-m+fp/hard/libc_nano.a
LOAD /home/andres/Documentos/nordic-toolchain/gcc-arm-none-eabi-8-2018-q4-major/bin/../lib/gcc/arm-none-eabi/8.2.1/../../../../arm-none-eabi/lib/thumb/v7e-m+fp/hard/libnosys.a
LOAD /home/andres/Documentos/nordic-toolchain/gcc-arm-none-eabi-8-2018-q4-major/bin/../lib/gcc/arm-none-eabi/8.2.1/../../../../arm-none-eabi/lib/thumb/v7e-m+fp/hard/libm.a
START GROUP
LOAD /home/andres/Documentos/nordic-toolchain/gcc-arm-none-eabi-8-2018-q4-major/bin/../lib/gcc/arm-none-eabi/8.2.1/thumb/v7e-m+fp/hard/libgcc.a
LOAD /home/andres/Documentos/nordic-toolchain/gcc-arm-none-eabi-8-2018-q4-major/bin/../lib/gcc/arm-none-eabi/8.2.1/../../../../arm-none-eabi/lib/thumb/v7e-m+fp/hard/libg_nano.a
LOAD /home/andres/Documentos/nordic-toolchain/gcc-arm-none-eabi-8-2018-q4-major/bin/../lib/gcc/arm-none-eabi/8.2.1/../../../../arm-none-eabi/lib/thumb/v7e-m+fp/hard/libc_nano.a
END GROUP
START GROUP
LOAD /home/andres/Documentos/nordic-toolchain/gcc-arm-none-eabi-8-2018-q4-major/bin/../lib/gcc/arm-none-eabi/8.2.1/thumb/v7e-m+fp/hard/libgcc.a
LOAD /home/andres/Documentos/nordic-toolchain/gcc-arm-none-eabi-8-2018-q4-major/bin/../lib/gcc/arm-none-eabi/8.2.1/../../../../arm-none-eabi/lib/thumb/v7e-m+fp/hard/libc_nano.a
END GROUP
LOAD /home/andres/Documentos/nordic-toolchain/gcc-arm-none-eabi-8-2018-q4-major/bin/../lib/gcc/arm-none-eabi/8.2.1/thumb/v7e-m+fp/hard/crtend.o
LOAD /home/andres/Documentos/nordic-toolchain/gcc-arm-none-eabi-8-2018-q4-major/bin/../lib/gcc/arm-none-eabi/8.2.1/thumb/v7e-m+fp/hard/crtn.o
START GROUP
LOAD /home/andres/Documentos/nordic-toolchain/gcc-arm-none-eabi-8-2018-q4-major/bin/../lib/gcc/arm-none-eabi/8.2.1/thumb/v7e-m+fp/hard/libgcc.a
LOAD /home/andres/Documentos/nordic-toolchain/gcc-arm-none-eabi-8-2018-q4-major/bin/../lib/gcc/arm-none-eabi/8.2.1/../../../../arm-none-eabi/lib/thumb/v7e-m+fp/hard/libc.a
LOAD /home/andres/Documentos/nordic-toolchain/gcc-arm-none-eabi-8-2018-q4-major/bin/../lib/gcc/arm-none-eabi/8.2.1/../../../../arm-none-eabi/lib/thumb/v7e-m+fp/hard/libnosys.a
END GROUP

.igot.plt       0x00000000200020b8        0x0 load address 0x000000000002d120
 .igot.plt      0x00000000200020b8        0x0 /home/andres/Documentos/nordic-toolchain/gcc-arm-none-eabi-8-2018-q4-major/bin/../lib/gcc/arm-none-eabi/8.2.1/thumb/v7e-m+fp/hard/crtbegin.o
                0x00000000200020b8                . = ALIGN (0x4)

.mem_section_dummy_ram

.log_dynamic_data
                0x00000000200020b8        0x0
                0x00000000200020b8                PROVIDE (__start_log_dynamic_data = .)
 *(SORT_BY_NAME(.log_dynamic_data*))
                [!provide]                        PROVIDE (__stop_log_dynamic_data = .)

.log_filter_data
                0x00000000200020b8        0x0
                [!provide]                        PROVIDE (__start_log_filter_data = .)
 *(SORT_BY_NAME(.log_filter_data*))
                [!provide]                        PROVIDE (__stop_log_filter_data = .)

.cli_sorted_cmd_ptrs
                0x00000000200020b8        0x0
                [!provide]                        PROVIDE (__start_cli_sorted_cmd_ptrs = .)
 *(.cli_sorted_cmd_ptrs)
                [!provide]                        PROVIDE (__stop_cli_sorted_cmd_ptrs = .)

.fs_data        0x00000000200020b8        0x0
                [!provide]                        PROVIDE (__start_fs_data = .)
 *(.fs_data)
                [!provide]                        PROVIDE (__stop_fs_data = .)

.bss            0x00000000200020b8      0xf80 load address 0x000000000002d120
                0x00000000200020b8                . = ALIGN (0x4)
                0x00000000200020b8                __bss_start__ = .
 *(.bss*)
 .bss           0x00000000200020b8       0x1c /home/andres/Documentos/nordic-toolchain/gcc-arm-none-eabi-8-2018-q4-major/bin/../lib/gcc/arm-none-eabi/8.2.1/thumb/v7e-m+fp/hard/crtbegin.o
 .bss.m_host_present
                0x00000000200020d4        0x1 _build/nrf52832_xxaa/nrf_log_backend_rtt.c.o
 *fill*         0x00000000200020d5        0x3 
 .bss.m_string_buff
                0x00000000200020d8       0x40 _build/nrf52832_xxaa/nrf_log_backend_rtt.c.o
 .bss.log_mempool_nrf_balloc_cb
                0x0000000020002118        0x8 _build/nrf52832_xxaa/nrf_log_frontend.c.o
 .bss.log_mempool_nrf_balloc_pool_mem
                0x0000000020002120       0xc0 _build/nrf52832_xxaa/nrf_log_frontend.c.o
 .bss.log_mempool_nrf_balloc_pool_stack
                0x00000000200021e0        0x8 _build/nrf52832_xxaa/nrf_log_frontend.c.o
 .bss.m_log_data
                0x00000000200021e8      0x424 _build/nrf52832_xxaa/nrf_log_frontend.c.o
 .bss.m_log_push_ringbuf_buf
                0x000000002000260c       0x80 _build/nrf52832_xxaa/nrf_log_frontend.c.o
 .bss.m_log_push_ringbuf_cb
                0x000000002000268c       0x18 _build/nrf52832_xxaa/nrf_log_frontend.c.o
 .bss.m_button_count
                0x00000000200026a4        0x1 _build/nrf52832_xxaa/app_button.c.o
 *fill*         0x00000000200026a5        0x3 
 .bss.m_detection_delay
                0x00000000200026a8        0x4 _build/nrf52832_xxaa/app_button.c.o
 .bss.m_detection_delay_timer_id_data
                0x00000000200026ac       0x20 _build/nrf52832_xxaa/app_button.c.o
 *fill*         0x00000000200026cc        0x4 
 .bss.m_pin_state
                0x00000000200026d0        0x8 _build/nrf52832_xxaa/app_button.c.o
 .bss.m_pin_transition
                0x00000000200026d8        0x8 _build/nrf52832_xxaa/app_button.c.o
 .bss.mp_buttons
                0x00000000200026e0        0x4 _build/nrf52832_xxaa/app_button.c.o
 .bss.m_op_queue
                0x00000000200026e4      0x10c _build/nrf52832_xxaa/app_timer.c.o
 .bss.m_rtc1_reset
                0x00000000200027f0        0x1 _build/nrf52832_xxaa/app_timer.c.o
 .bss.m_rtc1_running
                0x00000000200027f1        0x1 _build/nrf52832_xxaa/app_timer.c.o
 *fill*         0x00000000200027f2        0x2 
 .bss.m_ticks_elapsed
                0x00000000200027f4        0x8 _build/nrf52832_xxaa/app_timer.c.o
 .bss.m_ticks_elapsed_q_read_ind
                0x00000000200027fc        0x1 _build/nrf52832_xxaa/app_timer.c.o
 .bss.m_ticks_elapsed_q_write_ind
                0x00000000200027fd        0x1 _build/nrf52832_xxaa/app_timer.c.o
 *fill*         0x00000000200027fe        0x2 
 .bss.m_ticks_latest
                0x0000000020002800        0x4 _build/nrf52832_xxaa/app_timer.c.o
 .bss.mp_timer_id_head
                0x0000000020002804        0x4 _build/nrf52832_xxaa/app_timer.c.o
 .bss.m_handlers_iter
                0x0000000020002808        0x8 _build/nrf52832_xxaa/nrf_pwr_mgmt.c.o
 .bss.m_shutdown_started
                0x0000000020002810        0x1 _build/nrf52832_xxaa/nrf_pwr_mgmt.c.o
 *fill*         0x0000000020002811        0x3 
 .bss.m_sysoff_mtx
                0x0000000020002814        0x4 _build/nrf52832_xxaa/nrf_pwr_mgmt.c.o
 .bss.m_clock_cb
                0x0000000020002818       0x14 _build/nrf52832_xxaa/nrf_drv_clock.c.o
 .bss.m_clock_cb
                0x000000002000282c        0x8 _build/nrf52832_xxaa/nrfx_clock.c.o
 *fill*         0x0000000020002834        0x4 
 .bss.m_cb      0x0000000020002838       0x5c _build/nrf52832_xxaa/nrfx_gpiote.c.o
 .bss.m_prs_box_4
                0x0000000020002894        0x8 _build/nrf52832_xxaa/nrfx_prs.c.o
 .bss.m_events_list
                0x000000002000289c        0xc _build/nrf52832_xxaa/bsp.c.o
 .bss.m_error_handler
                0x00000000200028a8        0x4 _build/nrf52832_xxaa/bsp_btn_ble.c.o
 .bss.m_num_connections
                0x00000000200028ac        0x4 _build/nrf52832_xxaa/bsp_btn_ble.c.o
 .bss.ledStatus
                0x00000000200028b0        0x1 _build/nrf52832_xxaa/main.c.o
                0x00000000200028b0                ledStatus
 *fill*         0x00000000200028b1        0x3 
 .bss.m_ble_lbs_c
                0x00000000200028b4       0x10 _build/nrf52832_xxaa/main.c.o
 .bss.m_gatt    0x00000000200028c4       0x14 _build/nrf52832_xxaa/main.c.o
 .bss.m_scan    0x00000000200028d8       0x68 _build/nrf52832_xxaa/main.c.o
 .bss._acDownBuffer
                0x0000000020002940       0x10 _build/nrf52832_xxaa/SEGGER_RTT.c.o
 .bss._acUpBuffer
                0x0000000020002950      0x200 _build/nrf52832_xxaa/SEGGER_RTT.c.o
 .bss.m_bcs     0x0000000020002b50       0x78 _build/nrf52832_xxaa/ble_conn_state.c.o
 .bss.m_evt_handler
                0x0000000020002bc8        0x4 _build/nrf52832_xxaa/ble_db_discovery.c.o
 .bss.m_initialized
                0x0000000020002bcc        0x1 _build/nrf52832_xxaa/ble_db_discovery.c.o
 *fill*         0x0000000020002bcd        0x3 
 .bss.m_num_of_handlers_reg
                0x0000000020002bd0        0x4 _build/nrf52832_xxaa/ble_db_discovery.c.o
 .bss.m_pending_user_evts
                0x0000000020002bd4      0x300 _build/nrf52832_xxaa/ble_db_discovery.c.o
 .bss.m_pending_usr_evt_index
                0x0000000020002ed4        0x4 _build/nrf52832_xxaa/ble_db_discovery.c.o
 .bss.m_registered_handlers
                0x0000000020002ed8       0x18 _build/nrf52832_xxaa/ble_db_discovery.c.o
 .bss.m_tx_buffer
                0x0000000020002ef0       0xa0 _build/nrf52832_xxaa/ble_lbs_c.c.o
 .bss.m_tx_index
                0x0000000020002f90        0x4 _build/nrf52832_xxaa/ble_lbs_c.c.o
 .bss.m_tx_insert_index
                0x0000000020002f94        0x4 _build/nrf52832_xxaa/ble_lbs_c.c.o
 .bss.m_nrf_sdh_continue
                0x0000000020002f98        0x1 _build/nrf52832_xxaa/nrf_sdh.c.o
 .bss.m_nrf_sdh_enabled
                0x0000000020002f99        0x1 _build/nrf52832_xxaa/nrf_sdh.c.o
 .bss.m_nrf_sdh_suspended
                0x0000000020002f9a        0x1 _build/nrf52832_xxaa/nrf_sdh.c.o
 .bss.m_stack_is_enabled
                0x0000000020002f9b        0x1 _build/nrf52832_xxaa/nrf_sdh_ble.c.o
 .bss.m_cb      0x0000000020002f9c       0x18 _build/nrf52832_xxaa/nrfx_timer.c.o
 *(COMMON)
 COMMON         0x0000000020002fb4        0xc _build/nrf52832_xxaa/app_util_platform.c.o
                0x0000000020002fb4                nrf_nvic_state
 COMMON         0x0000000020002fc0       0x78 _build/nrf52832_xxaa/SEGGER_RTT.c.o
                0x0000000020002fc0                _SEGGER_RTT
                0x0000000020003038                . = ALIGN (0x4)
                0x0000000020003038                __bss_end__ = .

.heap           0x0000000020003038        0x0
                0x0000000020003038                __HeapBase = .
                0x0000000020003038                __end__ = .
                [!provide]                        PROVIDE (end = .)
 *(.heap*)
 .heap          0x0000000020003038        0x0 _build/nrf52832_xxaa/gcc_startup_nrf52.S.o
                0x0000000020003038                __HeapLimit = .

.stack_dummy    0x0000000020003038     0x2000
 *(.stack*)
 .stack         0x0000000020003038     0x2000 _build/nrf52832_xxaa/gcc_startup_nrf52.S.o
                0x0000000020010000                __StackTop = (ORIGIN (RAM) + LENGTH (RAM))
                0x000000002000e000                __StackLimit = (__StackTop - SIZEOF (.stack_dummy))
                0x0000000020010000                PROVIDE (__stack = __StackTop)
                0x0000000000000001                ASSERT ((__StackLimit >= __HeapLimit), region RAM overflowed with stack)
                0x0000000000000348                DataInitFlashUsed = (__bss_start__ - __data_start__)
                0x0000000000006dd8                CodeFlashUsed = (__etext - ORIGIN (FLASH))
                0x0000000000007120                TotalFlashUsed = (CodeFlashUsed + DataInitFlashUsed)
                0x0000000000000001                ASSERT ((TotalFlashUsed <= LENGTH (FLASH)), region FLASH overflowed with .data and user data)
OUTPUT(_build/nrf52832_xxaa.out elf32-littlearm)

.ARM.attributes
                0x0000000000000000       0x30
 .ARM.attributes
                0x0000000000000000       0x1e /home/andres/Documentos/nordic-toolchain/gcc-arm-none-eabi-8-2018-q4-major/bin/../lib/gcc/arm-none-eabi/8.2.1/thumb/v7e-m+fp/hard/crti.o
 .ARM.attributes
                0x000000000000001e       0x34 /home/andres/Documentos/nordic-toolchain/gcc-arm-none-eabi-8-2018-q4-major/bin/../lib/gcc/arm-none-eabi/8.2.1/thumb/v7e-m+fp/hard/crtbegin.o
 .ARM.attributes
                0x0000000000000052       0x1c /home/andres/Documentos/nordic-toolchain/gcc-arm-none-eabi-8-2018-q4-major/bin/../lib/gcc/arm-none-eabi/8.2.1/../../../../arm-none-eabi/lib/thumb/v7e-m+fp/hard/crt0.o
 .ARM.attributes
                0x000000000000006e       0x20 _build/nrf52832_xxaa/gcc_startup_nrf52.S.o
 .ARM.attributes
                0x000000000000008e       0x34 _build/nrf52832_xxaa/nrf_log_backend_rtt.c.o
 .ARM.attributes
                0x00000000000000c2       0x34 _build/nrf52832_xxaa/nrf_log_backend_serial.c.o
 .ARM.attributes
                0x00000000000000f6       0x34 _build/nrf52832_xxaa/nrf_log_default_backends.c.o
 .ARM.attributes
                0x000000000000012a       0x34 _build/nrf52832_xxaa/nrf_log_frontend.c.o
 .ARM.attributes
                0x000000000000015e       0x34 _build/nrf52832_xxaa/nrf_log_str_formatter.c.o
 .ARM.attributes
                0x0000000000000192       0x34 _build/nrf52832_xxaa/app_button.c.o
 .ARM.attributes
                0x00000000000001c6       0x34 _build/nrf52832_xxaa/app_error.c.o
 .ARM.attributes
                0x00000000000001fa       0x34 _build/nrf52832_xxaa/app_error_weak.c.o
 .ARM.attributes
                0x000000000000022e       0x34 _build/nrf52832_xxaa/app_timer.c.o
 .ARM.attributes
                0x0000000000000262       0x34 _build/nrf52832_xxaa/app_util_platform.c.o
 .ARM.attributes
                0x0000000000000296       0x34 _build/nrf52832_xxaa/nrf_atflags.c.o
 .ARM.attributes
                0x00000000000002ca       0x34 _build/nrf52832_xxaa/nrf_atomic.c.o
 .ARM.attributes
                0x00000000000002fe       0x34 _build/nrf52832_xxaa/nrf_balloc.c.o
 .ARM.attributes
                0x0000000000000332       0x34 _build/nrf52832_xxaa/nrf_fprintf.c.o
 .ARM.attributes
                0x0000000000000366       0x34 _build/nrf52832_xxaa/nrf_fprintf_format.c.o
 .ARM.attributes
                0x000000000000039a       0x34 _build/nrf52832_xxaa/nrf_memobj.c.o
 .ARM.attributes
                0x00000000000003ce       0x34 _build/nrf52832_xxaa/nrf_pwr_mgmt.c.o
 .ARM.attributes
                0x0000000000000402       0x34 _build/nrf52832_xxaa/nrf_ringbuf.c.o
 .ARM.attributes
                0x0000000000000436       0x34 _build/nrf52832_xxaa/nrf_section_iter.c.o
 .ARM.attributes
                0x000000000000046a       0x34 _build/nrf52832_xxaa/nrf_strerror.c.o
 .ARM.attributes
                0x000000000000049e       0x34 _build/nrf52832_xxaa/system_nrf52.c.o
 .ARM.attributes
                0x00000000000004d2       0x34 _build/nrf52832_xxaa/boards.c.o
 .ARM.attributes
                0x0000000000000506       0x34 _build/nrf52832_xxaa/nrf_drv_clock.c.o
 .ARM.attributes
                0x000000000000053a       0x34 _build/nrf52832_xxaa/nrfx_clock.c.o
 .ARM.attributes
                0x000000000000056e       0x34 _build/nrf52832_xxaa/nrfx_gpiote.c.o
 .ARM.attributes
                0x00000000000005a2       0x34 _build/nrf52832_xxaa/nrfx_prs.c.o
 .ARM.attributes
                0x00000000000005d6       0x34 _build/nrf52832_xxaa/nrfx_uart.c.o
 .ARM.attributes
                0x000000000000060a       0x34 _build/nrf52832_xxaa/nrfx_uarte.c.o
 .ARM.attributes
                0x000000000000063e       0x34 _build/nrf52832_xxaa/bsp.c.o
 .ARM.attributes
                0x0000000000000672       0x34 _build/nrf52832_xxaa/bsp_btn_ble.c.o
 .ARM.attributes
                0x00000000000006a6       0x34 _build/nrf52832_xxaa/main.c.o
 .ARM.attributes
                0x00000000000006da       0x34 _build/nrf52832_xxaa/SEGGER_RTT.c.o
 .ARM.attributes
                0x000000000000070e       0x34 _build/nrf52832_xxaa/ble_advdata.c.o
 .ARM.attributes
                0x0000000000000742       0x34 _build/nrf52832_xxaa/ble_conn_state.c.o
 .ARM.attributes
                0x0000000000000776       0x34 _build/nrf52832_xxaa/ble_db_discovery.c.o
 .ARM.attributes
                0x00000000000007aa       0x34 _build/nrf52832_xxaa/nrf_ble_gatt.c.o
 .ARM.attributes
                0x00000000000007de       0x34 _build/nrf52832_xxaa/nrf_ble_scan.c.o
 .ARM.attributes
                0x0000000000000812       0x34 _build/nrf52832_xxaa/ble_lbs_c.c.o
 .ARM.attributes
                0x0000000000000846       0x34 _build/nrf52832_xxaa/nrf_sdh.c.o
 .ARM.attributes
                0x000000000000087a       0x34 _build/nrf52832_xxaa/nrf_sdh_ble.c.o
 .ARM.attributes
                0x00000000000008ae       0x34 _build/nrf52832_xxaa/nrf_sdh_soc.c.o
 .ARM.attributes
                0x00000000000008e2       0x34 _build/nrf52832_xxaa/nrfx_timer.c.o
 .ARM.attributes
                0x0000000000000916       0x32 /home/andres/Documentos/nordic-toolchain/gcc-arm-none-eabi-8-2018-q4-major/bin/../lib/gcc/arm-none-eabi/8.2.1/../../../../arm-none-eabi/lib/thumb/v7e-m+fp/hard/libc_nano.a(lib_a-ctype_.o)
 .ARM.attributes
                0x0000000000000948       0x34 /home/andres/Documentos/nordic-toolchain/gcc-arm-none-eabi-8-2018-q4-major/bin/../lib/gcc/arm-none-eabi/8.2.1/../../../../arm-none-eabi/lib/thumb/v7e-m+fp/hard/libc_nano.a(lib_a-exit.o)
 .ARM.attributes
                0x000000000000097c       0x32 /home/andres/Documentos/nordic-toolchain/gcc-arm-none-eabi-8-2018-q4-major/bin/../lib/gcc/arm-none-eabi/8.2.1/../../../../arm-none-eabi/lib/thumb/v7e-m+fp/hard/libc_nano.a(lib_a-impure.o)
 .ARM.attributes
                0x00000000000009ae       0x34 /home/andres/Documentos/nordic-toolchain/gcc-arm-none-eabi-8-2018-q4-major/bin/../lib/gcc/arm-none-eabi/8.2.1/../../../../arm-none-eabi/lib/thumb/v7e-m+fp/hard/libc_nano.a(lib_a-init.o)
 .ARM.attributes
                0x00000000000009e2       0x34 /home/andres/Documentos/nordic-toolchain/gcc-arm-none-eabi-8-2018-q4-major/bin/../lib/gcc/arm-none-eabi/8.2.1/../../../../arm-none-eabi/lib/thumb/v7e-m+fp/hard/libc_nano.a(lib_a-memcmp.o)
 .ARM.attributes
                0x0000000000000a16       0x34 /home/andres/Documentos/nordic-toolchain/gcc-arm-none-eabi-8-2018-q4-major/bin/../lib/gcc/arm-none-eabi/8.2.1/../../../../arm-none-eabi/lib/thumb/v7e-m+fp/hard/libc_nano.a(lib_a-memcpy-stub.o)
 .ARM.attributes
                0x0000000000000a4a       0x34 /home/andres/Documentos/nordic-toolchain/gcc-arm-none-eabi-8-2018-q4-major/bin/../lib/gcc/arm-none-eabi/8.2.1/../../../../arm-none-eabi/lib/thumb/v7e-m+fp/hard/libc_nano.a(lib_a-memset.o)
 .ARM.attributes
                0x0000000000000a7e       0x1c /home/andres/Documentos/nordic-toolchain/gcc-arm-none-eabi-8-2018-q4-major/bin/../lib/gcc/arm-none-eabi/8.2.1/../../../../arm-none-eabi/lib/thumb/v7e-m+fp/hard/libc_nano.a(lib_a-strcmp.o)
 .ARM.attributes
                0x0000000000000a9a       0x34 /home/andres/Documentos/nordic-toolchain/gcc-arm-none-eabi-8-2018-q4-major/bin/../lib/gcc/arm-none-eabi/8.2.1/../../../../arm-none-eabi/lib/thumb/v7e-m+fp/hard/libc_nano.a(lib_a-strcpy.o)
 .ARM.attributes
                0x0000000000000ace       0x17 /home/andres/Documentos/nordic-toolchain/gcc-arm-none-eabi-8-2018-q4-major/bin/../lib/gcc/arm-none-eabi/8.2.1/../../../../arm-none-eabi/lib/thumb/v7e-m+fp/hard/libc_nano.a(lib_a-strlen.o)
 .ARM.attributes
                0x0000000000000ae5       0x34 /home/andres/Documentos/nordic-toolchain/gcc-arm-none-eabi-8-2018-q4-major/bin/../lib/gcc/arm-none-eabi/8.2.1/../../../../arm-none-eabi/lib/thumb/v7e-m+fp/hard/libnosys.a(_exit.o)
 .ARM.attributes
                0x0000000000000b19       0x32 /home/andres/Documentos/nordic-toolchain/gcc-arm-none-eabi-8-2018-q4-major/bin/../lib/gcc/arm-none-eabi/8.2.1/thumb/v7e-m+fp/hard/crtend.o
 .ARM.attributes
                0x0000000000000b4b       0x1e /home/andres/Documentos/nordic-toolchain/gcc-arm-none-eabi-8-2018-q4-major/bin/../lib/gcc/arm-none-eabi/8.2.1/thumb/v7e-m+fp/hard/crtn.o

.comment        0x0000000000000000       0x75
 .comment       0x0000000000000000       0x75 _build/nrf52832_xxaa/nrf_log_backend_rtt.c.o
                                         0x76 (size before relaxing)
 .comment       0x0000000000000075       0x76 _build/nrf52832_xxaa/nrf_log_backend_serial.c.o
 .comment       0x0000000000000075       0x76 _build/nrf52832_xxaa/nrf_log_default_backends.c.o
 .comment       0x0000000000000075       0x76 _build/nrf52832_xxaa/nrf_log_frontend.c.o
 .comment       0x0000000000000075       0x76 _build/nrf52832_xxaa/nrf_log_str_formatter.c.o
 .comment       0x0000000000000075       0x76 _build/nrf52832_xxaa/app_button.c.o
 .comment       0x0000000000000075       0x76 _build/nrf52832_xxaa/app_error.c.o
 .comment       0x0000000000000075       0x76 _build/nrf52832_xxaa/app_error_weak.c.o
 .comment       0x0000000000000075       0x76 _build/nrf52832_xxaa/app_timer.c.o
 .comment       0x0000000000000075       0x76 _build/nrf52832_xxaa/app_util_platform.c.o
 .comment       0x0000000000000075       0x76 _build/nrf52832_xxaa/nrf_atflags.c.o
 .comment       0x0000000000000075       0x76 _build/nrf52832_xxaa/nrf_atomic.c.o
 .comment       0x0000000000000075       0x76 _build/nrf52832_xxaa/nrf_balloc.c.o
 .comment       0x0000000000000075       0x76 _build/nrf52832_xxaa/nrf_fprintf.c.o
 .comment       0x0000000000000075       0x76 _build/nrf52832_xxaa/nrf_fprintf_format.c.o
 .comment       0x0000000000000075       0x76 _build/nrf52832_xxaa/nrf_memobj.c.o
 .comment       0x0000000000000075       0x76 _build/nrf52832_xxaa/nrf_pwr_mgmt.c.o
 .comment       0x0000000000000075       0x76 _build/nrf52832_xxaa/nrf_ringbuf.c.o
 .comment       0x0000000000000075       0x76 _build/nrf52832_xxaa/nrf_section_iter.c.o
 .comment       0x0000000000000075       0x76 _build/nrf52832_xxaa/nrf_strerror.c.o
 .comment       0x0000000000000075       0x76 _build/nrf52832_xxaa/system_nrf52.c.o
 .comment       0x0000000000000075       0x76 _build/nrf52832_xxaa/boards.c.o
 .comment       0x0000000000000075       0x76 _build/nrf52832_xxaa/nrf_drv_clock.c.o
 .comment       0x0000000000000075       0x76 _build/nrf52832_xxaa/nrfx_clock.c.o
 .comment       0x0000000000000075       0x76 _build/nrf52832_xxaa/nrfx_gpiote.c.o
 .comment       0x0000000000000075       0x76 _build/nrf52832_xxaa/nrfx_prs.c.o
 .comment       0x0000000000000075       0x76 _build/nrf52832_xxaa/nrfx_uart.c.o
 .comment       0x0000000000000075       0x76 _build/nrf52832_xxaa/nrfx_uarte.c.o
 .comment       0x0000000000000075       0x76 _build/nrf52832_xxaa/bsp.c.o
 .comment       0x0000000000000075       0x76 _build/nrf52832_xxaa/bsp_btn_ble.c.o
 .comment       0x0000000000000075       0x76 _build/nrf52832_xxaa/main.c.o
 .comment       0x0000000000000075       0x76 _build/nrf52832_xxaa/SEGGER_RTT.c.o
 .comment       0x0000000000000075       0x76 _build/nrf52832_xxaa/ble_advdata.c.o
 .comment       0x0000000000000075       0x76 _build/nrf52832_xxaa/ble_conn_state.c.o
 .comment       0x0000000000000075       0x76 _build/nrf52832_xxaa/ble_db_discovery.c.o
 .comment       0x0000000000000075       0x76 _build/nrf52832_xxaa/nrf_ble_gatt.c.o
 .comment       0x0000000000000075       0x76 _build/nrf52832_xxaa/nrf_ble_scan.c.o
 .comment       0x0000000000000075       0x76 _build/nrf52832_xxaa/ble_lbs_c.c.o
 .comment       0x0000000000000075       0x76 _build/nrf52832_xxaa/nrf_sdh.c.o
 .comment       0x0000000000000075       0x76 _build/nrf52832_xxaa/nrf_sdh_ble.c.o
 .comment       0x0000000000000075       0x76 _build/nrf52832_xxaa/nrf_sdh_soc.c.o
 .comment       0x0000000000000075       0x76 _build/nrf52832_xxaa/nrfx_timer.c.o

.debug_line     0x0000000000000000    0x298b8
 .debug_line    0x0000000000000000       0x86 _build/nrf52832_xxaa/gcc_startup_nrf52.S.o
 .debug_line    0x0000000000000086      0xb42 _build/nrf52832_xxaa/nrf_log_backend_rtt.c.o
 .debug_line    0x0000000000000bc8      0x920 _build/nrf52832_xxaa/nrf_log_backend_serial.c.o
 .debug_line    0x00000000000014e8      0x800 _build/nrf52832_xxaa/nrf_log_default_backends.c.o
 .debug_line    0x0000000000001ce8     0x2c90 _build/nrf52832_xxaa/nrf_log_frontend.c.o
 .debug_line    0x0000000000004978      0xa12 _build/nrf52832_xxaa/nrf_log_str_formatter.c.o
 .debug_line    0x000000000000538a      0xb8e _build/nrf52832_xxaa/app_button.c.o
 .debug_line    0x0000000000005f18      0x5f9 _build/nrf52832_xxaa/app_error.c.o
 .debug_line    0x0000000000006511      0x8fb _build/nrf52832_xxaa/app_error_weak.c.o
 .debug_line    0x0000000000006e0c     0x1772 _build/nrf52832_xxaa/app_timer.c.o
 .debug_line    0x000000000000857e      0x83d _build/nrf52832_xxaa/app_util_platform.c.o
 .debug_line    0x0000000000008dbb      0x881 _build/nrf52832_xxaa/nrf_atflags.c.o
 .debug_line    0x000000000000963c      0x860 _build/nrf52832_xxaa/nrf_atomic.c.o
 .debug_line    0x0000000000009e9c      0x947 _build/nrf52832_xxaa/nrf_balloc.c.o
 .debug_line    0x000000000000a7e3      0x5d2 _build/nrf52832_xxaa/nrf_fprintf.c.o
 .debug_line    0x000000000000adb5      0xdc7 _build/nrf52832_xxaa/nrf_fprintf_format.c.o
 .debug_line    0x000000000000bb7c      0xb4f _build/nrf52832_xxaa/nrf_memobj.c.o
 .debug_line    0x000000000000c6cb      0xeda _build/nrf52832_xxaa/nrf_pwr_mgmt.c.o
 .debug_line    0x000000000000d5a5      0xa58 _build/nrf52832_xxaa/nrf_ringbuf.c.o
 .debug_line    0x000000000000dffd      0x5e8 _build/nrf52832_xxaa/nrf_section_iter.c.o
 .debug_line    0x000000000000e5e5      0x6c7 _build/nrf52832_xxaa/nrf_strerror.c.o
 .debug_line    0x000000000000ecac      0x956 _build/nrf52832_xxaa/system_nrf52.c.o
 .debug_line    0x000000000000f602     0x1017 _build/nrf52832_xxaa/boards.c.o
 .debug_line    0x0000000000010619     0x1202 _build/nrf52832_xxaa/nrf_drv_clock.c.o
 .debug_line    0x000000000001181b     0x1090 _build/nrf52832_xxaa/nrfx_clock.c.o
 .debug_line    0x00000000000128ab     0x2e15 _build/nrf52832_xxaa/nrfx_gpiote.c.o
 .debug_line    0x00000000000156c0      0x9bc _build/nrf52832_xxaa/nrfx_prs.c.o
 .debug_line    0x000000000001607c     0x1e64 _build/nrf52832_xxaa/nrfx_uart.c.o
 .debug_line    0x0000000000017ee0     0x1b61 _build/nrf52832_xxaa/nrfx_uarte.c.o
 .debug_line    0x0000000000019a41     0x1144 _build/nrf52832_xxaa/bsp.c.o
 .debug_line    0x000000000001ab85      0xb3b _build/nrf52832_xxaa/bsp_btn_ble.c.o
 .debug_line    0x000000000001b6c0     0x1667 _build/nrf52832_xxaa/main.c.o
 .debug_line    0x000000000001cd27     0x2b86 _build/nrf52832_xxaa/SEGGER_RTT.c.o
 .debug_line    0x000000000001f8ad     0x13cd _build/nrf52832_xxaa/ble_advdata.c.o
 .debug_line    0x0000000000020c7a     0x109d _build/nrf52832_xxaa/ble_conn_state.c.o
 .debug_line    0x0000000000021d17     0x17d4 _build/nrf52832_xxaa/ble_db_discovery.c.o
 .debug_line    0x00000000000234eb      0xd02 _build/nrf52832_xxaa/nrf_ble_gatt.c.o
 .debug_line    0x00000000000241ed     0x1029 _build/nrf52832_xxaa/nrf_ble_scan.c.o
 .debug_line    0x0000000000025216      0xf9e _build/nrf52832_xxaa/ble_lbs_c.c.o
 .debug_line    0x00000000000261b4      0xff4 _build/nrf52832_xxaa/nrf_sdh.c.o
 .debug_line    0x00000000000271a8      0xa33 _build/nrf52832_xxaa/nrf_sdh_ble.c.o
 .debug_line    0x0000000000027bdb      0x838 _build/nrf52832_xxaa/nrf_sdh_soc.c.o
 .debug_line    0x0000000000028413     0x14a5 _build/nrf52832_xxaa/nrfx_timer.c.o

.debug_info     0x0000000000000000    0x57aeb
 .debug_info    0x0000000000000000       0x26 _build/nrf52832_xxaa/gcc_startup_nrf52.S.o
 .debug_info    0x0000000000000026     0x1193 _build/nrf52832_xxaa/nrf_log_backend_rtt.c.o
 .debug_info    0x00000000000011b9     0x1254 _build/nrf52832_xxaa/nrf_log_backend_serial.c.o
 .debug_info    0x000000000000240d      0xd9e _build/nrf52832_xxaa/nrf_log_default_backends.c.o
 .debug_info    0x00000000000031ab     0x4b7f _build/nrf52832_xxaa/nrf_log_frontend.c.o
 .debug_info    0x0000000000007d2a     0x141d _build/nrf52832_xxaa/nrf_log_str_formatter.c.o
 .debug_info    0x0000000000009147     0x1045 _build/nrf52832_xxaa/app_button.c.o
 .debug_info    0x000000000000a18c      0xbac _build/nrf52832_xxaa/app_error.c.o
 .debug_info    0x000000000000ad38     0x1026 _build/nrf52832_xxaa/app_error_weak.c.o
 .debug_info    0x000000000000bd5e     0x29ec _build/nrf52832_xxaa/app_timer.c.o
 .debug_info    0x000000000000e74a     0x1305 _build/nrf52832_xxaa/app_util_platform.c.o
 .debug_info    0x000000000000fa4f      0xf53 _build/nrf52832_xxaa/nrf_atflags.c.o
 .debug_info    0x00000000000109a2     0x1434 _build/nrf52832_xxaa/nrf_atomic.c.o
 .debug_info    0x0000000000011dd6      0xea4 _build/nrf52832_xxaa/nrf_balloc.c.o
 .debug_info    0x0000000000012c7a      0xb51 _build/nrf52832_xxaa/nrf_fprintf.c.o
 .debug_info    0x00000000000137cb     0x142c _build/nrf52832_xxaa/nrf_fprintf_format.c.o
 .debug_info    0x0000000000014bf7     0x1611 _build/nrf52832_xxaa/nrf_memobj.c.o
 .debug_info    0x0000000000016208     0x1e1a _build/nrf52832_xxaa/nrf_pwr_mgmt.c.o
 .debug_info    0x0000000000018022      0xf99 _build/nrf52832_xxaa/nrf_ringbuf.c.o
 .debug_info    0x0000000000018fbb      0xac1 _build/nrf52832_xxaa/nrf_section_iter.c.o
 .debug_info    0x0000000000019a7c      0xb72 _build/nrf52832_xxaa/nrf_strerror.c.o
 .debug_info    0x000000000001a5ee     0x1277 _build/nrf52832_xxaa/system_nrf52.c.o
 .debug_info    0x000000000001b865     0x171e _build/nrf52832_xxaa/boards.c.o
 .debug_info    0x000000000001cf83     0x207f _build/nrf52832_xxaa/nrf_drv_clock.c.o
 .debug_info    0x000000000001f002     0x1f4e _build/nrf52832_xxaa/nrfx_clock.c.o
 .debug_info    0x0000000000020f50     0x4433 _build/nrf52832_xxaa/nrfx_gpiote.c.o
 .debug_info    0x0000000000025383     0x11ff _build/nrf52832_xxaa/nrfx_prs.c.o
 .debug_info    0x0000000000026582     0x4197 _build/nrf52832_xxaa/nrfx_uart.c.o
 .debug_info    0x000000000002a719     0x3d61 _build/nrf52832_xxaa/nrfx_uarte.c.o
 .debug_info    0x000000000002e47a     0x1e95 _build/nrf52832_xxaa/bsp.c.o
 .debug_info    0x000000000003030f     0x28bc _build/nrf52832_xxaa/bsp_btn_ble.c.o
 .debug_info    0x0000000000032bcb     0x4c22 _build/nrf52832_xxaa/main.c.o
 .debug_info    0x00000000000377ed     0x3b51 _build/nrf52832_xxaa/SEGGER_RTT.c.o
 .debug_info    0x000000000003b33e     0x28bd _build/nrf52832_xxaa/ble_advdata.c.o
 .debug_info    0x000000000003dbfb     0x3783 _build/nrf52832_xxaa/ble_conn_state.c.o
 .debug_info    0x000000000004137e     0x3df9 _build/nrf52832_xxaa/ble_db_discovery.c.o
 .debug_info    0x0000000000045177     0x3422 _build/nrf52832_xxaa/nrf_ble_gatt.c.o
 .debug_info    0x0000000000048599     0x3be8 _build/nrf52832_xxaa/nrf_ble_scan.c.o
 .debug_info    0x000000000004c181     0x3157 _build/nrf52832_xxaa/ble_lbs_c.c.o
 .debug_info    0x000000000004f2d8     0x2074 _build/nrf52832_xxaa/nrf_sdh.c.o
 .debug_info    0x000000000005134c     0x2fa9 _build/nrf52832_xxaa/nrf_sdh_ble.c.o
 .debug_info    0x00000000000542f5      0xf68 _build/nrf52832_xxaa/nrf_sdh_soc.c.o
 .debug_info    0x000000000005525d     0x288e _build/nrf52832_xxaa/nrfx_timer.c.o

.debug_abbrev   0x0000000000000000     0xae4d
 .debug_abbrev  0x0000000000000000       0x14 _build/nrf52832_xxaa/gcc_startup_nrf52.S.o
 .debug_abbrev  0x0000000000000014      0x382 _build/nrf52832_xxaa/nrf_log_backend_rtt.c.o
 .debug_abbrev  0x0000000000000396      0x2bd _build/nrf52832_xxaa/nrf_log_backend_serial.c.o
 .debug_abbrev  0x0000000000000653      0x294 _build/nrf52832_xxaa/nrf_log_default_backends.c.o
 .debug_abbrev  0x00000000000008e7      0x62d _build/nrf52832_xxaa/nrf_log_frontend.c.o
 .debug_abbrev  0x0000000000000f14      0x320 _build/nrf52832_xxaa/nrf_log_str_formatter.c.o
 .debug_abbrev  0x0000000000001234      0x323 _build/nrf52832_xxaa/app_button.c.o
 .debug_abbrev  0x0000000000001557      0x276 _build/nrf52832_xxaa/app_error.c.o
 .debug_abbrev  0x00000000000017cd      0x2e9 _build/nrf52832_xxaa/app_error_weak.c.o
 .debug_abbrev  0x0000000000001ab6      0x53a _build/nrf52832_xxaa/app_timer.c.o
 .debug_abbrev  0x0000000000001ff0      0x3e6 _build/nrf52832_xxaa/app_util_platform.c.o
 .debug_abbrev  0x00000000000023d6      0x378 _build/nrf52832_xxaa/nrf_atflags.c.o
 .debug_abbrev  0x000000000000274e      0x378 _build/nrf52832_xxaa/nrf_atomic.c.o
 .debug_abbrev  0x0000000000002ac6      0x34d _build/nrf52832_xxaa/nrf_balloc.c.o
 .debug_abbrev  0x0000000000002e13      0x27d _build/nrf52832_xxaa/nrf_fprintf.c.o
 .debug_abbrev  0x0000000000003090      0x3b8 _build/nrf52832_xxaa/nrf_fprintf_format.c.o
 .debug_abbrev  0x0000000000003448      0x39e _build/nrf52832_xxaa/nrf_memobj.c.o
 .debug_abbrev  0x00000000000037e6      0x508 _build/nrf52832_xxaa/nrf_pwr_mgmt.c.o
 .debug_abbrev  0x0000000000003cee      0x2a1 _build/nrf52832_xxaa/nrf_ringbuf.c.o
 .debug_abbrev  0x0000000000003f8f      0x206 _build/nrf52832_xxaa/nrf_section_iter.c.o
 .debug_abbrev  0x0000000000004195      0x29c _build/nrf52832_xxaa/nrf_strerror.c.o
 .debug_abbrev  0x0000000000004431      0x226 _build/nrf52832_xxaa/system_nrf52.c.o
 .debug_abbrev  0x0000000000004657      0x403 _build/nrf52832_xxaa/boards.c.o
 .debug_abbrev  0x0000000000004a5a      0x5e9 _build/nrf52832_xxaa/nrf_drv_clock.c.o
 .debug_abbrev  0x0000000000005043      0x51a _build/nrf52832_xxaa/nrfx_clock.c.o
 .debug_abbrev  0x000000000000555d      0x5e3 _build/nrf52832_xxaa/nrfx_gpiote.c.o
 .debug_abbrev  0x0000000000005b40      0x362 _build/nrf52832_xxaa/nrfx_prs.c.o
 .debug_abbrev  0x0000000000005ea2      0x585 _build/nrf52832_xxaa/nrfx_uart.c.o
 .debug_abbrev  0x0000000000006427      0x5a8 _build/nrf52832_xxaa/nrfx_uarte.c.o
 .debug_abbrev  0x00000000000069cf      0x51b _build/nrf52832_xxaa/bsp.c.o
 .debug_abbrev  0x0000000000006eea      0x3cf _build/nrf52832_xxaa/bsp_btn_ble.c.o
 .debug_abbrev  0x00000000000072b9      0x605 _build/nrf52832_xxaa/main.c.o
 .debug_abbrev  0x00000000000078be      0x420 _build/nrf52832_xxaa/SEGGER_RTT.c.o
 .debug_abbrev  0x0000000000007cde      0x4a4 _build/nrf52832_xxaa/ble_advdata.c.o
 .debug_abbrev  0x0000000000008182      0x5bb _build/nrf52832_xxaa/ble_conn_state.c.o
 .debug_abbrev  0x000000000000873d      0x625 _build/nrf52832_xxaa/ble_db_discovery.c.o
 .debug_abbrev  0x0000000000008d62      0x4e3 _build/nrf52832_xxaa/nrf_ble_gatt.c.o
 .debug_abbrev  0x0000000000009245      0x52b _build/nrf52832_xxaa/nrf_ble_scan.c.o
 .debug_abbrev  0x0000000000009770      0x4e1 _build/nrf52832_xxaa/ble_lbs_c.c.o
 .debug_abbrev  0x0000000000009c51      0x5a3 _build/nrf52832_xxaa/nrf_sdh.c.o
 .debug_abbrev  0x000000000000a1f4      0x466 _build/nrf52832_xxaa/nrf_sdh_ble.c.o
 .debug_abbrev  0x000000000000a65a      0x2f1 _build/nrf52832_xxaa/nrf_sdh_soc.c.o
 .debug_abbrev  0x000000000000a94b      0x502 _build/nrf52832_xxaa/nrfx_timer.c.o

.debug_aranges  0x0000000000000000      0xfc8
 .debug_aranges
                0x0000000000000000       0x20 _build/nrf52832_xxaa/gcc_startup_nrf52.S.o
 .debug_aranges
                0x0000000000000020       0x38 _build/nrf52832_xxaa/nrf_log_backend_rtt.c.o
 .debug_aranges
                0x0000000000000058       0x20 _build/nrf52832_xxaa/nrf_log_backend_serial.c.o
 .debug_aranges
                0x0000000000000078       0x20 _build/nrf52832_xxaa/nrf_log_default_backends.c.o
 .debug_aranges
                0x0000000000000098       0xb8 _build/nrf52832_xxaa/nrf_log_frontend.c.o
 .debug_aranges
                0x0000000000000150       0x38 _build/nrf52832_xxaa/nrf_log_str_formatter.c.o
 .debug_aranges
                0x0000000000000188       0x48 _build/nrf52832_xxaa/app_button.c.o
 .debug_aranges
                0x00000000000001d0       0x28 _build/nrf52832_xxaa/app_error.c.o
 .debug_aranges
                0x00000000000001f8       0x20 _build/nrf52832_xxaa/app_error_weak.c.o
 .debug_aranges
                0x0000000000000218       0x70 _build/nrf52832_xxaa/app_timer.c.o
 .debug_aranges
                0x0000000000000288       0x48 _build/nrf52832_xxaa/app_util_platform.c.o
 .debug_aranges
                0x00000000000002d0       0x58 _build/nrf52832_xxaa/nrf_atflags.c.o
 .debug_aranges
                0x0000000000000328       0xb0 _build/nrf52832_xxaa/nrf_atomic.c.o
 .debug_aranges
                0x00000000000003d8       0x30 _build/nrf52832_xxaa/nrf_balloc.c.o
 .debug_aranges
                0x0000000000000408       0x28 _build/nrf52832_xxaa/nrf_fprintf.c.o
 .debug_aranges
                0x0000000000000430       0x28 _build/nrf52832_xxaa/nrf_fprintf_format.c.o
 .debug_aranges
                0x0000000000000458       0x50 _build/nrf52832_xxaa/nrf_memobj.c.o
 .debug_aranges
                0x00000000000004a8       0x48 _build/nrf52832_xxaa/nrf_pwr_mgmt.c.o
 .debug_aranges
                0x00000000000004f0       0x50 _build/nrf52832_xxaa/nrf_ringbuf.c.o
 .debug_aranges
                0x0000000000000540       0x28 _build/nrf52832_xxaa/nrf_section_iter.c.o
 .debug_aranges
                0x0000000000000568       0x28 _build/nrf52832_xxaa/nrf_strerror.c.o
 .debug_aranges
                0x0000000000000590       0x28 _build/nrf52832_xxaa/system_nrf52.c.o
 .debug_aranges
                0x00000000000005b8       0x78 _build/nrf52832_xxaa/boards.c.o
 .debug_aranges
                0x0000000000000630       0xa8 _build/nrf52832_xxaa/nrf_drv_clock.c.o
 .debug_aranges
                0x00000000000006d8       0x78 _build/nrf52832_xxaa/nrfx_clock.c.o
 .debug_aranges
                0x0000000000000750       0xd8 _build/nrf52832_xxaa/nrfx_gpiote.c.o
 .debug_aranges
                0x0000000000000828       0x30 _build/nrf52832_xxaa/nrfx_prs.c.o
 .debug_aranges
                0x0000000000000858       0x78 _build/nrf52832_xxaa/nrfx_uart.c.o
 .debug_aranges
                0x00000000000008d0       0x68 _build/nrf52832_xxaa/nrfx_uarte.c.o
 .debug_aranges
                0x0000000000000938       0x80 _build/nrf52832_xxaa/bsp.c.o
 .debug_aranges
                0x00000000000009b8       0x30 _build/nrf52832_xxaa/bsp_btn_ble.c.o
 .debug_aranges
                0x00000000000009e8       0x78 _build/nrf52832_xxaa/main.c.o
 .debug_aranges
                0x0000000000000a60       0xe0 _build/nrf52832_xxaa/SEGGER_RTT.c.o
 .debug_aranges
                0x0000000000000b40       0x78 _build/nrf52832_xxaa/ble_advdata.c.o
 .debug_aranges
                0x0000000000000bb8       0xc0 _build/nrf52832_xxaa/ble_conn_state.c.o
 .debug_aranges
                0x0000000000000c78       0x70 _build/nrf52832_xxaa/ble_db_discovery.c.o
 .debug_aranges
                0x0000000000000ce8       0x70 _build/nrf52832_xxaa/nrf_ble_gatt.c.o
 .debug_aranges
                0x0000000000000d58       0x90 _build/nrf52832_xxaa/nrf_ble_scan.c.o
 .debug_aranges
                0x0000000000000de8       0x60 _build/nrf52832_xxaa/ble_lbs_c.c.o
 .debug_aranges
                0x0000000000000e48       0x70 _build/nrf52832_xxaa/nrf_sdh.c.o
 .debug_aranges
                0x0000000000000eb8       0x50 _build/nrf52832_xxaa/nrf_sdh_ble.c.o
 .debug_aranges
                0x0000000000000f08       0x28 _build/nrf52832_xxaa/nrf_sdh_soc.c.o
 .debug_aranges
                0x0000000000000f30       0x98 _build/nrf52832_xxaa/nrfx_timer.c.o

.debug_str      0x0000000000000000    0x97a17
 .debug_str     0x0000000000000000       0xc7 _build/nrf52832_xxaa/gcc_startup_nrf52.S.o
 .debug_str     0x00000000000000c7    0x7b079 _build/nrf52832_xxaa/nrf_log_backend_rtt.c.o
                                      0x7d1bc (size before relaxing)
 .debug_str     0x000000000007b140      0x229 _build/nrf52832_xxaa/nrf_log_backend_serial.c.o
                                      0x75a0e (size before relaxing)
 .debug_str     0x000000000007b369      0x11b _build/nrf52832_xxaa/nrf_log_default_backends.c.o
                                      0x757be (size before relaxing)
 .debug_str     0x000000000007b484     0x1376 _build/nrf52832_xxaa/nrf_log_frontend.c.o
                                      0x76c7c (size before relaxing)
 .debug_str     0x000000000007c7fa      0x68b _build/nrf52832_xxaa/nrf_log_str_formatter.c.o
                                      0x75f15 (size before relaxing)
 .debug_str     0x000000000007ce85     0x1638 _build/nrf52832_xxaa/app_button.c.o
                                      0x7a683 (size before relaxing)
 .debug_str     0x000000000007e4bd      0x10b _build/nrf52832_xxaa/app_error.c.o
                                      0x60af8 (size before relaxing)
 .debug_str     0x000000000007e5c8      0xa52 _build/nrf52832_xxaa/app_error_weak.c.o
                                      0x76807 (size before relaxing)
 .debug_str     0x000000000007f01a      0xafa _build/nrf52832_xxaa/app_timer.c.o