Archive member included to satisfy reference by file (symbol)

/home/andres/Documentos/nordic-toolchain/gcc-arm-none-eabi-8-2018-q4-major/bin/../lib/gcc/arm-none-eabi/8.2.1/../../../../arm-none-eabi/lib/thumb/v7e-m+fp/hard/libc_nano.a(lib_a-ctype_.o)
                              _build/nrf52832_xxaa/nrf_log_str_formatter.c.o (_ctype_)
/home/andres/Documentos/nordic-toolchain/gcc-arm-none-eabi-8-2018-q4-major/bin/../lib/gcc/arm-none-eabi/8.2.1/../../../../arm-none-eabi/lib/thumb/v7e-m+fp/hard/libc_nano.a(lib_a-exit.o)
                              /home/andres/Documentos/nordic-toolchain/gcc-arm-none-eabi-8-2018-q4-major/bin/../lib/gcc/arm-none-eabi/8.2.1/../../../../arm-none-eabi/lib/thumb/v7e-m+fp/hard/crt0.o (exit)
/home/andres/Documentos/nordic-toolchain/gcc-arm-none-eabi-8-2018-q4-major/bin/../lib/gcc/arm-none-eabi/8.2.1/../../../../arm-none-eabi/lib/thumb/v7e-m+fp/hard/libc_nano.a(lib_a-impure.o)
                              /home/andres/Documentos/nordic-toolchain/gcc-arm-none-eabi-8-2018-q4-major/bin/../lib/gcc/arm-none-eabi/8.2.1/../../../../arm-none-eabi/lib/thumb/v7e-m+fp/hard/libc_nano.a(lib_a-exit.o) (_global_impure_ptr)
/home/andres/Documentos/nordic-toolchain/gcc-arm-none-eabi-8-2018-q4-major/bin/../lib/gcc/arm-none-eabi/8.2.1/../../../../arm-none-eabi/lib/thumb/v7e-m+fp/hard/libc_nano.a(lib_a-init.o)
                              /home/andres/Documentos/nordic-toolchain/gcc-arm-none-eabi-8-2018-q4-major/bin/../lib/gcc/arm-none-eabi/8.2.1/../../../../arm-none-eabi/lib/thumb/v7e-m+fp/hard/crt0.o (__libc_init_array)
/home/andres/Documentos/nordic-toolchain/gcc-arm-none-eabi-8-2018-q4-major/bin/../lib/gcc/arm-none-eabi/8.2.1/../../../../arm-none-eabi/lib/thumb/v7e-m+fp/hard/libc_nano.a(lib_a-memcmp.o)
                              _build/nrf52832_xxaa/ble_advdata.c.o (memcmp)
/home/andres/Documentos/nordic-toolchain/gcc-arm-none-eabi-8-2018-q4-major/bin/../lib/gcc/arm-none-eabi/8.2.1/../../../../arm-none-eabi/lib/thumb/v7e-m+fp/hard/libc_nano.a(lib_a-memcpy-stub.o)
                              _build/nrf52832_xxaa/nrf_log_frontend.c.o (memcpy)
/home/andres/Documentos/nordic-toolchain/gcc-arm-none-eabi-8-2018-q4-major/bin/../lib/gcc/arm-none-eabi/8.2.1/../../../../arm-none-eabi/lib/thumb/v7e-m+fp/hard/libc_nano.a(lib_a-memset.o)
                              /home/andres/Documentos/nordic-toolchain/gcc-arm-none-eabi-8-2018-q4-major/bin/../lib/gcc/arm-none-eabi/8.2.1/../../../../arm-none-eabi/lib/thumb/v7e-m+fp/hard/crt0.o (memset)
/home/andres/Documentos/nordic-toolchain/gcc-arm-none-eabi-8-2018-q4-major/bin/../lib/gcc/arm-none-eabi/8.2.1/../../../../arm-none-eabi/lib/thumb/v7e-m+fp/hard/libc_nano.a(lib_a-strcmp.o)
                              _build/nrf52832_xxaa/nrf_ble_scan.c.o (strcmp)
/home/andres/Documentos/nordic-toolchain/gcc-arm-none-eabi-8-2018-q4-major/bin/../lib/gcc/arm-none-eabi/8.2.1/../../../../arm-none-eabi/lib/thumb/v7e-m+fp/hard/libc_nano.a(lib_a-strcpy.o)
                              _build/nrf52832_xxaa/SEGGER_RTT.c.o (strcpy)
/home/andres/Documentos/nordic-toolchain/gcc-arm-none-eabi-8-2018-q4-major/bin/../lib/gcc/arm-none-eabi/8.2.1/../../../../arm-none-eabi/lib/thumb/v7e-m+fp/hard/libc_nano.a(lib_a-strlen.o)
                              _build/nrf52832_xxaa/nrf_log_frontend.c.o (strlen)
/home/andres/Documentos/nordic-toolchain/gcc-arm-none-eabi-8-2018-q4-major/bin/../lib/gcc/arm-none-eabi/8.2.1/../../../../arm-none-eabi/lib/thumb/v7e-m+fp/hard/libnosys.a(_exit.o)
                              /home/andres/Documentos/nordic-toolchain/gcc-arm-none-eabi-8-2018-q4-major/bin/../lib/gcc/arm-none-eabi/8.2.1/../../../../arm-none-eabi/lib/thumb/v7e-m+fp/hard/libc_nano.a(lib_a-exit.o) (_exit)
/home/andres/Documentos/nordic-toolchain/gcc-arm-none-eabi-8-2018-q4-major/bin/../lib/gcc/arm-none-eabi/8.2.1/thumb/v7e-m+fp/hard/libgcc.a(_aeabi_ldivmod.o)
                              _build/nrf52832_xxaa/bsp.c.o (__aeabi_ldivmod)
/home/andres/Documentos/nordic-toolchain/gcc-arm-none-eabi-8-2018-q4-major/bin/../lib/gcc/arm-none-eabi/8.2.1/thumb/v7e-m+fp/hard/libgcc.a(_aeabi_uldivmod.o)
                              _build/nrf52832_xxaa/bsp.c.o (__aeabi_uldivmod)
/home/andres/Documentos/nordic-toolchain/gcc-arm-none-eabi-8-2018-q4-major/bin/../lib/gcc/arm-none-eabi/8.2.1/thumb/v7e-m+fp/hard/libgcc.a(_udivmoddi4.o)
                              /home/andres/Documentos/nordic-toolchain/gcc-arm-none-eabi-8-2018-q4-major/bin/../lib/gcc/arm-none-eabi/8.2.1/thumb/v7e-m+fp/hard/libgcc.a(_aeabi_ldivmod.o) (__udivmoddi4)
/home/andres/Documentos/nordic-toolchain/gcc-arm-none-eabi-8-2018-q4-major/bin/../lib/gcc/arm-none-eabi/8.2.1/thumb/v7e-m+fp/hard/libgcc.a(_dvmd_tls.o)
                              /home/andres/Documentos/nordic-toolchain/gcc-arm-none-eabi-8-2018-q4-major/bin/../lib/gcc/arm-none-eabi/8.2.1/thumb/v7e-m+fp/hard/libgcc.a(_aeabi_ldivmod.o) (__aeabi_ldiv0)

Allocating common symbols
Common symbol       size              file

[...]
Memory Configuration

Name             Origin             Length             Attributes
FLASH            0x0000000000026000 0x000000000005a000 xr
RAM              0x0000000020001d70 0x000000000000e290 xrw
*default*        0x0000000000000000 0xffffffffffffffff

Linker script and memory map


.text           0x0000000000026000     0x73e0
 *(.isr_vector)
 .isr_vector    0x0000000000026000      0x200 _build/nrf52832_xxaa/gcc_startup_nrf52.S.o
                0x0000000000026000                __isr_vector
 *(.text*)
 .text          0x0000000000026200       0x40 /home/andres/Documentos/nordic-toolchain/gcc-arm-none-eabi-8-2018-q4-major/bin/../lib/gcc/arm-none-eabi/8.2.1/thumb/v7e-m+fp/hard/crtbegin.o
 .text          0x0000000000026240       0x74 /home/andres/Documentos/nordic-toolchain/gcc-arm-none-eabi-8-2018-q4-major/bin/../lib/gcc/arm-none-eabi/8.2.1/../../../../arm-none-eabi/lib/thumb/v7e-m+fp/hard/crt0.o
                0x0000000000026240                _mainCRTStartup
                0x0000000000026240                _start
 .text          0x00000000000262b4       0x3c _build/nrf52832_xxaa/gcc_startup_nrf52.S.o
                0x00000000000262b4                Reset_Handler
                0x00000000000262dc                NMI_Handler
                0x00000000000262de                HardFault_Handler
                0x00000000000262e0                MemoryManagement_Handler
                0x00000000000262e2                BusFault_Handler
                0x00000000000262e4                UsageFault_Handler
                0x00000000000262e6                SVC_Handler
                0x00000000000262e8                DebugMon_Handler
                0x00000000000262ea                PendSV_Handler
                0x00000000000262ec                SysTick_Handler
                0x00000000000262ee                TIMER2_IRQHandler
                0x00000000000262ee                RTC0_IRQHandler
                0x00000000000262ee                PWM1_IRQHandler
                0x00000000000262ee                RADIO_IRQHandler
                0x00000000000262ee                PDM_IRQHandler
                0x00000000000262ee                TEMP_IRQHandler
                0x00000000000262ee                QDEC_IRQHandler
                0x00000000000262ee                TIMER3_IRQHandler
                0x00000000000262ee                FPU_IRQHandler
                0x00000000000262ee                SPIM0_SPIS0_TWIM0_TWIS0_SPI0_TWI0_IRQHandler
                0x00000000000262ee                TIMER4_IRQHandler
                0x00000000000262ee                I2S_IRQHandler
                0x00000000000262ee                SWI4_EGU4_IRQHandler
                0x00000000000262ee                TIMER0_IRQHandler
                0x00000000000262ee                TIMER1_IRQHandler
                0x00000000000262ee                PWM2_IRQHandler
                0x00000000000262ee                ECB_IRQHandler
                0x00000000000262ee                SPIM1_SPIS1_TWIM1_TWIS1_SPI1_TWI1_IRQHandler
                0x00000000000262ee                Default_Handler
                0x00000000000262ee                SAADC_IRQHandler
                0x00000000000262ee                CCM_AAR_IRQHandler
                0x00000000000262ee                WDT_IRQHandler
                0x00000000000262ee                SWI5_EGU5_IRQHandler
                0x00000000000262ee                RNG_IRQHandler
                0x00000000000262ee                RTC2_IRQHandler
                0x00000000000262ee                PWM0_IRQHandler
                0x00000000000262ee                SWI3_EGU3_IRQHandler
                0x00000000000262ee                SWI1_EGU1_IRQHandler
                0x00000000000262ee                SPIM2_SPIS2_SPI2_IRQHandler
                0x00000000000262ee                NFCT_IRQHandler
                0x00000000000262ee                MWU_IRQHandler
                0x00000000000262ee                COMP_LPCOMP_IRQHandler
 .text.nrf_log_backend_serial_put
                0x00000000000262f0       0xd4 _build/nrf52832_xxaa/nrf_log_backend_serial.c.o
                0x00000000000262f0                nrf_log_backend_serial_put
 .text.uart_evt_handler
                0x00000000000263c4        0xc _build/nrf52832_xxaa/nrf_log_backend_uart.c.o
 .text.nrf_log_backend_uart_flush
                0x00000000000263d0        0x4 _build/nrf52832_xxaa/nrf_log_backend_uart.c.o
 .text.nrf_log_backend_uart_put
                0x00000000000263d4       0x20 _build/nrf52832_xxaa/nrf_log_backend_uart.c.o
 .text.serial_tx
                0x00000000000263f4       0x4c _build/nrf52832_xxaa/nrf_log_backend_uart.c.o
 .text.nrf_log_backend_uart_panic_set
                0x0000000000026440       0x64 _build/nrf52832_xxaa/nrf_log_backend_uart.c.o
 .text.nrf_log_backend_uart_init
                0x00000000000264a4       0x4c _build/nrf52832_xxaa/nrf_log_backend_uart.c.o
                0x00000000000264a4                nrf_log_backend_uart_init
 .text.nrf_log_default_backends_init
                0x00000000000264f0       0x20 _build/nrf52832_xxaa/nrf_log_default_backends.c.o
                0x00000000000264f0                nrf_log_default_backends_init
 .text.nrf_log_init
                0x0000000000026510       0x40 _build/nrf52832_xxaa/nrf_log_frontend.c.o
                0x0000000000026510                nrf_log_init
 .text.nrf_log_module_name_get
                0x0000000000026550       0x58 _build/nrf52832_xxaa/nrf_log_frontend.c.o
                0x0000000000026550                nrf_log_module_name_get
 .text.nrf_log_color_id_get
                0x00000000000265a8       0x2c _build/nrf52832_xxaa/nrf_log_frontend.c.o
                0x00000000000265a8                nrf_log_color_id_get
 .text.nrf_log_frontend_dequeue
                0x00000000000265d4      0x428 _build/nrf52832_xxaa/nrf_log_frontend.c.o
                0x00000000000265d4                nrf_log_frontend_dequeue
 .text.nrf_log_frontend_std_0
                0x00000000000269fc      0x1b0 _build/nrf52832_xxaa/nrf_log_frontend.c.o
                0x00000000000269fc                nrf_log_frontend_std_0
 .text.nrf_log_frontend_std_1
                0x0000000000026bac      0x1c0 _build/nrf52832_xxaa/nrf_log_frontend.c.o
                0x0000000000026bac                nrf_log_frontend_std_1
 .text.nrf_log_frontend_std_2
                0x0000000000026d6c      0x1d0 _build/nrf52832_xxaa/nrf_log_frontend.c.o
                0x0000000000026d6c                nrf_log_frontend_std_2
 .text.nrf_log_backend_add
                0x0000000000026f3c       0x74 _build/nrf52832_xxaa/nrf_log_frontend.c.o
                0x0000000000026f3c                nrf_log_backend_add
 .text.nrf_log_panic
                0x0000000000026fb0       0x2c _build/nrf52832_xxaa/nrf_log_frontend.c.o
                0x0000000000026fb0                nrf_log_panic
 .text.prefix_process
                0x0000000000026fdc       0x80 _build/nrf52832_xxaa/nrf_log_str_formatter.c.o
 .text.nrf_log_std_entry_process
                0x000000000002705c       0xec _build/nrf52832_xxaa/nrf_log_str_formatter.c.o
                0x000000000002705c                nrf_log_std_entry_process
 .text.nrf_log_hexdump_entry_process
                0x0000000000027148       0xf4 _build/nrf52832_xxaa/nrf_log_str_formatter.c.o
                0x0000000000027148                nrf_log_hexdump_entry_process
 .text.detection_delay_timeout_handler
                0x000000000002723c      0x120 _build/nrf52832_xxaa/app_button.c.o
 .text.gpiote_event_handler
                0x000000000002735c       0x9c _build/nrf52832_xxaa/app_button.c.o
 .text.app_button_init
                0x00000000000273f8       0xb0 _build/nrf52832_xxaa/app_button.c.o
                0x00000000000273f8                app_button_init
 .text.app_button_enable
                0x00000000000274a8       0x2c _build/nrf52832_xxaa/app_button.c.o
                0x00000000000274a8                app_button_enable
 .text.app_error_handler_bare
                0x00000000000274d4       0x20 _build/nrf52832_xxaa/app_error.c.o
                0x00000000000274d4                app_error_handler_bare
 .text.app_error_fault_handler
                0x00000000000274f4       0x70 _build/nrf52832_xxaa/app_error_weak.c.o
                0x00000000000274f4                app_error_fault_handler
 .text.RTC1_IRQHandler
                0x0000000000027564       0xa0 _build/nrf52832_xxaa/app_timer.c.o
                0x0000000000027564                RTC1_IRQHandler
 .text.SWI0_EGU0_IRQHandler
                0x0000000000027604      0x3e4 _build/nrf52832_xxaa/app_timer.c.o
                0x0000000000027604                SWI0_EGU0_IRQHandler
 .text.app_timer_init
                0x00000000000279e8       0xa8 _build/nrf52832_xxaa/app_timer.c.o
                0x00000000000279e8                app_timer_init
 .text.app_timer_create
                0x0000000000027a90       0x24 _build/nrf52832_xxaa/app_timer.c.o
                0x0000000000027a90                app_timer_create
 .text.app_timer_start
                0x0000000000027ab4       0xac _build/nrf52832_xxaa/app_timer.c.o
                0x0000000000027ab4                app_timer_start
 .text.app_timer_stop
                0x0000000000027b60       0x74 _build/nrf52832_xxaa/app_timer.c.o
                0x0000000000027b60                app_timer_stop
 .text.app_util_critical_region_enter
                0x0000000000027bd4       0x4c _build/nrf52832_xxaa/app_util_platform.c.o
                0x0000000000027bd4                app_util_critical_region_enter
 .text.app_util_critical_region_exit
                0x0000000000027c20       0x30 _build/nrf52832_xxaa/app_util_platform.c.o
                0x0000000000027c20                app_util_critical_region_exit
 .text.nrf_atflags_set
                0x0000000000027c50       0x14 _build/nrf52832_xxaa/nrf_atflags.c.o
                0x0000000000027c50                nrf_atflags_set
 .text.nrf_atflags_clear
                0x0000000000027c64       0x14 _build/nrf52832_xxaa/nrf_atflags.c.o
                0x0000000000027c64                nrf_atflags_clear
 .text.nrf_atflags_get
                0x0000000000027c78       0x14 _build/nrf52832_xxaa/nrf_atflags.c.o
                0x0000000000027c78                nrf_atflags_get
 .text.nrf_atomic_u32_fetch_store
                0x0000000000027c8c       0x14 _build/nrf52832_xxaa/nrf_atomic.c.o
                0x0000000000027c8c                nrf_atomic_u32_fetch_store
 .text.nrf_atomic_u32_or
                0x0000000000027ca0       0x18 _build/nrf52832_xxaa/nrf_atomic.c.o
                0x0000000000027ca0                nrf_atomic_u32_or
 .text.nrf_atomic_u32_and
                0x0000000000027cb8       0x18 _build/nrf52832_xxaa/nrf_atomic.c.o
                0x0000000000027cb8                nrf_atomic_u32_and
 .text.nrf_atomic_u32_add
                0x0000000000027cd0       0x18 _build/nrf52832_xxaa/nrf_atomic.c.o
                0x0000000000027cd0                nrf_atomic_u32_add
 .text.nrf_atomic_u32_sub
                0x0000000000027ce8       0x18 _build/nrf52832_xxaa/nrf_atomic.c.o
                0x0000000000027ce8                nrf_atomic_u32_sub
 .text.nrf_atomic_flag_set
                0x0000000000027d00       0x18 _build/nrf52832_xxaa/nrf_atomic.c.o
                0x0000000000027d00                nrf_atomic_flag_set
 .text.nrf_atomic_flag_clear_fetch
                0x0000000000027d18       0x18 _build/nrf52832_xxaa/nrf_atomic.c.o
                0x0000000000027d18                nrf_atomic_flag_clear_fetch
 .text.nrf_balloc_init
                0x0000000000027d30       0x38 _build/nrf52832_xxaa/nrf_balloc.c.o
                0x0000000000027d30                nrf_balloc_init
 .text.nrf_balloc_alloc
                0x0000000000027d68       0x50 _build/nrf52832_xxaa/nrf_balloc.c.o
                0x0000000000027d68                nrf_balloc_alloc
 .text.nrf_balloc_free
                0x0000000000027db8       0x38 _build/nrf52832_xxaa/nrf_balloc.c.o
                0x0000000000027db8                nrf_balloc_free
 .text.nrf_fprintf_buffer_flush
                0x0000000000027df0       0x18 _build/nrf52832_xxaa/nrf_fprintf.c.o
                0x0000000000027df0                nrf_fprintf_buffer_flush
 .text.nrf_fprintf
                0x0000000000027e08       0x20 _build/nrf52832_xxaa/nrf_fprintf.c.o
                0x0000000000027e08                nrf_fprintf
 .text.unsigned_print
                0x0000000000027e28      0x110 _build/nrf52832_xxaa/nrf_fprintf_format.c.o
 .text.nrf_fprintf_fmt
                0x0000000000027f38      0x5ec _build/nrf52832_xxaa/nrf_fprintf_format.c.o
                0x0000000000027f38                nrf_fprintf_fmt
 .text.nrf_memobj_pool_init
                0x0000000000028524        0x4 _build/nrf52832_xxaa/nrf_memobj.c.o
                0x0000000000028524                nrf_memobj_pool_init
 .text.nrf_memobj_alloc
                0x0000000000028528       0x98 _build/nrf52832_xxaa/nrf_memobj.c.o
                0x0000000000028528                nrf_memobj_alloc
 .text.nrf_memobj_get
                0x00000000000285c0        0x8 _build/nrf52832_xxaa/nrf_memobj.c.o
                0x00000000000285c0                nrf_memobj_get
 .text.nrf_memobj_put
                0x00000000000285c8       0x58 _build/nrf52832_xxaa/nrf_memobj.c.o
                0x00000000000285c8                nrf_memobj_put
 .text.nrf_memobj_write
                0x0000000000028620       0x68 _build/nrf52832_xxaa/nrf_memobj.c.o
                0x0000000000028620                nrf_memobj_write
 .text.nrf_memobj_read
                0x0000000000028688       0x68 _build/nrf52832_xxaa/nrf_memobj.c.o
                0x0000000000028688                nrf_memobj_read
 .text.sd_app_evt_wait
                0x00000000000286f0        0x4 _build/nrf52832_xxaa/nrf_pwr_mgmt.c.o
 .text.nrf_pwr_mgmt_init
                0x00000000000286f4       0x2c _build/nrf52832_xxaa/nrf_pwr_mgmt.c.o
                0x00000000000286f4                nrf_pwr_mgmt_init
 .text.nrf_pwr_mgmt_run
                0x0000000000028720       0x54 _build/nrf52832_xxaa/nrf_pwr_mgmt.c.o
                0x0000000000028720                nrf_pwr_mgmt_run
 .text.nrf_ringbuf_init
                0x0000000000028774       0x1c _build/nrf52832_xxaa/nrf_ringbuf.c.o
                0x0000000000028774                nrf_ringbuf_init
 .text.nrf_section_iter_init
                0x0000000000028790       0x14 _build/nrf52832_xxaa/nrf_section_iter.c.o
                0x0000000000028790                nrf_section_iter_init
 .text.nrf_section_iter_next
                0x00000000000287a4       0x18 _build/nrf52832_xxaa/nrf_section_iter.c.o
                0x00000000000287a4                nrf_section_iter_next
 .text.nrf_strerror_get
                0x00000000000287bc       0x88 _build/nrf52832_xxaa/nrf_strerror.c.o
                0x00000000000287bc                nrf_strerror_get
 .text.SystemInit
                0x0000000000028844      0x3b4 _build/nrf52832_xxaa/system_nrf52.c.o
                0x0000000000028844                SystemInit
 .text.bsp_board_led_on
                0x0000000000028bf8       0x18 _build/nrf52832_xxaa/boards.c.o
                0x0000000000028bf8                bsp_board_led_on
 .text.bsp_board_init
                0x0000000000028c10       0x58 _build/nrf52832_xxaa/boards.c.o
                0x0000000000028c10                bsp_board_init
 .text.clock_irq_handler
                0x0000000000028c68       0x44 _build/nrf52832_xxaa/nrf_drv_clock.c.o
 .text.soc_evt_handler
                0x0000000000028cac       0x28 _build/nrf52832_xxaa/nrf_drv_clock.c.o
 .text.sd_state_evt_handler
                0x0000000000028cd4       0xa4 _build/nrf52832_xxaa/nrf_drv_clock.c.o
 .text.uarte_evt_handler
                0x0000000000028d78       0x34 _build/nrf52832_xxaa/nrf_drv_uart.c.o
 .text.uart_evt_handler
                0x0000000000028dac       0x34 _build/nrf52832_xxaa/nrf_drv_uart.c.o
 .text.nrf_drv_uart_init
                0x0000000000028de0       0x80 _build/nrf52832_xxaa/nrf_drv_uart.c.o
                0x0000000000028de0                nrf_drv_uart_init
 .text.nrfx_clock_init
                0x0000000000028e60       0x18 _build/nrf52832_xxaa/nrfx_clock.c.o
                0x0000000000028e60                nrfx_clock_init
 .text.nrfx_clock_enable
                0x0000000000028e78       0x28 _build/nrf52832_xxaa/nrfx_clock.c.o
                0x0000000000028e78                nrfx_clock_enable
 .text.nrfx_clock_lfclk_stop
                0x0000000000028ea0       0x18 _build/nrf52832_xxaa/nrfx_clock.c.o
                0x0000000000028ea0                nrfx_clock_lfclk_stop
 .text.POWER_CLOCK_IRQHandler
                0x0000000000028eb8       0x64 _build/nrf52832_xxaa/nrfx_clock.c.o
                0x0000000000028eb8                POWER_CLOCK_IRQHandler
 .text.nrfx_gpiote_init
                0x0000000000028f1c       0x98 _build/nrf52832_xxaa/nrfx_gpiote.c.o
                0x0000000000028f1c                nrfx_gpiote_init
 .text.nrfx_gpiote_is_init
                0x0000000000028fb4       0x14 _build/nrf52832_xxaa/nrfx_gpiote.c.o
                0x0000000000028fb4                nrfx_gpiote_is_init
 .text.nrfx_gpiote_in_init
                0x0000000000028fc8      0x1b0 _build/nrf52832_xxaa/nrfx_gpiote.c.o
                0x0000000000028fc8                nrfx_gpiote_in_init
 .text.nrfx_gpiote_in_event_enable
                0x0000000000029178       0xc0 _build/nrf52832_xxaa/nrfx_gpiote.c.o
                0x0000000000029178                nrfx_gpiote_in_event_enable
 .text.nrfx_gpiote_in_is_set
                0x0000000000029238       0x14 _build/nrf52832_xxaa/nrfx_gpiote.c.o
                0x0000000000029238                nrfx_gpiote_in_is_set
 .text.GPIOTE_IRQHandler
                0x000000000002924c      0x538 _build/nrf52832_xxaa/nrfx_gpiote.c.o
                0x000000000002924c                GPIOTE_IRQHandler
 .text.UARTE0_UART0_IRQHandler
                0x0000000000029784        0xc _build/nrf52832_xxaa/nrfx_prs.c.o
                0x0000000000029784                UARTE0_UART0_IRQHandler
 .text.nrfx_prs_acquire
                0x0000000000029790       0x50 _build/nrf52832_xxaa/nrfx_prs.c.o
                0x0000000000029790                nrfx_prs_acquire
 .text.nrfx_prs_release
                0x00000000000297e0       0x18 _build/nrf52832_xxaa/nrfx_prs.c.o
                0x00000000000297e0                nrfx_prs_release
 .text.nrfx_uart_0_irq_handler
                0x00000000000297f8      0x1c0 _build/nrf52832_xxaa/nrfx_uart.c.o
                0x00000000000297f8                nrfx_uart_0_irq_handler
 .text.nrfx_uart_init
                0x00000000000299b8      0x1a4 _build/nrf52832_xxaa/nrfx_uart.c.o
                0x00000000000299b8                nrfx_uart_init
 .text.nrfx_uart_uninit
                0x0000000000029b5c       0xcc _build/nrf52832_xxaa/nrfx_uart.c.o
                0x0000000000029b5c                nrfx_uart_uninit
 .text.nrfx_uart_tx
                0x0000000000029c28       0xcc _build/nrf52832_xxaa/nrfx_uart.c.o
                0x0000000000029c28                nrfx_uart_tx
 .text.nrfx_uarte_0_irq_handler
                0x0000000000029cf4      0x128 _build/nrf52832_xxaa/nrfx_uarte.c.o
                0x0000000000029cf4                nrfx_uarte_0_irq_handler
 .text.nrfx_uarte_init
                0x0000000000029e1c      0x1c4 _build/nrf52832_xxaa/nrfx_uarte.c.o
                0x0000000000029e1c                nrfx_uarte_init
 .text.nrfx_uarte_uninit
                0x0000000000029fe0       0xd0 _build/nrf52832_xxaa/nrfx_uarte.c.o
                0x0000000000029fe0                nrfx_uarte_uninit
 .text.nrfx_uarte_tx
                0x000000000002a0b0       0xa4 _build/nrf52832_xxaa/nrfx_uarte.c.o
                0x000000000002a0b0                nrfx_uarte_tx
 .text.bsp_event_to_button_action_assign
                0x000000000002a154       0x58 _build/nrf52832_xxaa/bsp.c.o
                0x000000000002a154                bsp_event_to_button_action_assign
 .text.ble_evt_handler
                0x000000000002a1ac       0xac _build/nrf52832_xxaa/bsp_btn_ble.c.o
 .text.sd_ble_gap_conn_param_update
                0x000000000002a258        0x4 _build/nrf52832_xxaa/main.c.o
 .text.sd_ble_gap_disconnect
                0x000000000002a25c        0x4 _build/nrf52832_xxaa/main.c.o
 .text.sd_ble_gap_phy_update
                0x000000000002a260        0x4 _build/nrf52832_xxaa/main.c.o
 .text.db_disc_handler
                0x000000000002a264        0xc _build/nrf52832_xxaa/main.c.o
 .text.scan_evt_handler
                0x000000000002a270       0x14 _build/nrf52832_xxaa/main.c.o
 .text.button_event_handler
                0x000000000002a284       0x54 _build/nrf52832_xxaa/main.c.o
 .text.lbs_c_evt_handler
                0x000000000002a2d8       0x88 _build/nrf52832_xxaa/main.c.o
 .text.ble_evt_handler
                0x000000000002a360       0xd0 _build/nrf52832_xxaa/main.c.o
 .text.startup.main
                0x000000000002a430      0x190 _build/nrf52832_xxaa/main.c.o
                0x000000000002a430                main
 .text.ble_advdata_name_find
                0x000000000002a5c0       0x74 _build/nrf52832_xxaa/ble_advdata.c.o
                0x000000000002a5c0                ble_advdata_name_find
 .text.ble_evt_handler
                0x000000000002a634      0x124 _build/nrf52832_xxaa/ble_conn_state.c.o
 .text.sd_ble_gattc_primary_services_discover
                0x000000000002a758        0x4 _build/nrf52832_xxaa/ble_db_discovery.c.o
 .text.sd_ble_gattc_characteristics_discover
                0x000000000002a75c        0x4 _build/nrf52832_xxaa/ble_db_discovery.c.o
 .text.sd_ble_gattc_descriptors_discover
                0x000000000002a760        0x4 _build/nrf52832_xxaa/ble_db_discovery.c.o
 .text.discovery_error_evt_trigger
                0x000000000002a764       0xd8 _build/nrf52832_xxaa/ble_db_discovery.c.o
 .text.discovery_complete_evt_trigger
                0x000000000002a83c      0x144 _build/nrf52832_xxaa/ble_db_discovery.c.o
 .text.descriptors_discover
                0x000000000002a980       0xcc _build/nrf52832_xxaa/ble_db_discovery.c.o
 .text.ble_db_discovery_init
                0x000000000002aa4c       0x34 _build/nrf52832_xxaa/ble_db_discovery.c.o
                0x000000000002aa4c                ble_db_discovery_init
 .text.ble_db_discovery_evt_register
                0x000000000002aa80       0xcc _build/nrf52832_xxaa/ble_db_discovery.c.o
                0x000000000002aa80                ble_db_discovery_evt_register
 .text.ble_db_discovery_start
                0x000000000002ab4c       0x84 _build/nrf52832_xxaa/ble_db_discovery.c.o
                0x000000000002ab4c                ble_db_discovery_start
 .text.ble_db_discovery_on_ble_evt
                0x000000000002abd0      0xa4c _build/nrf52832_xxaa/ble_db_discovery.c.o
                0x000000000002abd0                ble_db_discovery_on_ble_evt
 .text.sd_ble_gap_data_length_update
                0x000000000002b61c        0x4 _build/nrf52832_xxaa/nrf_ble_gatt.c.o
 .text.sd_ble_gattc_exchange_mtu_request
                0x000000000002b620        0x4 _build/nrf52832_xxaa/nrf_ble_gatt.c.o
 .text.sd_ble_gatts_exchange_mtu_reply
                0x000000000002b624        0x4 _build/nrf52832_xxaa/nrf_ble_gatt.c.o
 .text.data_length_update.constprop.6
                0x000000000002b628       0x8c _build/nrf52832_xxaa/nrf_ble_gatt.c.o
 .text.nrf_ble_gatt_init
                0x000000000002b6b4       0x28 _build/nrf52832_xxaa/nrf_ble_gatt.c.o
                0x000000000002b6b4                nrf_ble_gatt_init
 .text.nrf_ble_gatt_on_ble_evt
                0x000000000002b6dc      0x1b4 _build/nrf52832_xxaa/nrf_ble_gatt.c.o
                0x000000000002b6dc                nrf_ble_gatt_on_ble_evt
 .text.sd_ble_gap_scan_start
                0x000000000002b890        0x4 _build/nrf52832_xxaa/nrf_ble_scan.c.o
 .text.sd_ble_gap_scan_stop
                0x000000000002b894        0x4 _build/nrf52832_xxaa/nrf_ble_scan.c.o
 .text.sd_ble_gap_connect
                0x000000000002b898        0x4 _build/nrf52832_xxaa/nrf_ble_scan.c.o
 .text.nrf_ble_scan_filter_set
                0x000000000002b89c       0x60 _build/nrf52832_xxaa/nrf_ble_scan.c.o
                0x000000000002b89c                nrf_ble_scan_filter_set
 .text.nrf_ble_scan_filters_enable
                0x000000000002b8fc       0x28 _build/nrf52832_xxaa/nrf_ble_scan.c.o
                0x000000000002b8fc                nrf_ble_scan_filters_enable
 .text.nrf_ble_scan_init
                0x000000000002b924       0xac _build/nrf52832_xxaa/nrf_ble_scan.c.o
                0x000000000002b924                nrf_ble_scan_init
 .text.nrf_ble_scan_start
                0x000000000002b9d0       0x74 _build/nrf52832_xxaa/nrf_ble_scan.c.o
                0x000000000002b9d0                nrf_ble_scan_start
 .text.nrf_ble_scan_on_ble_evt
                0x000000000002ba44      0x234 _build/nrf52832_xxaa/nrf_ble_scan.c.o
                0x000000000002ba44                nrf_ble_scan_on_ble_evt
 .text.sd_ble_gattc_read
                0x000000000002bc78        0x4 _build/nrf52832_xxaa/ble_lbs_c.c.o
 .text.sd_ble_gattc_write
                0x000000000002bc7c        0x4 _build/nrf52832_xxaa/ble_lbs_c.c.o
 .text.sd_ble_uuid_vs_add
                0x000000000002bc80        0x4 _build/nrf52832_xxaa/ble_lbs_c.c.o
 .text.ble_lbs_on_db_disc_evt
                0x000000000002bc84      0x240 _build/nrf52832_xxaa/ble_lbs_c.c.o
                0x000000000002bc84                ble_lbs_on_db_disc_evt
 .text.ble_lbs_c_init
                0x000000000002bec4       0x5c _build/nrf52832_xxaa/ble_lbs_c.c.o
                0x000000000002bec4                ble_lbs_c_init
 .text.ble_lbs_c_on_ble_evt
                0x000000000002bf20       0xb0 _build/nrf52832_xxaa/ble_lbs_c.c.o
                0x000000000002bf20                ble_lbs_c_on_ble_evt
 .text.ble_lbs_c_button_notif_enable
                0x000000000002bfd0       0x94 _build/nrf52832_xxaa/ble_lbs_c.c.o
                0x000000000002bfd0                ble_lbs_c_button_notif_enable
 .text.ble_lbs_led_status_send
                0x000000000002c064       0xa8 _build/nrf52832_xxaa/ble_lbs_c.c.o
                0x000000000002c064                ble_lbs_led_status_send
 .text.ble_lbs_c_handles_assign
                0x000000000002c10c       0x18 _build/nrf52832_xxaa/ble_lbs_c.c.o
                0x000000000002c10c                ble_lbs_c_handles_assign
 .text.sd_softdevice_enable
                0x000000000002c124        0x4 _build/nrf52832_xxaa/nrf_sdh.c.o
 .text.nrf_sdh_enable_request
                0x000000000002c128      0x118 _build/nrf52832_xxaa/nrf_sdh.c.o
                0x000000000002c128                nrf_sdh_enable_request
 .text.nrf_sdh_is_enabled
                0x000000000002c240        0xc _build/nrf52832_xxaa/nrf_sdh.c.o
                0x000000000002c240                nrf_sdh_is_enabled
 .text.SWI2_EGU2_IRQHandler
                0x000000000002c24c       0x2c _build/nrf52832_xxaa/nrf_sdh.c.o
                0x000000000002c24c                SWI2_EGU2_IRQHandler
 .text.sd_ble_enable
                0x000000000002c278        0x4 _build/nrf52832_xxaa/nrf_sdh_ble.c.o
 .text.sd_ble_cfg_set
                0x000000000002c27c        0x4 _build/nrf52832_xxaa/nrf_sdh_ble.c.o
 .text.sd_ble_evt_get
                0x000000000002c280        0x4 _build/nrf52832_xxaa/nrf_sdh_ble.c.o
 .text.nrf_sdh_ble_evts_poll
                0x000000000002c284       0x5c _build/nrf52832_xxaa/nrf_sdh_ble.c.o
 .text.nrf_sdh_ble_default_cfg_set
                0x000000000002c2e0      0x174 _build/nrf52832_xxaa/nrf_sdh_ble.c.o
                0x000000000002c2e0                nrf_sdh_ble_default_cfg_set
 .text.nrf_sdh_ble_enable
                0x000000000002c454       0x9c _build/nrf52832_xxaa/nrf_sdh_ble.c.o
                0x000000000002c454                nrf_sdh_ble_enable
 .text.sd_evt_get
                0x000000000002c4f0        0x4 _build/nrf52832_xxaa/nrf_sdh_soc.c.o
 .text.nrf_sdh_soc_evts_poll
                0x000000000002c4f4       0x4c _build/nrf52832_xxaa/nrf_sdh_soc.c.o
 .text.exit     0x000000000002c540       0x28 /home/andres/Documentos/nordic-toolchain/gcc-arm-none-eabi-8-2018-q4-major/bin/../lib/gcc/arm-none-eabi/8.2.1/../../../../arm-none-eabi/lib/thumb/v7e-m+fp/hard/libc_nano.a(lib_a-exit.o)
                0x000000000002c540                exit
 .text.__libc_init_array
                0x000000000002c568       0x48 /home/andres/Documentos/nordic-toolchain/gcc-arm-none-eabi-8-2018-q4-major/bin/../lib/gcc/arm-none-eabi/8.2.1/../../../../arm-none-eabi/lib/thumb/v7e-m+fp/hard/libc_nano.a(lib_a-init.o)
                0x000000000002c568                __libc_init_array
 .text.memcmp   0x000000000002c5b0       0x1c /home/andres/Documentos/nordic-toolchain/gcc-arm-none-eabi-8-2018-q4-major/bin/../lib/gcc/arm-none-eabi/8.2.1/../../../../arm-none-eabi/lib/thumb/v7e-m+fp/hard/libc_nano.a(lib_a-memcmp.o)
                0x000000000002c5b0                memcmp
 .text.memcpy   0x000000000002c5cc       0x1c /home/andres/Documentos/nordic-toolchain/gcc-arm-none-eabi-8-2018-q4-major/bin/../lib/gcc/arm-none-eabi/8.2.1/../../../../arm-none-eabi/lib/thumb/v7e-m+fp/hard/libc_nano.a(lib_a-memcpy-stub.o)
                0x000000000002c5cc                memcpy
 .text.memset   0x000000000002c5e8       0x10 /home/andres/Documentos/nordic-toolchain/gcc-arm-none-eabi-8-2018-q4-major/bin/../lib/gcc/arm-none-eabi/8.2.1/../../../../arm-none-eabi/lib/thumb/v7e-m+fp/hard/libc_nano.a(lib_a-memset.o)
                0x000000000002c5e8                memset
 .text          0x000000000002c5f8       0x14 /home/andres/Documentos/nordic-toolchain/gcc-arm-none-eabi-8-2018-q4-major/bin/../lib/gcc/arm-none-eabi/8.2.1/../../../../arm-none-eabi/lib/thumb/v7e-m+fp/hard/libc_nano.a(lib_a-strcmp.o)
                0x000000000002c5f8                strcmp
 .text          0x000000000002c60c       0x10 /home/andres/Documentos/nordic-toolchain/gcc-arm-none-eabi-8-2018-q4-major/bin/../lib/gcc/arm-none-eabi/8.2.1/../../../../arm-none-eabi/lib/thumb/v7e-m+fp/hard/libc_nano.a(lib_a-strlen.o)
                0x000000000002c60c                strlen
 .text._exit    0x000000000002c61c        0x4 /home/andres/Documentos/nordic-toolchain/gcc-arm-none-eabi-8-2018-q4-major/bin/../lib/gcc/arm-none-eabi/8.2.1/../../../../arm-none-eabi/lib/thumb/v7e-m+fp/hard/libnosys.a(_exit.o)
                0x000000000002c61c                _exit
 *(.init)
 .init          0x000000000002c620        0x4 /home/andres/Documentos/nordic-toolchain/gcc-arm-none-eabi-8-2018-q4-major/bin/../lib/gcc/arm-none-eabi/8.2.1/thumb/v7e-m+fp/hard/crti.o
                0x000000000002c620                _init
 .init          0x000000000002c624        0x8 /home/andres/Documentos/nordic-toolchain/gcc-arm-none-eabi-8-2018-q4-major/bin/../lib/gcc/arm-none-eabi/8.2.1/thumb/v7e-m+fp/hard/crtn.o
 *(.fini)
 .fini          0x000000000002c62c        0x4 /home/andres/Documentos/nordic-toolchain/gcc-arm-none-eabi-8-2018-q4-major/bin/../lib/gcc/arm-none-eabi/8.2.1/thumb/v7e-m+fp/hard/crti.o
                0x000000000002c62c                _fini
 .fini          0x000000000002c630        0x8 /home/andres/Documentos/nordic-toolchain/gcc-arm-none-eabi-8-2018-q4-major/bin/../lib/gcc/arm-none-eabi/8.2.1/thumb/v7e-m+fp/hard/crtn.o
 *crtbegin.o(.ctors)
 *crtbegin?.o(.ctors)
 *(EXCLUDE_FILE(*crtend.o *crtend?.o) .ctors)
 *(SORT_BY_NAME(.ctors.*))
 *(.ctors)
 *crtbegin.o(.dtors)
 *crtbegin?.o(.dtors)
 *(EXCLUDE_FILE(*crtend.o *crtend?.o) .dtors)
 *(SORT_BY_NAME(.dtors.*))
 *(.dtors)
 *(.rodata*)
 .rodata        0x000000000002c638       0x20 _build/nrf52832_xxaa/nrf_log_backend_uart.c.o
 .rodata.nrf_log_backend_uart_api
                0x000000000002c658        0xc _build/nrf52832_xxaa/nrf_log_backend_uart.c.o
                0x000000000002c658                nrf_log_backend_uart_api
 .rodata.str1.4
                0x000000000002c664       0x11 _build/nrf52832_xxaa/nrf_log_default_backends.c.o
 *fill*         0x000000000002c675        0x3 
 .rodata.m_log_push_ringbuf
                0x000000000002c678        0xc _build/nrf52832_xxaa/nrf_log_frontend.c.o
 .rodata.nrf_log_frontend_dequeue.str1.4
                0x000000000002c684       0x11 _build/nrf52832_xxaa/nrf_log_frontend.c.o
 *fill*         0x000000000002c695        0x3 
 .rodata.str1.4
                0x000000000002c698        0x4 _build/nrf52832_xxaa/nrf_log_frontend.c.o
 .rodata.m_colors
                0x000000000002c69c       0x24 _build/nrf52832_xxaa/nrf_log_str_formatter.c.o
 .rodata.nrf_log_hexdump_entry_process.str1.4
                0x000000000002c6c0       0x13 _build/nrf52832_xxaa/nrf_log_str_formatter.c.o
                                         0x16 (size before relaxing)
 *fill*         0x000000000002c6d3        0x1 
 .rodata.nrf_log_std_entry_process.str1.4
                0x000000000002c6d4        0x3 _build/nrf52832_xxaa/nrf_log_str_formatter.c.o
 *fill*         0x000000000002c6d7        0x1 
 .rodata.prefix_process.str1.4
                0x000000000002c6d8       0x36 _build/nrf52832_xxaa/nrf_log_str_formatter.c.o
 *fill*         0x000000000002c70e        0x2 
 .rodata.severity_names
                0x000000000002c710       0x14 _build/nrf52832_xxaa/nrf_log_str_formatter.c.o
 .rodata.str1.4
                0x000000000002c724       0x56 _build/nrf52832_xxaa/nrf_log_str_formatter.c.o
 *fill*         0x000000000002c77a        0x2 
 .rodata.m_detection_delay_timer_id
                0x000000000002c77c        0x4 _build/nrf52832_xxaa/app_button.c.o
 .rodata.app_error_fault_handler.str1.4
                0x000000000002c780       0x19 _build/nrf52832_xxaa/app_error_weak.c.o
 *fill*         0x000000000002c799        0x7 
 .rodata.delay_bytecode.8771
                0x000000000002c7a0        0x6 _build/nrf52832_xxaa/app_timer.c.o
 *fill*         0x000000000002c7a6        0x2 
 .rodata._aV2C.7474
                0x000000000002c7a8       0x10 _build/nrf52832_xxaa/nrf_fprintf_format.c.o
 .rodata.pwr_mgmt_data
                0x000000000002c7b8        0xc _build/nrf52832_xxaa/nrf_pwr_mgmt.c.o
 .rodata.str1.4
                0x000000000002c7c4        0x9 _build/nrf52832_xxaa/nrf_pwr_mgmt.c.o
 *fill*         0x000000000002c7cd        0x3 
 .rodata.m_unknown_str
                0x000000000002c7d0       0x13 _build/nrf52832_xxaa/nrf_strerror.c.o
 *fill*         0x000000000002c7e3        0x1 
 .rodata.nrf_strerror_array
                0x000000000002c7e4      0x128 _build/nrf52832_xxaa/nrf_strerror.c.o
 .rodata.str1.4
                0x000000000002c90c      0x3e9 _build/nrf52832_xxaa/nrf_strerror.c.o
 *fill*         0x000000000002ccf5        0x3 
 .rodata.m_board_led_list
                0x000000000002ccf8        0x4 _build/nrf52832_xxaa/boards.c.o
 .rodata.str1.4
                0x000000000002ccfc        0x6 _build/nrf52832_xxaa/nrf_drv_clock.c.o
 *fill*         0x000000000002cd02        0x2 
 .rodata.str1.4
                0x000000000002cd04        0x6 _build/nrf52832_xxaa/nrfx_clock.c.o
 *fill*         0x000000000002cd0a        0x2 
 .rodata.str1.4
                0x000000000002cd0c        0x7 _build/nrf52832_xxaa/nrfx_gpiote.c.o
 *fill*         0x000000000002cd13        0x1 
 .rodata.str1.4
                0x000000000002cd14        0x4 _build/nrf52832_xxaa/nrfx_prs.c.o
 .rodata.str1.4
                0x000000000002cd18        0x5 _build/nrf52832_xxaa/nrfx_uart.c.o
 *fill*         0x000000000002cd1d        0x3 
 .rodata.str1.4
                0x000000000002cd20        0x6 _build/nrf52832_xxaa/nrfx_uarte.c.o
 *fill*         0x000000000002cd26        0x2 
 .rodata.ble_evt_handler.str1.4
                0x000000000002cd28       0x1a _build/nrf52832_xxaa/main.c.o
 *fill*         0x000000000002cd42        0x2 
 .rodata.button_event_handler.str1.4
                0x000000000002cd44       0x17 _build/nrf52832_xxaa/main.c.o
 *fill*         0x000000000002cd5b        0x1 
 .rodata.lbs_c_evt_handler.str1.4
                0x000000000002cd5c       0x5a _build/nrf52832_xxaa/main.c.o
 *fill*         0x000000000002cdb6        0x2 
 .rodata.m_target_periph_name
                0x000000000002cdb8        0xe _build/nrf52832_xxaa/main.c.o
 *fill*         0x000000000002cdc6        0x2 
 .rodata.main.str1.4
                0x000000000002cdc8       0x20 _build/nrf52832_xxaa/main.c.o
 .rodata.ble_db_discovery_on_ble_evt.str1.4
                0x000000000002cde8       0xa2 _build/nrf52832_xxaa/ble_db_discovery.c.o
 *fill*         0x000000000002ce8a        0x2 
 .rodata.str1.4
                0x000000000002ce8c        0xc _build/nrf52832_xxaa/ble_db_discovery.c.o
 .rodata.data_length_update.constprop.6.str1.4
                0x000000000002ce98       0xe2 _build/nrf52832_xxaa/nrf_ble_gatt.c.o
 *fill*         0x000000000002cf7a        0x2 
 .rodata.nrf_ble_gatt_on_ble_evt.str1.4
                0x000000000002cf7c       0x63 _build/nrf52832_xxaa/nrf_ble_gatt.c.o
 *fill*         0x000000000002cfdf        0x1 
 .rodata.str1.4
                0x000000000002cfe0        0xd _build/nrf52832_xxaa/nrf_ble_gatt.c.o
 *fill*         0x000000000002cfed        0x3 
 .rodata.nrf_ble_scan_start.str1.4
                0x000000000002cff0       0x24 _build/nrf52832_xxaa/nrf_ble_scan.c.o
 .rodata.str1.4
                0x000000000002d014        0x9 _build/nrf52832_xxaa/nrf_ble_scan.c.o
 *fill*         0x000000000002d01d        0x3 
 .rodata        0x000000000002d020       0x10 _build/nrf52832_xxaa/ble_lbs_c.c.o
 .rodata.str1.4
                0x000000000002d030        0xa _build/nrf52832_xxaa/ble_lbs_c.c.o
 *fill*         0x000000000002d03a        0x2 
 .rodata        0x000000000002d03c        0x4 _build/nrf52832_xxaa/nrf_sdh.c.o
 .rodata.sdh_req_observers
                0x000000000002d040        0xc _build/nrf52832_xxaa/nrf_sdh.c.o
 .rodata.sdh_stack_observers
                0x000000000002d04c        0xc _build/nrf52832_xxaa/nrf_sdh.c.o
 .rodata.sdh_state_observers
                0x000000000002d058        0xc _build/nrf52832_xxaa/nrf_sdh.c.o
 .rodata.str1.4
                0x000000000002d064        0x8 _build/nrf52832_xxaa/nrf_sdh.c.o
 .rodata.nrf_sdh_ble_default_cfg_set.str1.4
                0x000000000002d06c      0x187 _build/nrf52832_xxaa/nrf_sdh_ble.c.o
 *fill*         0x000000000002d1f3        0x1 
 .rodata.nrf_sdh_ble_enable.str1.4
                0x000000000002d1f4       0xad _build/nrf52832_xxaa/nrf_sdh_ble.c.o
 *fill*         0x000000000002d2a1        0x3 
 .rodata.sdh_ble_observers
                0x000000000002d2a4        0xc _build/nrf52832_xxaa/nrf_sdh_ble.c.o
 .rodata.str1.4
                0x000000000002d2b0        0xc _build/nrf52832_xxaa/nrf_sdh_ble.c.o
 .rodata.sdh_soc_observers
                0x000000000002d2bc        0xc _build/nrf52832_xxaa/nrf_sdh_soc.c.o
 .rodata.str1.4
                0x000000000002d2c8        0xc _build/nrf52832_xxaa/nrf_sdh_soc.c.o
 .rodata._ctype_
                0x000000000002d2d4      0x101 /home/andres/Documentos/nordic-toolchain/gcc-arm-none-eabi-8-2018-q4-major/bin/../lib/gcc/arm-none-eabi/8.2.1/../../../../arm-none-eabi/lib/thumb/v7e-m+fp/hard/libc_nano.a(lib_a-ctype_.o)
                0x000000000002d2d4                _ctype_
 *fill*         0x000000000002d3d5        0x3 
 .rodata._global_impure_ptr
                0x000000000002d3d8        0x4 /home/andres/Documentos/nordic-toolchain/gcc-arm-none-eabi-8-2018-q4-major/bin/../lib/gcc/arm-none-eabi/8.2.1/../../../../arm-none-eabi/lib/thumb/v7e-m+fp/hard/libc_nano.a(lib_a-impure.o)
                0x000000000002d3d8                _global_impure_ptr
 *(.eh_frame*)
 .eh_frame      0x000000000002d3dc        0x0 /home/andres/Documentos/nordic-toolchain/gcc-arm-none-eabi-8-2018-q4-major/bin/../lib/gcc/arm-none-eabi/8.2.1/thumb/v7e-m+fp/hard/crtbegin.o
 .eh_frame      0x000000000002d3dc        0x4 /home/andres/Documentos/nordic-toolchain/gcc-arm-none-eabi-8-2018-q4-major/bin/../lib/gcc/arm-none-eabi/8.2.1/thumb/v7e-m+fp/hard/crtend.o

.glue_7         0x000000000002d3e0        0x0
 .glue_7        0x000000000002d3e0        0x0 linker stubs

.glue_7t        0x000000000002d3e0        0x0
 .glue_7t       0x000000000002d3e0        0x0 linker stubs

.vfp11_veneer   0x000000000002d3e0        0x0
 .vfp11_veneer  0x000000000002d3e0        0x0 linker stubs

.v4_bx          0x000000000002d3e0        0x0
 .v4_bx         0x000000000002d3e0        0x0 linker stubs

.iplt           0x000000000002d3e0        0x0
 .iplt          0x000000000002d3e0        0x0 /home/andres/Documentos/nordic-toolchain/gcc-arm-none-eabi-8-2018-q4-major/bin/../lib/gcc/arm-none-eabi/8.2.1/thumb/v7e-m+fp/hard/crtbegin.o

.mem_section_dummy_rom

.sdh_soc_observers
                0x000000000002d3e0        0x8
                0x000000000002d3e0                PROVIDE (__start_sdh_soc_observers = .)
 *(SORT_BY_NAME(.sdh_soc_observers*))
 .sdh_soc_observers0
                0x000000000002d3e0        0x8 _build/nrf52832_xxaa/nrf_drv_clock.c.o
                0x000000000002d3e8                PROVIDE (__stop_sdh_soc_observers = .)

.sdh_ble_observers
                0x000000000002d3e8       0x38
                0x000000000002d3e8                PROVIDE (__start_sdh_ble_observers = .)
 *(SORT_BY_NAME(.sdh_ble_observers*))
 .sdh_ble_observers0
                0x000000000002d3e8        0x8 _build/nrf52832_xxaa/ble_conn_state.c.o
 .sdh_ble_observers1
                0x000000000002d3f0        0x8 _build/nrf52832_xxaa/bsp_btn_ble.c.o
 .sdh_ble_observers1
                0x000000000002d3f8       0x18 _build/nrf52832_xxaa/main.c.o
 .sdh_ble_observers2
                0x000000000002d410        0x8 _build/nrf52832_xxaa/main.c.o
 .sdh_ble_observers3
                0x000000000002d418        0x8 _build/nrf52832_xxaa/main.c.o
                0x000000000002d420                PROVIDE (__stop_sdh_ble_observers = .)

.pwr_mgmt_data  0x000000000002d420        0x0
                0x000000000002d420                PROVIDE (__start_pwr_mgmt_data = .)
 *(SORT_BY_NAME(.pwr_mgmt_data*))
                0x000000000002d420                PROVIDE (__stop_pwr_mgmt_data = .)

.log_const_data
                0x000000000002d420       0x78
                0x000000000002d420                PROVIDE (__start_log_const_data = .)
 *(SORT_BY_NAME(.log_const_data*))
 .log_const_data_CLOCK
                0x000000000002d420        0x8 _build/nrf52832_xxaa/nrfx_clock.c.o
                0x000000000002d420                m_nrf_log_CLOCK_logs_data_const
 .log_const_data_GPIOTE
                0x000000000002d428        0x8 _build/nrf52832_xxaa/nrfx_gpiote.c.o
                0x000000000002d428                m_nrf_log_GPIOTE_logs_data_const
 .log_const_data_PRS
                0x000000000002d430        0x8 _build/nrf52832_xxaa/nrfx_prs.c.o
                0x000000000002d430                m_nrf_log_PRS_logs_data_const
 .log_const_data_UART
                0x000000000002d438        0x8 _build/nrf52832_xxaa/nrfx_uart.c.o
                0x000000000002d438                m_nrf_log_UART_logs_data_const
 .log_const_data_UARTE
                0x000000000002d440        0x8 _build/nrf52832_xxaa/nrfx_uarte.c.o
                0x000000000002d440                m_nrf_log_UARTE_logs_data_const
 .log_const_data_app
                0x000000000002d448        0x8 _build/nrf52832_xxaa/nrf_log_frontend.c.o
                0x000000000002d448                m_nrf_log_app_logs_data_const
 .log_const_data_ble_db_disc
                0x000000000002d450        0x8 _build/nrf52832_xxaa/ble_db_discovery.c.o
                0x000000000002d450                m_nrf_log_ble_db_disc_logs_data_const
 .log_const_data_ble_lbs_c
                0x000000000002d458        0x8 _build/nrf52832_xxaa/ble_lbs_c.c.o
                0x000000000002d458                m_nrf_log_ble_lbs_c_logs_data_const
 .log_const_data_ble_scan
                0x000000000002d460        0x8 _build/nrf52832_xxaa/nrf_ble_scan.c.o
                0x000000000002d460                m_nrf_log_ble_scan_logs_data_const
 .log_const_data_clock
                0x000000000002d468        0x8 _build/nrf52832_xxaa/nrf_drv_clock.c.o
                0x000000000002d468                m_nrf_log_clock_logs_data_const
 .log_const_data_nrf_ble_gatt
                0x000000000002d470        0x8 _build/nrf52832_xxaa/nrf_ble_gatt.c.o
                0x000000000002d470                m_nrf_log_nrf_ble_gatt_logs_data_const
 .log_const_data_nrf_sdh
                0x000000000002d478        0x8 _build/nrf52832_xxaa/nrf_sdh.c.o
                0x000000000002d478                m_nrf_log_nrf_sdh_logs_data_const
 .log_const_data_nrf_sdh_ble
                0x000000000002d480        0x8 _build/nrf52832_xxaa/nrf_sdh_ble.c.o
                0x000000000002d480                m_nrf_log_nrf_sdh_ble_logs_data_const
 .log_const_data_nrf_sdh_soc
                0x000000000002d488        0x8 _build/nrf52832_xxaa/nrf_sdh_soc.c.o
                0x000000000002d488                m_nrf_log_nrf_sdh_soc_logs_data_const
 .log_const_data_pwr_mgmt
                0x000000000002d490        0x8 _build/nrf52832_xxaa/nrf_pwr_mgmt.c.o
                0x000000000002d490                m_nrf_log_pwr_mgmt_logs_data_const
                0x000000000002d498                PROVIDE (__stop_log_const_data = .)

.nrf_balloc     0x000000000002d498       0x14
                [!provide]                        PROVIDE (__start_nrf_balloc = .)
 *(.nrf_balloc)
 .nrf_balloc    0x000000000002d498       0x14 _build/nrf52832_xxaa/nrf_log_frontend.c.o
                0x000000000002d498                log_mempool
                [!provide]                        PROVIDE (__stop_nrf_balloc = .)

.sdh_stack_observers
                0x000000000002d4ac       0x10
                0x000000000002d4ac                PROVIDE (__start_sdh_stack_observers = .)
 *(SORT_BY_NAME(.sdh_stack_observers*))
 .sdh_stack_observers0
                0x000000000002d4ac        0x8 _build/nrf52832_xxaa/nrf_sdh_ble.c.o
 .sdh_stack_observers0
                0x000000000002d4b4        0x8 _build/nrf52832_xxaa/nrf_sdh_soc.c.o
                0x000000000002d4bc                PROVIDE (__stop_sdh_stack_observers = .)

.sdh_req_observers
                0x000000000002d4bc        0x0
                0x000000000002d4bc                PROVIDE (__start_sdh_req_observers = .)
 *(SORT_BY_NAME(.sdh_req_observers*))
                0x000000000002d4bc                PROVIDE (__stop_sdh_req_observers = .)

.sdh_state_observers
                0x000000000002d4bc        0x8
                0x000000000002d4bc                PROVIDE (__start_sdh_state_observers = .)
 *(SORT_BY_NAME(.sdh_state_observers*))
 .sdh_state_observers0
                0x000000000002d4bc        0x8 _build/nrf52832_xxaa/nrf_drv_clock.c.o
                0x000000000002d4c4                PROVIDE (__stop_sdh_state_observers = .)

.nrf_queue      0x000000000002d4c4        0x0
                [!provide]                        PROVIDE (__start_nrf_queue = .)
 *(.nrf_queue)
                [!provide]                        PROVIDE (__stop_nrf_queue = .)

.cli_command    0x000000000002d4c4        0x0
                [!provide]                        PROVIDE (__start_cli_command = .)
 *(.cli_command)
                [!provide]                        PROVIDE (__stop_cli_command = .)

.crypto_data    0x000000000002d4c4        0x0
                [!provide]                        PROVIDE (__start_crypto_data = .)
 *(SORT_BY_NAME(.crypto_data*))
                [!provide]                        PROVIDE (__stop_crypto_data = .)

.log_backends   0x000000000002d4c4       0x10
                [!provide]                        PROVIDE (__start_log_backends = .)
 *(SORT_BY_NAME(.log_backends*))
 .log_backends  0x000000000002d4c4       0x10 _build/nrf52832_xxaa/nrf_log_default_backends.c.o
                [!provide]                        PROVIDE (__stop_log_backends = .)

.ARM.extab
 *(.ARM.extab* .gnu.linkonce.armextab.*)
                0x000000000002d4d4                __exidx_start = .

.ARM.exidx      0x000000000002d4d4        0x8
 *(.ARM.exidx* .gnu.linkonce.armexidx.*)
 .ARM.exidx     0x000000000002d4d4        0x8 /home/andres/Documentos/nordic-toolchain/gcc-arm-none-eabi-8-2018-q4-major/bin/../lib/gcc/arm-none-eabi/8.2.1/../../../../arm-none-eabi/lib/thumb/v7e-m+fp/hard/crt0.o
                0x000000000002d4dc                __exidx_end = .
                0x000000000002d4dc                __etext = .

.rel.dyn        0x000000000002d4dc        0x0
 .rel.iplt      0x000000000002d4dc        0x0 /home/andres/Documentos/nordic-toolchain/gcc-arm-none-eabi-8-2018-q4-major/bin/../lib/gcc/arm-none-eabi/8.2.1/thumb/v7e-m+fp/hard/crtbegin.o

.data           0x0000000020001d70      0x35c load address 0x000000000002d4dc
                0x0000000020001d70                __data_start__ = .
 *(vtable)
 *(.data*)
 .data.m_uart   0x0000000020001d70       0x14 _build/nrf52832_xxaa/nrf_log_backend_uart.c.o
                0x0000000020001d70                m_uart
 .data.log_backend_cb_uart_log_backend
                0x0000000020001d84        0x8 _build/nrf52832_xxaa/nrf_log_default_backends.c.o
 .data.SystemCoreClock
                0x0000000020001d8c        0x4 _build/nrf52832_xxaa/system_nrf52.c.o
                0x0000000020001d8c                SystemCoreClock
 .data.buttons.11564
                0x0000000020001d90        0x8 _build/nrf52832_xxaa/main.c.o
 .data.m_db_disc
                0x0000000020001d98      0x2cc _build/nrf52832_xxaa/main.c.o
 .data.impure_data
                0x0000000020002064       0x60 /home/andres/Documentos/nordic-toolchain/gcc-arm-none-eabi-8-2018-q4-major/bin/../lib/gcc/arm-none-eabi/8.2.1/../../../../arm-none-eabi/lib/thumb/v7e-m+fp/hard/libc_nano.a(lib_a-impure.o)
                0x00000000200020c4                . = ALIGN (0x4)
                0x00000000200020c4                PROVIDE (__preinit_array_start = .)
 *(.preinit_array)
                0x00000000200020c4                PROVIDE (__preinit_array_end = .)
                0x00000000200020c4                . = ALIGN (0x4)
                0x00000000200020c4                PROVIDE (__init_array_start = .)
 *(SORT_BY_NAME(.init_array.*))
 *(.init_array)
 .init_array    0x00000000200020c4        0x4 /home/andres/Documentos/nordic-toolchain/gcc-arm-none-eabi-8-2018-q4-major/bin/../lib/gcc/arm-none-eabi/8.2.1/thumb/v7e-m+fp/hard/crtbegin.o
                0x00000000200020c8                PROVIDE (__init_array_end = .)
                0x00000000200020c8                . = ALIGN (0x4)
                [!provide]                        PROVIDE (__fini_array_start = .)
 *(SORT_BY_NAME(.fini_array.*))
 *(.fini_array)
 .fini_array    0x00000000200020c8        0x4 /home/andres/Documentos/nordic-toolchain/gcc-arm-none-eabi-8-2018-q4-major/bin/../lib/gcc/arm-none-eabi/8.2.1/thumb/v7e-m+fp/hard/crtbegin.o
                [!provide]                        PROVIDE (__fini_array_end = .)
 *(.jcr*)
                0x00000000200020cc                . = ALIGN (0x4)
                0x00000000200020cc                __data_end__ = .
LOAD /home/andres/Documentos/nordic-toolchain/gcc-arm-none-eabi-8-2018-q4-major/bin/../lib/gcc/arm-none-eabi/8.2.1/thumb/v7e-m+fp/hard/crti.o
LOAD /home/andres/Documentos/nordic-toolchain/gcc-arm-none-eabi-8-2018-q4-major/bin/../lib/gcc/arm-none-eabi/8.2.1/thumb/v7e-m+fp/hard/crtbegin.o
LOAD /home/andres/Documentos/nordic-toolchain/gcc-arm-none-eabi-8-2018-q4-major/bin/../lib/gcc/arm-none-eabi/8.2.1/../../../../arm-none-eabi/lib/thumb/v7e-m+fp/hard/crt0.o
LOAD _build/nrf52832_xxaa/gcc_startup_nrf52.S.o
LOAD _build/nrf52832_xxaa/nrf_log_backend_rtt.c.o
LOAD _build/nrf52832_xxaa/nrf_log_backend_serial.c.o
LOAD _build/nrf52832_xxaa/nrf_log_backend_uart.c.o
LOAD _build/nrf52832_xxaa/nrf_log_default_backends.c.o
LOAD _build/nrf52832_xxaa/nrf_log_frontend.c.o
LOAD _build/nrf52832_xxaa/nrf_log_str_formatter.c.o
LOAD _build/nrf52832_xxaa/app_button.c.o
LOAD _build/nrf52832_xxaa/app_error.c.o
LOAD _build/nrf52832_xxaa/app_error_handler_gcc.c.o
LOAD _build/nrf52832_xxaa/app_error_weak.c.o
LOAD _build/nrf52832_xxaa/app_scheduler.c.o
LOAD _build/nrf52832_xxaa/app_timer.c.o
LOAD _build/nrf52832_xxaa/app_util_platform.c.o
LOAD _build/nrf52832_xxaa/hardfault_implementation.c.o
LOAD _build/nrf52832_xxaa/nrf_assert.c.o
LOAD _build/nrf52832_xxaa/nrf_atfifo.c.o
LOAD _build/nrf52832_xxaa/nrf_atflags.c.o
LOAD _build/nrf52832_xxaa/nrf_atomic.c.o
LOAD _build/nrf52832_xxaa/nrf_balloc.c.o
LOAD _build/nrf52832_xxaa/nrf_fprintf.c.o
LOAD _build/nrf52832_xxaa/nrf_fprintf_format.c.o
LOAD _build/nrf52832_xxaa/nrf_memobj.c.o
LOAD _build/nrf52832_xxaa/nrf_pwr_mgmt.c.o
LOAD _build/nrf52832_xxaa/nrf_ringbuf.c.o
LOAD _build/nrf52832_xxaa/nrf_section_iter.c.o
LOAD _build/nrf52832_xxaa/nrf_strerror.c.o
LOAD _build/nrf52832_xxaa/system_nrf52.c.o
LOAD _build/nrf52832_xxaa/boards.c.o
LOAD _build/nrf52832_xxaa/nrf_drv_clock.c.o
LOAD _build/nrf52832_xxaa/nrf_drv_uart.c.o
LOAD _build/nrf52832_xxaa/nrfx_clock.c.o
LOAD _build/nrf52832_xxaa/nrfx_gpiote.c.o
LOAD _build/nrf52832_xxaa/nrfx_power_clock.c.o
LOAD _build/nrf52832_xxaa/nrfx_prs.c.o
LOAD _build/nrf52832_xxaa/nrfx_uart.c.o
LOAD _build/nrf52832_xxaa/nrfx_uarte.c.o
LOAD _build/nrf52832_xxaa/bsp.c.o
LOAD _build/nrf52832_xxaa/bsp_btn_ble.c.o
LOAD _build/nrf52832_xxaa/main.c.o
LOAD _build/nrf52832_xxaa/SEGGER_RTT.c.o
LOAD _build/nrf52832_xxaa/SEGGER_RTT_Syscalls_GCC.c.o
LOAD _build/nrf52832_xxaa/SEGGER_RTT_printf.c.o
LOAD _build/nrf52832_xxaa/ble_advdata.c.o
LOAD _build/nrf52832_xxaa/ble_advertising.c.o
LOAD _build/nrf52832_xxaa/ble_conn_state.c.o
LOAD _build/nrf52832_xxaa/ble_db_discovery.c.o
LOAD _build/nrf52832_xxaa/ble_srv_common.c.o
LOAD _build/nrf52832_xxaa/nrf_ble_gatt.c.o
LOAD _build/nrf52832_xxaa/nrf_ble_scan.c.o
LOAD _build/nrf52832_xxaa/utf.c.o
LOAD _build/nrf52832_xxaa/ble_lbs_c.c.o
LOAD _build/nrf52832_xxaa/nrf_sdh.c.o
LOAD _build/nrf52832_xxaa/nrf_sdh_ble.c.o
LOAD _build/nrf52832_xxaa/nrf_sdh_soc.c.o
LOAD /home/andres/Documentos/nordic-toolchain/gcc-arm-none-eabi-8-2018-q4-major/bin/../lib/gcc/arm-none-eabi/8.2.1/../../../../arm-none-eabi/lib/thumb/v7e-m+fp/hard/libc_nano.a
LOAD /home/andres/Documentos/nordic-toolchain/gcc-arm-none-eabi-8-2018-q4-major/bin/../lib/gcc/arm-none-eabi/8.2.1/../../../../arm-none-eabi/lib/thumb/v7e-m+fp/hard/libnosys.a
LOAD /home/andres/Documentos/nordic-toolchain/gcc-arm-none-eabi-8-2018-q4-major/bin/../lib/gcc/arm-none-eabi/8.2.1/../../../../arm-none-eabi/lib/thumb/v7e-m+fp/hard/libm.a
START GROUP
LOAD /home/andres/Documentos/nordic-toolchain/gcc-arm-none-eabi-8-2018-q4-major/bin/../lib/gcc/arm-none-eabi/8.2.1/thumb/v7e-m+fp/hard/libgcc.a
LOAD /home/andres/Documentos/nordic-toolchain/gcc-arm-none-eabi-8-2018-q4-major/bin/../lib/gcc/arm-none-eabi/8.2.1/../../../../arm-none-eabi/lib/thumb/v7e-m+fp/hard/libg_nano.a
LOAD /home/andres/Documentos/nordic-toolchain/gcc-arm-none-eabi-8-2018-q4-major/bin/../lib/gcc/arm-none-eabi/8.2.1/../../../../arm-none-eabi/lib/thumb/v7e-m+fp/hard/libc_nano.a
END GROUP
START GROUP
LOAD /home/andres/Documentos/nordic-toolchain/gcc-arm-none-eabi-8-2018-q4-major/bin/../lib/gcc/arm-none-eabi/8.2.1/thumb/v7e-m+fp/hard/libgcc.a
LOAD /home/andres/Documentos/nordic-toolchain/gcc-arm-none-eabi-8-2018-q4-major/bin/../lib/gcc/arm-none-eabi/8.2.1/../../../../arm-none-eabi/lib/thumb/v7e-m+fp/hard/libc_nano.a
END GROUP
LOAD /home/andres/Documentos/nordic-toolchain/gcc-arm-none-eabi-8-2018-q4-major/bin/../lib/gcc/arm-none-eabi/8.2.1/thumb/v7e-m+fp/hard/crtend.o
LOAD /home/andres/Documentos/nordic-toolchain/gcc-arm-none-eabi-8-2018-q4-major/bin/../lib/gcc/arm-none-eabi/8.2.1/thumb/v7e-m+fp/hard/crtn.o
START GROUP
LOAD /home/andres/Documentos/nordic-toolchain/gcc-arm-none-eabi-8-2018-q4-major/bin/../lib/gcc/arm-none-eabi/8.2.1/thumb/v7e-m+fp/hard/libgcc.a
LOAD /home/andres/Documentos/nordic-toolchain/gcc-arm-none-eabi-8-2018-q4-major/bin/../lib/gcc/arm-none-eabi/8.2.1/../../../../arm-none-eabi/lib/thumb/v7e-m+fp/hard/libc.a
LOAD /home/andres/Documentos/nordic-toolchain/gcc-arm-none-eabi-8-2018-q4-major/bin/../lib/gcc/arm-none-eabi/8.2.1/../../../../arm-none-eabi/lib/thumb/v7e-m+fp/hard/libnosys.a
END GROUP

.igot.plt       0x00000000200020cc        0x0 load address 0x000000000002d838
 .igot.plt      0x00000000200020cc        0x0 /home/andres/Documentos/nordic-toolchain/gcc-arm-none-eabi-8-2018-q4-major/bin/../lib/gcc/arm-none-eabi/8.2.1/thumb/v7e-m+fp/hard/crtbegin.o
                0x00000000200020cc                . = ALIGN (0x4)

.mem_section_dummy_ram

.log_dynamic_data
                0x00000000200020cc        0x0
                0x00000000200020cc                PROVIDE (__start_log_dynamic_data = .)
 *(SORT_BY_NAME(.log_dynamic_data*))
                [!provide]                        PROVIDE (__stop_log_dynamic_data = .)

.log_filter_data
                0x00000000200020cc        0x0
                [!provide]                        PROVIDE (__start_log_filter_data = .)
 *(SORT_BY_NAME(.log_filter_data*))
                [!provide]                        PROVIDE (__stop_log_filter_data = .)

.cli_sorted_cmd_ptrs
                0x00000000200020cc        0x0
                [!provide]                        PROVIDE (__start_cli_sorted_cmd_ptrs = .)
 *(.cli_sorted_cmd_ptrs)
                [!provide]                        PROVIDE (__stop_cli_sorted_cmd_ptrs = .)

.fs_data        0x00000000200020cc        0x0
                [!provide]                        PROVIDE (__start_fs_data = .)
 *(.fs_data)
                [!provide]                        PROVIDE (__stop_fs_data = .)

.bss            0x00000000200020d0      0xd44 load address 0x000000000002d840
                0x00000000200020d0                . = ALIGN (0x4)
                0x00000000200020d0                __bss_start__ = .
 *(.bss*)
 .bss           0x00000000200020d0       0x1c /home/andres/Documentos/nordic-toolchain/gcc-arm-none-eabi-8-2018-q4-major/bin/../lib/gcc/arm-none-eabi/8.2.1/thumb/v7e-m+fp/hard/crtbegin.o
 .bss.m_async_mode
                0x00000000200020ec        0x1 _build/nrf52832_xxaa/nrf_log_backend_uart.c.o
 *fill*         0x00000000200020ed        0x3 
 .bss.m_string_buff
                0x00000000200020f0       0x40 _build/nrf52832_xxaa/nrf_log_backend_uart.c.o
 .bss.m_xfer_done
                0x0000000020002130        0x1 _build/nrf52832_xxaa/nrf_log_backend_uart.c.o
 *fill*         0x0000000020002131        0x3 
 .bss.log_mempool_nrf_balloc_cb
                0x0000000020002134        0x8 _build/nrf52832_xxaa/nrf_log_frontend.c.o
 .bss.log_mempool_nrf_balloc_pool_mem
                0x000000002000213c       0xc0 _build/nrf52832_xxaa/nrf_log_frontend.c.o
 .bss.log_mempool_nrf_balloc_pool_stack
                0x00000000200021fc        0x8 _build/nrf52832_xxaa/nrf_log_frontend.c.o
 *fill*         0x0000000020002204        0x4 
 .bss.m_log_data
                0x0000000020002208      0x424 _build/nrf52832_xxaa/nrf_log_frontend.c.o
 .bss.m_log_push_ringbuf_buf
                0x000000002000262c       0x80 _build/nrf52832_xxaa/nrf_log_frontend.c.o
 .bss.m_log_push_ringbuf_cb
                0x00000000200026ac       0x18 _build/nrf52832_xxaa/nrf_log_frontend.c.o
 .bss.m_button_count
                0x00000000200026c4        0x1 _build/nrf52832_xxaa/app_button.c.o
 *fill*         0x00000000200026c5        0x3 
 .bss.m_detection_delay
                0x00000000200026c8        0x4 _build/nrf52832_xxaa/app_button.c.o
 .bss.m_detection_delay_timer_id_data
                0x00000000200026cc       0x20 _build/nrf52832_xxaa/app_button.c.o
 *fill*         0x00000000200026ec        0x4 
 .bss.m_pin_state
                0x00000000200026f0        0x8 _build/nrf52832_xxaa/app_button.c.o
 .bss.m_pin_transition
                0x00000000200026f8        0x8 _build/nrf52832_xxaa/app_button.c.o
 .bss.mp_buttons
                0x0000000020002700        0x4 _build/nrf52832_xxaa/app_button.c.o
 .bss.m_op_queue
                0x0000000020002704      0x10c _build/nrf52832_xxaa/app_timer.c.o
 .bss.m_rtc1_reset
                0x0000000020002810        0x1 _build/nrf52832_xxaa/app_timer.c.o
 .bss.m_rtc1_running
                0x0000000020002811        0x1 _build/nrf52832_xxaa/app_timer.c.o
 *fill*         0x0000000020002812        0x2 
 .bss.m_ticks_elapsed
                0x0000000020002814        0x8 _build/nrf52832_xxaa/app_timer.c.o
 .bss.m_ticks_elapsed_q_read_ind
                0x000000002000281c        0x1 _build/nrf52832_xxaa/app_timer.c.o
 .bss.m_ticks_elapsed_q_write_ind
                0x000000002000281d        0x1 _build/nrf52832_xxaa/app_timer.c.o
 *fill*         0x000000002000281e        0x2 
 .bss.m_ticks_latest
                0x0000000020002820        0x4 _build/nrf52832_xxaa/app_timer.c.o
 .bss.mp_timer_id_head
                0x0000000020002824        0x4 _build/nrf52832_xxaa/app_timer.c.o
 .bss.m_handlers_iter
                0x0000000020002828        0x8 _build/nrf52832_xxaa/nrf_pwr_mgmt.c.o
 .bss.m_shutdown_started
                0x0000000020002830        0x1 _build/nrf52832_xxaa/nrf_pwr_mgmt.c.o
 *fill*         0x0000000020002831        0x3 
 .bss.m_sysoff_mtx
                0x0000000020002834        0x4 _build/nrf52832_xxaa/nrf_pwr_mgmt.c.o
 .bss.m_clock_cb
                0x0000000020002838       0x14 _build/nrf52832_xxaa/nrf_drv_clock.c.o
 .bss.m_contexts
                0x000000002000284c        0x4 _build/nrf52832_xxaa/nrf_drv_uart.c.o
 .bss.m_handlers
                0x0000000020002850        0x4 _build/nrf52832_xxaa/nrf_drv_uart.c.o
 .bss.m_clock_cb
                0x0000000020002854        0x8 _build/nrf52832_xxaa/nrfx_clock.c.o
 *fill*         0x000000002000285c        0x4 
 .bss.m_cb      0x0000000020002860       0x5c _build/nrf52832_xxaa/nrfx_gpiote.c.o
 .bss.m_prs_box_4
                0x00000000200028bc        0x8 _build/nrf52832_xxaa/nrfx_prs.c.o
 .bss.m_cb      0x00000000200028c4       0x2c _build/nrf52832_xxaa/nrfx_uart.c.o
 .bss.m_cb      0x00000000200028f0       0x24 _build/nrf52832_xxaa/nrfx_uarte.c.o
 .bss.m_events_list
                0x0000000020002914        0xc _build/nrf52832_xxaa/bsp.c.o
 .bss.m_error_handler
                0x0000000020002920        0x4 _build/nrf52832_xxaa/bsp_btn_ble.c.o
 .bss.m_num_connections
                0x0000000020002924        0x4 _build/nrf52832_xxaa/bsp_btn_ble.c.o
 .bss.m_ble_lbs_c
                0x0000000020002928       0x10 _build/nrf52832_xxaa/main.c.o
 .bss.m_gatt    0x0000000020002938       0x14 _build/nrf52832_xxaa/main.c.o
 .bss.m_scan    0x000000002000294c       0x68 _build/nrf52832_xxaa/main.c.o
 .bss.masterState
                0x00000000200029b4        0x1 _build/nrf52832_xxaa/main.c.o
                0x00000000200029b4                masterState
 *fill*         0x00000000200029b5        0x3 
 .bss.m_bcs     0x00000000200029b8       0x78 _build/nrf52832_xxaa/ble_conn_state.c.o
 .bss.m_evt_handler
                0x0000000020002a30        0x4 _build/nrf52832_xxaa/ble_db_discovery.c.o
 .bss.m_initialized
                0x0000000020002a34        0x1 _build/nrf52832_xxaa/ble_db_discovery.c.o
 *fill*         0x0000000020002a35        0x3 
 .bss.m_num_of_handlers_reg
                0x0000000020002a38        0x4 _build/nrf52832_xxaa/ble_db_discovery.c.o
 .bss.m_pending_user_evts
                0x0000000020002a3c      0x300 _build/nrf52832_xxaa/ble_db_discovery.c.o
 .bss.m_pending_usr_evt_index
                0x0000000020002d3c        0x4 _build/nrf52832_xxaa/ble_db_discovery.c.o
 .bss.m_registered_handlers
                0x0000000020002d40       0x18 _build/nrf52832_xxaa/ble_db_discovery.c.o
 .bss.m_tx_buffer
                0x0000000020002d58       0xa0 _build/nrf52832_xxaa/ble_lbs_c.c.o
 .bss.m_tx_index
                0x0000000020002df8        0x4 _build/nrf52832_xxaa/ble_lbs_c.c.o
 .bss.m_tx_insert_index
                0x0000000020002dfc        0x4 _build/nrf52832_xxaa/ble_lbs_c.c.o
 .bss.m_nrf_sdh_continue
                0x0000000020002e00        0x1 _build/nrf52832_xxaa/nrf_sdh.c.o
 .bss.m_nrf_sdh_enabled
                0x0000000020002e01        0x1 _build/nrf52832_xxaa/nrf_sdh.c.o
 .bss.m_nrf_sdh_suspended
                0x0000000020002e02        0x1 _build/nrf52832_xxaa/nrf_sdh.c.o
 .bss.m_stack_is_enabled
                0x0000000020002e03        0x1 _build/nrf52832_xxaa/nrf_sdh_ble.c.o
 *(COMMON)
 COMMON         0x0000000020002e04        0xc _build/nrf52832_xxaa/app_util_platform.c.o
                0x0000000020002e04                nrf_nvic_state
 COMMON         0x0000000020002e10        0x1 _build/nrf52832_xxaa/nrf_drv_uart.c.o
                0x0000000020002e10                nrf_drv_uart_use_easy_dma
                0x0000000020002e14                . = ALIGN (0x4)
 *fill*         0x0000000020002e11        0x3 
                0x0000000020002e14                __bss_end__ = .

.heap           0x0000000020002e18        0x0
                0x0000000020002e18                __HeapBase = .
                0x0000000020002e18                __end__ = .
                [!provide]                        PROVIDE (end = .)
 *(.heap*)
 .heap          0x0000000020002e18        0x0 _build/nrf52832_xxaa/gcc_startup_nrf52.S.o
                0x0000000020002e18                __HeapLimit = .

.stack_dummy    0x0000000020002e18     0x2000
 *(.stack*)
 .stack         0x0000000020002e18     0x2000 _build/nrf52832_xxaa/gcc_startup_nrf52.S.o
                0x0000000020010000                __StackTop = (ORIGIN (RAM) + LENGTH (RAM))
                0x000000002000e000                __StackLimit = (__StackTop - SIZEOF (.stack_dummy))
                0x0000000020010000                PROVIDE (__stack = __StackTop)
                0x0000000000000001                ASSERT ((__StackLimit >= __HeapLimit), region RAM overflowed with stack)
                0x0000000000000360                DataInitFlashUsed = (__bss_start__ - __data_start__)
                0x00000000000074dc                CodeFlashUsed = (__etext - ORIGIN (FLASH))
                0x000000000000783c                TotalFlashUsed = (CodeFlashUsed + DataInitFlashUsed)
                0x0000000000000001                ASSERT ((TotalFlashUsed <= LENGTH (FLASH)), region FLASH overflowed with .data and user data)
OUTPUT(_build/nrf52832_xxaa.out elf32-littlearm)

.ARM.attributes
                0x0000000000000000       0x30
 .ARM.attributes
                0x0000000000000000       0x1e /home/andres/Documentos/nordic-toolchain/gcc-arm-none-eabi-8-2018-q4-major/bin/../lib/gcc/arm-none-eabi/8.2.1/thumb/v7e-m+fp/hard/crti.o
 .ARM.attributes
                0x000000000000001e       0x34 /home/andres/Documentos/nordic-toolchain/gcc-arm-none-eabi-8-2018-q4-major/bin/../lib/gcc/arm-none-eabi/8.2.1/thumb/v7e-m+fp/hard/crtbegin.o
 .ARM.attributes
                0x0000000000000052       0x1c /home/andres/Documentos/nordic-toolchain/gcc-arm-none-eabi-8-2018-q4-major/bin/../lib/gcc/arm-none-eabi/8.2.1/../../../../arm-none-eabi/lib/thumb/v7e-m+fp/hard/crt0.o
 .ARM.attributes
                0x000000000000006e       0x20 _build/nrf52832_xxaa/gcc_startup_nrf52.S.o
 .ARM.attributes
                0x000000000000008e       0x34 _build/nrf52832_xxaa/nrf_log_backend_serial.c.o
 .ARM.attributes
                0x00000000000000c2       0x34 _build/nrf52832_xxaa/nrf_log_backend_uart.c.o
 .ARM.attributes
                0x00000000000000f6       0x34 _build/nrf52832_xxaa/nrf_log_default_backends.c.o
 .ARM.attributes
                0x000000000000012a       0x34 _build/nrf52832_xxaa/nrf_log_frontend.c.o
 .ARM.attributes
                0x000000000000015e       0x34 _build/nrf52832_xxaa/nrf_log_str_formatter.c.o
 .ARM.attributes
                0x0000000000000192       0x34 _build/nrf52832_xxaa/app_button.c.o
 .ARM.attributes
                0x00000000000001c6       0x34 _build/nrf52832_xxaa/app_error.c.o
 .ARM.attributes
                0x00000000000001fa       0x34 _build/nrf52832_xxaa/app_error_weak.c.o
 .ARM.attributes
                0x000000000000022e       0x34 _build/nrf52832_xxaa/app_timer.c.o
 .ARM.attributes
                0x0000000000000262       0x34 _build/nrf52832_xxaa/app_util_platform.c.o
 .ARM.attributes
                0x0000000000000296       0x34 _build/nrf52832_xxaa/nrf_atflags.c.o
 .ARM.attributes
                0x00000000000002ca       0x34 _build/nrf52832_xxaa/nrf_atomic.c.o
 .ARM.attributes
                0x00000000000002fe       0x34 _build/nrf52832_xxaa/nrf_balloc.c.o
 .ARM.attributes
                0x0000000000000332       0x34 _build/nrf52832_xxaa/nrf_fprintf.c.o
 .ARM.attributes
                0x0000000000000366       0x34 _build/nrf52832_xxaa/nrf_fprintf_format.c.o
 .ARM.attributes
                0x000000000000039a       0x34 _build/nrf52832_xxaa/nrf_memobj.c.o
 .ARM.attributes
                0x00000000000003ce       0x34 _build/nrf52832_xxaa/nrf_pwr_mgmt.c.o
 .ARM.attributes
                0x0000000000000402       0x34 _build/nrf52832_xxaa/nrf_ringbuf.c.o
 .ARM.attributes
                0x0000000000000436       0x34 _build/nrf52832_xxaa/nrf_section_iter.c.o
 .ARM.attributes
                0x000000000000046a       0x34 _build/nrf52832_xxaa/nrf_strerror.c.o
 .ARM.attributes
                0x000000000000049e       0x34 _build/nrf52832_xxaa/system_nrf52.c.o
 .ARM.attributes
                0x00000000000004d2       0x34 _build/nrf52832_xxaa/boards.c.o
 .ARM.attributes
                0x0000000000000506       0x34 _build/nrf52832_xxaa/nrf_drv_clock.c.o
 .ARM.attributes
                0x000000000000053a       0x34 _build/nrf52832_xxaa/nrf_drv_uart.c.o
 .ARM.attributes
                0x000000000000056e       0x34 _build/nrf52832_xxaa/nrfx_clock.c.o
 .ARM.attributes
                0x00000000000005a2       0x34 _build/nrf52832_xxaa/nrfx_gpiote.c.o
 .ARM.attributes
                0x00000000000005d6       0x34 _build/nrf52832_xxaa/nrfx_prs.c.o
 .ARM.attributes
                0x000000000000060a       0x34 _build/nrf52832_xxaa/nrfx_uart.c.o
 .ARM.attributes
                0x000000000000063e       0x34 _build/nrf52832_xxaa/nrfx_uarte.c.o
 .ARM.attributes
                0x0000000000000672       0x34 _build/nrf52832_xxaa/bsp.c.o
 .ARM.attributes
                0x00000000000006a6       0x34 _build/nrf52832_xxaa/bsp_btn_ble.c.o
 .ARM.attributes
                0x00000000000006da       0x34 _build/nrf52832_xxaa/main.c.o
 .ARM.attributes
                0x000000000000070e       0x34 _build/nrf52832_xxaa/ble_advdata.c.o
 .ARM.attributes
                0x0000000000000742       0x34 _build/nrf52832_xxaa/ble_conn_state.c.o
 .ARM.attributes
                0x0000000000000776       0x34 _build/nrf52832_xxaa/ble_db_discovery.c.o
 .ARM.attributes
                0x00000000000007aa       0x34 _build/nrf52832_xxaa/nrf_ble_gatt.c.o
 .ARM.attributes
                0x00000000000007de       0x34 _build/nrf52832_xxaa/nrf_ble_scan.c.o
 .ARM.attributes
                0x0000000000000812       0x34 _build/nrf52832_xxaa/ble_lbs_c.c.o
 .ARM.attributes
                0x0000000000000846       0x34 _build/nrf52832_xxaa/nrf_sdh.c.o
 .ARM.attributes
                0x000000000000087a       0x34 _build/nrf52832_xxaa/nrf_sdh_ble.c.o
 .ARM.attributes
                0x00000000000008ae       0x34 _build/nrf52832_xxaa/nrf_sdh_soc.c.o
 .ARM.attributes
                0x00000000000008e2       0x32 /home/andres/Documentos/nordic-toolchain/gcc-arm-none-eabi-8-2018-q4-major/bin/../lib/gcc/arm-none-eabi/8.2.1/../../../../arm-none-eabi/lib/thumb/v7e-m+fp/hard/libc_nano.a(lib_a-ctype_.o)
 .ARM.attributes
                0x0000000000000914       0x34 /home/andres/Documentos/nordic-toolchain/gcc-arm-none-eabi-8-2018-q4-major/bin/../lib/gcc/arm-none-eabi/8.2.1/../../../../arm-none-eabi/lib/thumb/v7e-m+fp/hard/libc_nano.a(lib_a-exit.o)
 .ARM.attributes
                0x0000000000000948       0x32 /home/andres/Documentos/nordic-toolchain/gcc-arm-none-eabi-8-2018-q4-major/bin/../lib/gcc/arm-none-eabi/8.2.1/../../../../arm-none-eabi/lib/thumb/v7e-m+fp/hard/libc_nano.a(lib_a-impure.o)
 .ARM.attributes
                0x000000000000097a       0x34 /home/andres/Documentos/nordic-toolchain/gcc-arm-none-eabi-8-2018-q4-major/bin/../lib/gcc/arm-none-eabi/8.2.1/../../../../arm-none-eabi/lib/thumb/v7e-m+fp/hard/libc_nano.a(lib_a-init.o)
 .ARM.attributes
                0x00000000000009ae       0x34 /home/andres/Documentos/nordic-toolchain/gcc-arm-none-eabi-8-2018-q4-major/bin/../lib/gcc/arm-none-eabi/8.2.1/../../../../arm-none-eabi/lib/thumb/v7e-m+fp/hard/libc_nano.a(lib_a-memcmp.o)
 .ARM.attributes
                0x00000000000009e2       0x34 /home/andres/Documentos/nordic-toolchain/gcc-arm-none-eabi-8-2018-q4-major/bin/../lib/gcc/arm-none-eabi/8.2.1/../../../../arm-none-eabi/lib/thumb/v7e-m+fp/hard/libc_nano.a(lib_a-memcpy-stub.o)
 .ARM.attributes
                0x0000000000000a16       0x34 /home/andres/Documentos/nordic-toolchain/gcc-arm-none-eabi-8-2018-q4-major/bin/../lib/gcc/arm-none-eabi/8.2.1/../../../../arm-none-eabi/lib/thumb/v7e-m+fp/hard/libc_nano.a(lib_a-memset.o)
 .ARM.attributes
                0x0000000000000a4a       0x1c /home/andres/Documentos/nordic-toolchain/gcc-arm-none-eabi-8-2018-q4-major/bin/../lib/gcc/arm-none-eabi/8.2.1/../../../../arm-none-eabi/lib/thumb/v7e-m+fp/hard/libc_nano.a(lib_a-strcmp.o)
 .ARM.attributes
                0x0000000000000a66       0x17 /home/andres/Documentos/nordic-toolchain/gcc-arm-none-eabi-8-2018-q4-major/bin/../lib/gcc/arm-none-eabi/8.2.1/../../../../arm-none-eabi/lib/thumb/v7e-m+fp/hard/libc_nano.a(lib_a-strlen.o)
 .ARM.attributes
                0x0000000000000a7d       0x34 /home/andres/Documentos/nordic-toolchain/gcc-arm-none-eabi-8-2018-q4-major/bin/../lib/gcc/arm-none-eabi/8.2.1/../../../../arm-none-eabi/lib/thumb/v7e-m+fp/hard/libnosys.a(_exit.o)
 .ARM.attributes
                0x0000000000000ab1       0x32 /home/andres/Documentos/nordic-toolchain/gcc-arm-none-eabi-8-2018-q4-major/bin/../lib/gcc/arm-none-eabi/8.2.1/thumb/v7e-m+fp/hard/crtend.o
 .ARM.attributes
                0x0000000000000ae3       0x1e /home/andres/Documentos/nordic-toolchain/gcc-arm-none-eabi-8-2018-q4-major/bin/../lib/gcc/arm-none-eabi/8.2.1/thumb/v7e-m+fp/hard/crtn.o

.comment        0x0000000000000000       0x75
 .comment       0x0000000000000000       0x75 _build/nrf52832_xxaa/nrf_log_backend_serial.c.o
                                         0x76 (size before relaxing)
 .comment       0x0000000000000075       0x76 _build/nrf52832_xxaa/nrf_log_backend_uart.c.o
 .comment       0x0000000000000075       0x76 _build/nrf52832_xxaa/nrf_log_default_backends.c.o
 .comment       0x0000000000000075       0x76 _build/nrf52832_xxaa/nrf_log_frontend.c.o
 .comment       0x0000000000000075       0x76 _build/nrf52832_xxaa/nrf_log_str_formatter.c.o
 .comment       0x0000000000000075       0x76 _build/nrf52832_xxaa/app_button.c.o
 .comment       0x0000000000000075       0x76 _build/nrf52832_xxaa/app_error.c.o
 .comment       0x0000000000000075       0x76 _build/nrf52832_xxaa/app_error_weak.c.o
 .comment       0x0000000000000075       0x76 _build/nrf52832_xxaa/app_timer.c.o
 .comment       0x0000000000000075       0x76 _build/nrf52832_xxaa/app_util_platform.c.o
 .comment       0x0000000000000075       0x76 _build/nrf52832_xxaa/nrf_atflags.c.o
 .comment       0x0000000000000075       0x76 _build/nrf52832_xxaa/nrf_atomic.c.o
 .comment       0x0000000000000075       0x76 _build/nrf52832_xxaa/nrf_balloc.c.o
 .comment       0x0000000000000075       0x76 _build/nrf52832_xxaa/nrf_fprintf.c.o
 .comment       0x0000000000000075       0x76 _build/nrf52832_xxaa/nrf_fprintf_format.c.o
 .comment       0x0000000000000075       0x76 _build/nrf52832_xxaa/nrf_memobj.c.o
 .comment       0x0000000000000075       0x76 _build/nrf52832_xxaa/nrf_pwr_mgmt.c.o
 .comment       0x0000000000000075       0x76 _build/nrf52832_xxaa/nrf_ringbuf.c.o
 .comment       0x0000000000000075       0x76 _build/nrf52832_xxaa/nrf_section_iter.c.o
 .comment       0x0000000000000075       0x76 _build/nrf52832_xxaa/nrf_strerror.c.o
 .comment       0x0000000000000075       0x76 _build/nrf52832_xxaa/system_nrf52.c.o
 .comment       0x0000000000000075       0x76 _build/nrf52832_xxaa/boards.c.o
 .comment       0x0000000000000075       0x76 _build/nrf52832_xxaa/nrf_drv_clock.c.o
 .comment       0x0000000000000075       0x76 _build/nrf52832_xxaa/nrf_drv_uart.c.o
 .comment       0x0000000000000075       0x76 _build/nrf52832_xxaa/nrfx_clock.c.o
 .comment       0x0000000000000075       0x76 _build/nrf52832_xxaa/nrfx_gpiote.c.o
 .comment       0x0000000000000075       0x76 _build/nrf52832_xxaa/nrfx_prs.c.o
 .comment       0x0000000000000075       0x76 _build/nrf52832_xxaa/nrfx_uart.c.o
 .comment       0x0000000000000075       0x76 _build/nrf52832_xxaa/nrfx_uarte.c.o
 .comment       0x0000000000000075       0x76 _build/nrf52832_xxaa/bsp.c.o
 .comment       0x0000000000000075       0x76 _build/nrf52832_xxaa/bsp_btn_ble.c.o
 .comment       0x0000000000000075       0x76 _build/nrf52832_xxaa/main.c.o
 .comment       0x0000000000000075       0x76 _build/nrf52832_xxaa/ble_advdata.c.o
 .comment       0x0000000000000075       0x76 _build/nrf52832_xxaa/ble_conn_state.c.o
 .comment       0x0000000000000075       0x76 _build/nrf52832_xxaa/ble_db_discovery.c.o
 .comment       0x0000000000000075       0x76 _build/nrf52832_xxaa/nrf_ble_gatt.c.o
 .comment       0x0000000000000075       0x76 _build/nrf52832_xxaa/nrf_ble_scan.c.o
 .comment       0x0000000000000075       0x76 _build/nrf52832_xxaa/ble_lbs_c.c.o
 .comment       0x0000000000000075       0x76 _build/nrf52832_xxaa/nrf_sdh.c.o
 .comment       0x0000000000000075       0x76 _build/nrf52832_xxaa/nrf_sdh_ble.c.o
 .comment       0x0000000000000075       0x76 _build/nrf52832_xxaa/nrf_sdh_soc.c.o

.debug_line     0x0000000000000000    0x26118
 .debug_line    0x0000000000000000       0x86 _build/nrf52832_xxaa/gcc_startup_nrf52.S.o
 .debug_line    0x0000000000000086      0x921 _build/nrf52832_xxaa/nrf_log_backend_serial.c.o
 .debug_line    0x00000000000009a7      0xc2f _build/nrf52832_xxaa/nrf_log_backend_uart.c.o
 .debug_line    0x00000000000015d6      0x807 _build/nrf52832_xxaa/nrf_log_default_backends.c.o
 .debug_line    0x0000000000001ddd     0x2c84 _build/nrf52832_xxaa/nrf_log_frontend.c.o
 .debug_line    0x0000000000004a61      0xa12 _build/nrf52832_xxaa/nrf_log_str_formatter.c.o
 .debug_line    0x0000000000005473      0xb8e _build/nrf52832_xxaa/app_button.c.o
 .debug_line    0x0000000000006001      0x5f9 _build/nrf52832_xxaa/app_error.c.o
 .debug_line    0x00000000000065fa      0x8fb _build/nrf52832_xxaa/app_error_weak.c.o
 .debug_line    0x0000000000006ef5     0x1772 _build/nrf52832_xxaa/app_timer.c.o
 .debug_line    0x0000000000008667      0x83d _build/nrf52832_xxaa/app_util_platform.c.o
 .debug_line    0x0000000000008ea4      0x881 _build/nrf52832_xxaa/nrf_atflags.c.o
 .debug_line    0x0000000000009725      0x860 _build/nrf52832_xxaa/nrf_atomic.c.o
 .debug_line    0x0000000000009f85      0x947 _build/nrf52832_xxaa/nrf_balloc.c.o
 .debug_line    0x000000000000a8cc      0x5d2 _build/nrf52832_xxaa/nrf_fprintf.c.o
 .debug_line    0x000000000000ae9e      0xdc7 _build/nrf52832_xxaa/nrf_fprintf_format.c.o
 .debug_line    0x000000000000bc65      0xb4f _build/nrf52832_xxaa/nrf_memobj.c.o
 .debug_line    0x000000000000c7b4      0xeda _build/nrf52832_xxaa/nrf_pwr_mgmt.c.o
 .debug_line    0x000000000000d68e      0xa58 _build/nrf52832_xxaa/nrf_ringbuf.c.o
 .debug_line    0x000000000000e0e6      0x5e8 _build/nrf52832_xxaa/nrf_section_iter.c.o
 .debug_line    0x000000000000e6ce      0x6c7 _build/nrf52832_xxaa/nrf_strerror.c.o
 .debug_line    0x000000000000ed95      0x956 _build/nrf52832_xxaa/system_nrf52.c.o
 .debug_line    0x000000000000f6eb     0x1017 _build/nrf52832_xxaa/boards.c.o
 .debug_line    0x0000000000010702     0x1202 _build/nrf52832_xxaa/nrf_drv_clock.c.o
 .debug_line    0x0000000000011904      0x8c4 _build/nrf52832_xxaa/nrf_drv_uart.c.o
 .debug_line    0x00000000000121c8     0x1090 _build/nrf52832_xxaa/nrfx_clock.c.o
 .debug_line    0x0000000000013258     0x2e15 _build/nrf52832_xxaa/nrfx_gpiote.c.o
 .debug_line    0x000000000001606d      0x9bc _build/nrf52832_xxaa/nrfx_prs.c.o
 .debug_line    0x0000000000016a29     0x1e64 _build/nrf52832_xxaa/nrfx_uart.c.o
 .debug_line    0x000000000001888d     0x1b61 _build/nrf52832_xxaa/nrfx_uarte.c.o
 .debug_line    0x000000000001a3ee     0x1144 _build/nrf52832_xxaa/bsp.c.o
 .debug_line    0x000000000001b532      0xb3b _build/nrf52832_xxaa/bsp_btn_ble.c.o
 .debug_line    0x000000000001c06d     0x13b4 _build/nrf52832_xxaa/main.c.o
 .debug_line    0x000000000001d421     0x13cd _build/nrf52832_xxaa/ble_advdata.c.o
 .debug_line    0x000000000001e7ee     0x109d _build/nrf52832_xxaa/ble_conn_state.c.o
 .debug_line    0x000000000001f88b     0x17d4 _build/nrf52832_xxaa/ble_db_discovery.c.o
 .debug_line    0x000000000002105f      0xd02 _build/nrf52832_xxaa/nrf_ble_gatt.c.o
 .debug_line    0x0000000000021d61     0x1029 _build/nrf52832_xxaa/nrf_ble_scan.c.o
 .debug_line    0x0000000000022d8a      0xf9e _build/nrf52832_xxaa/ble_lbs_c.c.o
 .debug_line    0x0000000000023d28      0xff4 _build/nrf52832_xxaa/nrf_sdh.c.o
 .debug_line    0x0000000000024d1c      0xbc4 _build/nrf52832_xxaa/nrf_sdh_ble.c.o
 .debug_line    0x00000000000258e0      0x838 _build/nrf52832_xxaa/nrf_sdh_soc.c.o

.debug_info     0x0000000000000000    0x53a19
 .debug_info    0x0000000000000000       0x26 _build/nrf52832_xxaa/gcc_startup_nrf52.S.o
 .debug_info    0x0000000000000026     0x1254 _build/nrf52832_xxaa/nrf_log_backend_serial.c.o
 .debug_info    0x000000000000127a     0x1c9d _build/nrf52832_xxaa/nrf_log_backend_uart.c.o
 .debug_info    0x0000000000002f17      0xd9e _build/nrf52832_xxaa/nrf_log_default_backends.c.o
 .debug_info    0x0000000000003cb5     0x4b7f _build/nrf52832_xxaa/nrf_log_frontend.c.o
 .debug_info    0x0000000000008834     0x141d _build/nrf52832_xxaa/nrf_log_str_formatter.c.o
 .debug_info    0x0000000000009c51     0x1045 _build/nrf52832_xxaa/app_button.c.o
 .debug_info    0x000000000000ac96      0xbac _build/nrf52832_xxaa/app_error.c.o
 .debug_info    0x000000000000b842     0x1026 _build/nrf52832_xxaa/app_error_weak.c.o
 .debug_info    0x000000000000c868     0x29ec _build/nrf52832_xxaa/app_timer.c.o
 .debug_info    0x000000000000f254     0x1305 _build/nrf52832_xxaa/app_util_platform.c.o
 .debug_info    0x0000000000010559      0xf53 _build/nrf52832_xxaa/nrf_atflags.c.o
 .debug_info    0x00000000000114ac     0x1434 _build/nrf52832_xxaa/nrf_atomic.c.o
 .debug_info    0x00000000000128e0      0xea4 _build/nrf52832_xxaa/nrf_balloc.c.o
 .debug_info    0x0000000000013784      0xb51 _build/nrf52832_xxaa/nrf_fprintf.c.o
 .debug_info    0x00000000000142d5     0x142c _build/nrf52832_xxaa/nrf_fprintf_format.c.o
 .debug_info    0x0000000000015701     0x1611 _build/nrf52832_xxaa/nrf_memobj.c.o
 .debug_info    0x0000000000016d12     0x1e1a _build/nrf52832_xxaa/nrf_pwr_mgmt.c.o
 .debug_info    0x0000000000018b2c      0xf99 _build/nrf52832_xxaa/nrf_ringbuf.c.o
 .debug_info    0x0000000000019ac5      0xac1 _build/nrf52832_xxaa/nrf_section_iter.c.o
 .debug_info    0x000000000001a586      0xb72 _build/nrf52832_xxaa/nrf_strerror.c.o
 .debug_info    0x000000000001b0f8     0x1277 _build/nrf52832_xxaa/system_nrf52.c.o
 .debug_info    0x000000000001c36f     0x171e _build/nrf52832_xxaa/boards.c.o
 .debug_info    0x000000000001da8d     0x207f _build/nrf52832_xxaa/nrf_drv_clock.c.o
 .debug_info    0x000000000001fb0c     0x1adb _build/nrf52832_xxaa/nrf_drv_uart.c.o
 .debug_info    0x00000000000215e7     0x1f4e _build/nrf52832_xxaa/nrfx_clock.c.o
 .debug_info    0x0000000000023535     0x4433 _build/nrf52832_xxaa/nrfx_gpiote.c.o
 .debug_info    0x0000000000027968     0x11ff _build/nrf52832_xxaa/nrfx_prs.c.o
 .debug_info    0x0000000000028b67     0x4197 _build/nrf52832_xxaa/nrfx_uart.c.o
 .debug_info    0x000000000002ccfe     0x3d61 _build/nrf52832_xxaa/nrfx_uarte.c.o
 .debug_info    0x0000000000030a5f     0x1e95 _build/nrf52832_xxaa/bsp.c.o
 .debug_info    0x00000000000328f4     0x28bc _build/nrf52832_xxaa/bsp_btn_ble.c.o
 .debug_info    0x00000000000351b0     0x4442 _build/nrf52832_xxaa/main.c.o
 .debug_info    0x00000000000395f2     0x28bd _build/nrf52832_xxaa/ble_advdata.c.o
 .debug_info    0x000000000003beaf     0x3783 _build/nrf52832_xxaa/ble_conn_state.c.o
 .debug_info    0x000000000003f632     0x3df9 _build/nrf52832_xxaa/ble_db_discovery.c.o
 .debug_info    0x000000000004342b     0x3422 _build/nrf52832_xxaa/nrf_ble_gatt.c.o
 .debug_info    0x000000000004684d     0x3be8 _build/nrf52832_xxaa/nrf_ble_scan.c.o
 .debug_info    0x000000000004a435     0x3157 _build/nrf52832_xxaa/ble_lbs_c.c.o
 .debug_info    0x000000000004d58c     0x2074 _build/nrf52832_xxaa/nrf_sdh.c.o
 .debug_info    0x000000000004f600     0x34b1 _build/nrf52832_xxaa/nrf_sdh_ble.c.o
 .debug_info    0x0000000000052ab1      0xf68 _build/nrf52832_xxaa/nrf_sdh_soc.c.o

.debug_abbrev   0x0000000000000000     0xa87a
 .debug_abbrev  0x0000000000000000       0x14 _build/nrf52832_xxaa/gcc_startup_nrf52.S.o
 .debug_abbrev  0x0000000000000014      0x2bd _build/nrf52832_xxaa/nrf_log_backend_serial.c.o
 .debug_abbrev  0x00000000000002d1      0x41d _build/nrf52832_xxaa/nrf_log_backend_uart.c.o
 .debug_abbrev  0x00000000000006ee      0x294 _build/nrf52832_xxaa/nrf_log_default_backends.c.o
 .debug_abbrev  0x0000000000000982      0x62d _build/nrf52832_xxaa/nrf_log_frontend.c.o
 .debug_abbrev  0x0000000000000faf      0x320 _build/nrf52832_xxaa/nrf_log_str_formatter.c.o
 .debug_abbrev  0x00000000000012cf      0x323 _build/nrf52832_xxaa/app_button.c.o
 .debug_abbrev  0x00000000000015f2      0x276 _build/nrf52832_xxaa/app_error.c.o
 .debug_abbrev  0x0000000000001868      0x2e9 _build/nrf52832_xxaa/app_error_weak.c.o
 .debug_abbrev  0x0000000000001b51      0x53a _build/nrf52832_xxaa/app_timer.c.o
 .debug_abbrev  0x000000000000208b      0x3e6 _build/nrf52832_xxaa/app_util_platform.c.o
 .debug_abbrev  0x0000000000002471      0x378 _build/nrf52832_xxaa/nrf_atflags.c.o
 .debug_abbrev  0x00000000000027e9      0x378 _build/nrf52832_xxaa/nrf_atomic.c.o
 .debug_abbrev  0x0000000000002b61      0x34d _build/nrf52832_xxaa/nrf_balloc.c.o
 .debug_abbrev  0x0000000000002eae      0x27d _build/nrf52832_xxaa/nrf_fprintf.c.o
 .debug_abbrev  0x000000000000312b      0x3b8 _build/nrf52832_xxaa/nrf_fprintf_format.c.o
 .debug_abbrev  0x00000000000034e3      0x39e _build/nrf52832_xxaa/nrf_memobj.c.o
 .debug_abbrev  0x0000000000003881      0x508 _build/nrf52832_xxaa/nrf_pwr_mgmt.c.o
 .debug_abbrev  0x0000000000003d89      0x2a1 _build/nrf52832_xxaa/nrf_ringbuf.c.o
 .debug_abbrev  0x000000000000402a      0x206 _build/nrf52832_xxaa/nrf_section_iter.c.o
 .debug_abbrev  0x0000000000004230      0x29c _build/nrf52832_xxaa/nrf_strerror.c.o
 .debug_abbrev  0x00000000000044cc      0x226 _build/nrf52832_xxaa/system_nrf52.c.o
 .debug_abbrev  0x00000000000046f2      0x403 _build/nrf52832_xxaa/boards.c.o
 .debug_abbrev  0x0000000000004af5      0x5e9 _build/nrf52832_xxaa/nrf_drv_clock.c.o
 .debug_abbrev  0x00000000000050de      0x2da _build/nrf52832_xxaa/nrf_drv_uart.c.o
 .debug_abbrev  0x00000000000053b8      0x51a _build/nrf52832_xxaa/nrfx_clock.c.o
 .debug_abbrev  0x00000000000058d2      0x5e3 _build/nrf52832_xxaa/nrfx_gpiote.c.o
 .debug_abbrev  0x0000000000005eb5      0x362 _build/nrf52832_xxaa/nrfx_prs.c.o
 .debug_abbrev  0x0000000000006217      0x585 _build/nrf52832_xxaa/nrfx_uart.c.o
 .debug_abbrev  0x000000000000679c      0x5a8 _build/nrf52832_xxaa/nrfx_uarte.c.o
 .debug_abbrev  0x0000000000006d44      0x51b _build/nrf52832_xxaa/bsp.c.o
 .debug_abbrev  0x000000000000725f      0x3cf _build/nrf52832_xxaa/bsp_btn_ble.c.o
 .debug_abbrev  0x000000000000762e      0x59d _build/nrf52832_xxaa/main.c.o
 .debug_abbrev  0x0000000000007bcb      0x4a4 _build/nrf52832_xxaa/ble_advdata.c.o
 .debug_abbrev  0x000000000000806f      0x5bb _build/nrf52832_xxaa/ble_conn_state.c.o
 .debug_abbrev  0x000000000000862a      0x625 _build/nrf52832_xxaa/ble_db_discovery.c.o
 .debug_abbrev  0x0000000000008c4f      0x4e3 _build/nrf52832_xxaa/nrf_ble_gatt.c.o
 .debug_abbrev  0x0000000000009132      0x52b _build/nrf52832_xxaa/nrf_ble_scan.c.o
 .debug_abbrev  0x000000000000965d      0x4e1 _build/nrf52832_xxaa/ble_lbs_c.c.o
 .debug_abbrev  0x0000000000009b3e      0x5a3 _build/nrf52832_xxaa/nrf_sdh.c.o
 .debug_abbrev  0x000000000000a0e1      0x4a8 _build/nrf52832_xxaa/nrf_sdh_ble.c.o
 .debug_abbrev  0x000000000000a589      0x2f1 _build/nrf52832_xxaa/nrf_sdh_soc.c.o

.debug_aranges  0x0000000000000000      0xe80
 .debug_aranges
                0x0000000000000000       0x20 _build/nrf52832_xxaa/gcc_startup_nrf52.S.o
 .debug_aranges
                0x0000000000000020       0x20 _build/nrf52832_xxaa/nrf_log_backend_serial.c.o
 .debug_aranges
                0x0000000000000040       0x48 _build/nrf52832_xxaa/nrf_log_backend_uart.c.o
 .debug_aranges
                0x0000000000000088       0x20 _build/nrf52832_xxaa/nrf_log_default_backends.c.o
 .debug_aranges
                0x00000000000000a8       0xb8 _build/nrf52832_xxaa/nrf_log_frontend.c.o
 .debug_aranges
                0x0000000000000160       0x38 _build/nrf52832_xxaa/nrf_log_str_formatter.c.o
 .debug_aranges
                0x0000000000000198       0x48 _build/nrf52832_xxaa/app_button.c.o
 .debug_aranges
                0x00000000000001e0       0x28 _build/nrf52832_xxaa/app_error.c.o
 .debug_aranges
                0x0000000000000208       0x20 _build/nrf52832_xxaa/app_error_weak.c.o
 .debug_aranges
                0x0000000000000228       0x70 _build/nrf52832_xxaa/app_timer.c.o
 .debug_aranges
                0x0000000000000298       0x48 _build/nrf52832_xxaa/app_util_platform.c.o
 .debug_aranges
                0x00000000000002e0       0x58 _build/nrf52832_xxaa/nrf_atflags.c.o
 .debug_aranges
                0x0000000000000338       0xb0 _build/nrf52832_xxaa/nrf_atomic.c.o
 .debug_aranges
                0x00000000000003e8       0x30 _build/nrf52832_xxaa/nrf_balloc.c.o
 .debug_aranges
                0x0000000000000418       0x28 _build/nrf52832_xxaa/nrf_fprintf.c.o
 .debug_aranges
                0x0000000000000440       0x28 _build/nrf52832_xxaa/nrf_fprintf_format.c.o
 .debug_aranges
                0x0000000000000468       0x50 _build/nrf52832_xxaa/nrf_memobj.c.o
 .debug_aranges
                0x00000000000004b8       0x48 _build/nrf52832_xxaa/nrf_pwr_mgmt.c.o
 .debug_aranges
                0x0000000000000500       0x50 _build/nrf52832_xxaa/nrf_ringbuf.c.o
 .debug_aranges
                0x0000000000000550       0x28 _build/nrf52832_xxaa/nrf_section_iter.c.o
 .debug_aranges
                0x0000000000000578       0x28 _build/nrf52832_xxaa/nrf_strerror.c.o
 .debug_aranges
                0x00000000000005a0       0x28 _build/nrf52832_xxaa/system_nrf52.c.o
 .debug_aranges
                0x00000000000005c8       0x78 _build/nrf52832_xxaa/boards.c.o
 .debug_aranges
                0x0000000000000640       0xa8 _build/nrf52832_xxaa/nrf_drv_clock.c.o
 .debug_aranges
                0x00000000000006e8       0x30 _build/nrf52832_xxaa/nrf_drv_uart.c.o
 .debug_aranges
                0x0000000000000718       0x78 _build/nrf52832_xxaa/nrfx_clock.c.o
 .debug_aranges
                0x0000000000000790       0xd8 _build/nrf52832_xxaa/nrfx_gpiote.c.o
 .debug_aranges
                0x0000000000000868       0x30 _build/nrf52832_xxaa/nrfx_prs.c.o
 .debug_aranges
                0x0000000000000898       0x78 _build/nrf52832_xxaa/nrfx_uart.c.o
 .debug_aranges
                0x0000000000000910       0x68 _build/nrf52832_xxaa/nrfx_uarte.c.o
 .debug_aranges
                0x0000000000000978       0x80 _build/nrf52832_xxaa/bsp.c.o
 .debug_aranges
                0x00000000000009f8       0x30 _build/nrf52832_xxaa/bsp_btn_ble.c.o
 .debug_aranges
                0x0000000000000a28       0x68 _build/nrf52832_xxaa/main.c.o
 .debug_aranges
                0x0000000000000a90       0x78 _build/nrf52832_xxaa/ble_advdata.c.o
 .debug_aranges
                0x0000000000000b08       0xc0 _build/nrf52832_xxaa/ble_conn_state.c.o
 .debug_aranges
                0x0000000000000bc8       0x70 _build/nrf52832_xxaa/ble_db_discovery.c.o
 .debug_aranges
                0x0000000000000c38       0x70 _build/nrf52832_xxaa/nrf_ble_gatt.c.o
 .debug_aranges
                0x0000000000000ca8       0x90 _build/nrf52832_xxaa/nrf_ble_scan.c.o
 .debug_aranges
                0x0000000000000d38       0x60 _build/nrf52832_xxaa/ble_lbs_c.c.o
 .debug_aranges
                0x0000000000000d98       0x70 _build/nrf52832_xxaa/nrf_sdh.c.o
 .debug_aranges
                0x0000000000000e08       0x50 _build/nrf52832_xxaa/nrf_sdh_ble.c.o
 .debug_aranges
                0x0000000000000e58       0x28 _build/nrf52832_xxaa/nrf_sdh_soc.c.o

.debug_str      0x0000000000000000    0x95e6f
 .debug_str     0x0000000000000000       0xc7 _build/nrf52832_xxaa/gcc_startup_nrf52.S.o
 .debug_str     0x00000000000000c7    0x73886 _build/nrf52832_xxaa/nrf_log_backend_serial.c.o
                                      0x75a0e (size before relaxing)
 .debug_str     0x000000000007394d     0x81fd _build/nrf52832_xxaa/nrf_log_backend_uart.c.o
                                      0x7d6f6 (size before relaxing)
 .debug_str     0x000000000007bb4a      0x11c _build/nrf52832_xxaa/nrf_log_default_backends.c.o
                                      0x757c5 (size before relaxing)
 .debug_str     0x000000000007bc66     0x136b _build/nrf52832_xxaa/nrf_log_frontend.c.o
                                      0x76c7c (size before relaxing)
 .debug_str     0x000000000007cfd1      0x68b _build/nrf52832_xxaa/nrf_log_str_formatter.c.o
                                      0x75f15 (size before relaxing)
 .debug_str     0x000000000007d65c     0x1638 _build/nrf52832_xxaa/app_button.c.o
                                      0x7a683 (size before relaxing)
 .debug_str     0x000000000007ec94       0xf4 _build/nrf52832_xxaa/app_error.c.o
                                      0x60af8 (size before relaxing)
 .debug_str     0x000000000007ed88      0xa52 _build/nrf52832_xxaa/app_error_weak.c.o
                                      0x76807 (size before relaxing)
 .debug_str     0x000000000007f7da      0xb2f _build/nrf52832_xxaa/app_timer.c.o
                                      0x7a047 (size before relaxing)
 .debug_str     0x0000000000080309      0x24e _build/nrf52832_xxaa/app_util_platform.c.o
                                      0x6200c (size before relaxing)
 .debug_str     0x0000000000080557      0x3c4 _build/nrf52832_xxaa/nrf_atflags.c.o
                                      0x708aa (size before relaxing)
 .debug_str     0x000000000008091b      0x65b _build/nrf52832_xxaa/nrf_atomic.c.o
                                      0x70c05 (size before relaxing)
 .debug_str     0x0000000000080f76      0x164 _build/nrf52832_xxaa/nrf_balloc.c.o
                                      0x757c7 (size before relaxing)
 .debug_str     0x00000000000810da      0x144 _build/nrf52832_xxaa/nrf_fprintf.c.o
                                      0x7085e (size before relaxing)